{"timestamp":"2026-05-06T04:42:18.015688Z","level":"info","event":"DAG bundles loaded: dags-folder, example_dags","logger":"airflow.dag_processing.bundles.manager.DagBundlesManager","filename":"manager.py","lineno":209}
{"timestamp":"2026-05-06T04:42:18.016230Z","level":"info","event":"Filling up the DagBag from /opt/airflow/dags/market_data_pipeline.py","logger":"airflow.dag_processing.dagbag.BundleDagBag","filename":"dagbag.py","lineno":469}
{"timestamp":"2026-05-06T04:42:18.024330Z","level":"warning","event":"The `airflow.operators.trigger_dagrun.TriggerDagRunOperator` attribute is deprecated. Please use `'airflow.providers.standard.operators.trigger_dagrun.TriggerDagRunOperator'`.","category":"UserWarning","filename":"/opt/airflow/dags/market_data_pipeline.py","lineno":5,"logger":"py.warnings"}
{"timestamp":"2026-05-06T04:42:18.039274Z","level":"info","event":"Task instance is in running state","logger":"task.stdout"}
{"timestamp":"2026-05-06T04:42:18.039365Z","level":"info","event":" Previous state of the Task instance: TaskInstanceState.QUEUED","logger":"task.stdout"}
{"timestamp":"2026-05-06T04:42:18.039459Z","level":"info","event":"Current task name:market_data_docs","logger":"task.stdout"}
{"timestamp":"2026-05-06T04:42:18.039496Z","level":"info","event":"Dag name:market_data_generate_docs","logger":"task.stdout"}
{"timestamp":"2026-05-06T04:42:18.039835Z","level":"info","event":"Tmp dir root location: /tmp","logger":"airflow.task.hooks.airflow.providers.standard.hooks.subprocess.SubprocessHook","filename":"subprocess.py","lineno":78}
{"timestamp":"2026-05-06T04:42:18.040686Z","level":"info","event":"Running command: ['/usr/bin/bash', '-c', 'cd /opt/dbt/dbt_databases && dbt docs generate --profiles-dir /opt/dbt/dbt_databases']","logger":"airflow.task.hooks.airflow.providers.standard.hooks.subprocess.SubprocessHook","filename":"subprocess.py","lineno":80}
{"timestamp":"2026-05-06T04:42:18.041246Z","level":"info","event":"Output:","logger":"airflow.task.hooks.airflow.providers.standard.hooks.subprocess.SubprocessHook","filename":"subprocess.py","lineno":92}
{"timestamp":"2026-05-06T04:42:19.188122Z","level":"info","event":"\u001b[0m04:42:19  Running with dbt=1.11.8","logger":"airflow.task.hooks.airflow.providers.standard.hooks.subprocess.SubprocessHook","filename":"subprocess.py","lineno":99}
{"timestamp":"2026-05-06T04:42:19.358071Z","level":"info","event":"\u001b[0m04:42:19  Registered adapter: postgres=1.10.0","logger":"airflow.task.hooks.airflow.providers.standard.hooks.subprocess.SubprocessHook","filename":"subprocess.py","lineno":99}
{"timestamp":"2026-05-06T04:42:19.603453Z","level":"info","event":"\u001b[0m04:42:19  Found 12 models, 17 data tests, 2 sources, 581 macros","logger":"airflow.task.hooks.airflow.providers.standard.hooks.subprocess.SubprocessHook","filename":"subprocess.py","lineno":99}
{"timestamp":"2026-05-06T04:42:19.605264Z","level":"info","event":"\u001b[0m04:42:19","logger":"airflow.task.hooks.airflow.providers.standard.hooks.subprocess.SubprocessHook","filename":"subprocess.py","lineno":99}
{"timestamp":"2026-05-06T04:42:19.605466Z","level":"info","event":"\u001b[0m04:42:19  Concurrency: 1 threads (target='dev')","logger":"airflow.task.hooks.airflow.providers.standard.hooks.subprocess.SubprocessHook","filename":"subprocess.py","lineno":99}
{"timestamp":"2026-05-06T04:42:19.605647Z","level":"info","event":"\u001b[0m04:42:19","logger":"airflow.task.hooks.airflow.providers.standard.hooks.subprocess.SubprocessHook","filename":"subprocess.py","lineno":99}
{"timestamp":"2026-05-06T04:42:19.859856Z","level":"info","event":"\u001b[0m04:42:19  Building catalog","logger":"airflow.task.hooks.airflow.providers.standard.hooks.subprocess.SubprocessHook","filename":"subprocess.py","lineno":99}
{"timestamp":"2026-05-06T04:42:19.917377Z","level":"info","event":"\u001b[0m04:42:19  Catalog written to /opt/dbt/dbt_databases/target/catalog.json","logger":"airflow.task.hooks.airflow.providers.standard.hooks.subprocess.SubprocessHook","filename":"subprocess.py","lineno":99}
{"timestamp":"2026-05-06T04:42:20.262825Z","level":"info","event":"Command exited with return code 0","logger":"airflow.task.hooks.airflow.providers.standard.hooks.subprocess.SubprocessHook","filename":"subprocess.py","lineno":103}
{"timestamp":"2026-05-06T04:42:20.263278Z","level":"info","event":"Pushing xcom","ti":"RuntimeTaskInstance(id=UUID('019dfb98-05ae-7448-aa4e-aed44cb8a793'), task_id='market_data_docs', dag_id='market_data_generate_docs', run_id='manual__2026-05-06T04:42:17.288902+00:00', try_number=1, dag_version_id=UUID('019defbc-e254-75e3-a607-468ae05600d6'), map_index=-1, hostname='2b3e943bd1f4', context_carrier={'traceparent': '00-d659c50a8f03e1f8fdc16977bd26aa3f-2d81db6856f6c548-01'}, task=<Task(BashOperator): market_data_docs>, bundle_instance=LocalDagBundle(name=dags-folder), max_tries=0, start_date=datetime.datetime(2026, 5, 6, 4, 42, 17, 760424, tzinfo=datetime.timezone.utc), end_date=None, state=<TaskInstanceState.RUNNING: 'running'>, is_mapped=False, rendered_map_index=None, sentry_integration='')","logger":"task","filename":"task_runner.py","lineno":1724}
{"timestamp":"2026-05-06T04:42:20.288161Z","level":"info","event":"Task instance in success state","logger":"task.stdout"}
{"timestamp":"2026-05-06T04:42:20.288253Z","level":"info","event":" Previous state of the Task instance: TaskInstanceState.RUNNING","logger":"task.stdout"}
{"timestamp":"2026-05-06T04:42:20.288366Z","level":"info","event":"Task operator:<Task(BashOperator): market_data_docs>","logger":"task.stdout"}
