{"timestamp":"2026-04-24T21:36:07.406568Z","level":"info","event":"DAG bundles loaded: dags-folder, example_dags","logger":"airflow.dag_processing.bundles.manager.DagBundlesManager","filename":"manager.py","lineno":209}
{"timestamp":"2026-04-24T21:36:07.407207Z","level":"info","event":"Filling up the DagBag from /opt/airflow/dags/dag.py","logger":"airflow.dag_processing.dagbag.BundleDagBag","filename":"dagbag.py","lineno":469}
{"timestamp":"2026-04-24T21:36:07.446387Z","level":"info","event":"Task instance is in running state","logger":"task.stdout"}
{"timestamp":"2026-04-24T21:36:07.446484Z","level":"info","event":" Previous state of the Task instance: TaskInstanceState.QUEUED","logger":"task.stdout"}
{"timestamp":"2026-04-24T21:36:07.446568Z","level":"info","event":"Current task name:load_market_data","logger":"task.stdout"}
{"timestamp":"2026-04-24T21:36:07.446609Z","level":"info","event":"Dag name:market_data_pipeline","logger":"task.stdout"}
{"timestamp":"2026-04-24T21:36:07.446882Z","level":"info","event":"Tmp dir root location: /tmp","logger":"airflow.task.hooks.airflow.providers.standard.hooks.subprocess.SubprocessHook","filename":"subprocess.py","lineno":78}
{"timestamp":"2026-04-24T21:36:07.447747Z","level":"info","event":"Running command: ['/usr/bin/bash', '-c', 'python /opt/airflow/scripts/update_market_data.py']","logger":"airflow.task.hooks.airflow.providers.standard.hooks.subprocess.SubprocessHook","filename":"subprocess.py","lineno":80}
{"timestamp":"2026-04-24T21:36:07.448247Z","level":"info","event":"Output:","logger":"airflow.task.hooks.airflow.providers.standard.hooks.subprocess.SubprocessHook","filename":"subprocess.py","lineno":92}
{"timestamp":"2026-04-24T21:36:07.690609Z","level":"info","event":"('AAPL', datetime.date(2026, 2, 9), datetime.date(2026, 2, 12), 0.26)","logger":"airflow.task.hooks.airflow.providers.standard.hooks.subprocess.SubprocessHook","filename":"subprocess.py","lineno":99}
{"timestamp":"2026-04-24T21:36:07.690750Z","level":"info","event":"('AAPL', datetime.date(2025, 11, 10), datetime.date(2025, 11, 13), 0.26)","logger":"airflow.task.hooks.airflow.providers.standard.hooks.subprocess.SubprocessHook","filename":"subprocess.py","lineno":99}
{"timestamp":"2026-04-24T21:36:07.690794Z","level":"info","event":"('AAPL', datetime.date(2025, 8, 11), datetime.date(2025, 8, 14), 0.26)","logger":"airflow.task.hooks.airflow.providers.standard.hooks.subprocess.SubprocessHook","filename":"subprocess.py","lineno":99}
{"timestamp":"2026-04-24T21:36:07.690820Z","level":"info","event":"('AAPL', datetime.date(2025, 5, 12), datetime.date(2025, 5, 15), 0.26)","logger":"airflow.task.hooks.airflow.providers.standard.hooks.subprocess.SubprocessHook","filename":"subprocess.py","lineno":99}
{"timestamp":"2026-04-24T21:36:07.690843Z","level":"info","event":"('AAPL', datetime.date(2025, 2, 10), datetime.date(2025, 2, 13), 0.25)","logger":"airflow.task.hooks.airflow.providers.standard.hooks.subprocess.SubprocessHook","filename":"subprocess.py","lineno":99}
{"timestamp":"2026-04-24T21:36:07.690859Z","level":"info","event":"('AAPL', datetime.date(2024, 11, 8), datetime.date(2024, 11, 14), 0.25)","logger":"airflow.task.hooks.airflow.providers.standard.hooks.subprocess.SubprocessHook","filename":"subprocess.py","lineno":99}
{"timestamp":"2026-04-24T21:36:07.690875Z","level":"info","event":"('AAPL', datetime.date(2024, 8, 12), datetime.date(2024, 8, 15), 0.25)","logger":"airflow.task.hooks.airflow.providers.standard.hooks.subprocess.SubprocessHook","filename":"subprocess.py","lineno":99}
{"timestamp":"2026-04-24T21:36:07.690890Z","level":"info","event":"('AAPL', datetime.date(2024, 5, 10), datetime.date(2024, 5, 16), 0.25)","logger":"airflow.task.hooks.airflow.providers.standard.hooks.subprocess.SubprocessHook","filename":"subprocess.py","lineno":99}
{"timestamp":"2026-04-24T21:36:07.690904Z","level":"info","event":"('AAPL', datetime.date(2024, 2, 9), datetime.date(2024, 2, 15), 0.24)","logger":"airflow.task.hooks.airflow.providers.standard.hooks.subprocess.SubprocessHook","filename":"subprocess.py","lineno":99}
{"timestamp":"2026-04-24T21:36:07.690918Z","level":"info","event":"('AAPL', datetime.date(2023, 11, 10), datetime.date(2023, 11, 16), 0.24)","logger":"airflow.task.hooks.airflow.providers.standard.hooks.subprocess.SubprocessHook","filename":"subprocess.py","lineno":99}
{"timestamp":"2026-04-24T21:36:07.690932Z","level":"info","event":"('AAPL', datetime.date(2023, 8, 11), None, 0.24)","logger":"airflow.task.hooks.airflow.providers.standard.hooks.subprocess.SubprocessHook","filename":"subprocess.py","lineno":99}
{"timestamp":"2026-04-24T21:36:07.690947Z","level":"info","event":"('AAPL', datetime.date(2023, 5, 12), datetime.date(2023, 5, 18), 0.24)","logger":"airflow.task.hooks.airflow.providers.standard.hooks.subprocess.SubprocessHook","filename":"subprocess.py","lineno":99}
{"timestamp":"2026-04-24T21:36:07.690961Z","level":"info","event":"('AAPL', datetime.date(2023, 2, 10), datetime.date(2023, 2, 16), 0.23)","logger":"airflow.task.hooks.airflow.providers.standard.hooks.subprocess.SubprocessHook","filename":"subprocess.py","lineno":99}
{"timestamp":"2026-04-24T21:36:07.690975Z","level":"info","event":"('AAPL', datetime.date(2022, 12, 23), datetime.date(2023, 1, 9), 0.0)","logger":"airflow.task.hooks.airflow.providers.standard.hooks.subprocess.SubprocessHook","filename":"subprocess.py","lineno":99}
{"timestamp":"2026-04-24T21:36:07.690989Z","level":"info","event":"('AAPL', datetime.date(2022, 11, 4), datetime.date(2022, 11, 10), 0.23)","logger":"airflow.task.hooks.airflow.providers.standard.hooks.subprocess.SubprocessHook","filename":"subprocess.py","lineno":99}
{"timestamp":"2026-04-24T21:36:07.691002Z","level":"info","event":"('AAPL', datetime.date(2022, 8, 5), datetime.date(2022, 8, 11), 0.23)","logger":"airflow.task.hooks.airflow.providers.standard.hooks.subprocess.SubprocessHook","filename":"subprocess.py","lineno":99}
{"timestamp":"2026-04-24T21:36:07.691016Z","level":"info","event":"('AAPL', datetime.date(2022, 5, 6), datetime.date(2022, 5, 12), 0.23)","logger":"airflow.task.hooks.airflow.providers.standard.hooks.subprocess.SubprocessHook","filename":"subprocess.py","lineno":99}
{"timestamp":"2026-04-24T21:36:07.691029Z","level":"info","event":"('AAPL', datetime.date(2022, 2, 4), datetime.date(2022, 2, 10), 0.22)","logger":"airflow.task.hooks.airflow.providers.standard.hooks.subprocess.SubprocessHook","filename":"subprocess.py","lineno":99}
{"timestamp":"2026-04-24T21:36:07.691043Z","level":"info","event":"('AAPL', datetime.date(2021, 11, 5), datetime.date(2021, 11, 11), 0.22)","logger":"airflow.task.hooks.airflow.providers.standard.hooks.subprocess.SubprocessHook","filename":"subprocess.py","lineno":99}
{"timestamp":"2026-04-24T21:36:07.691057Z","level":"info","event":"('AAPL', datetime.date(2021, 8, 6), None, 0.22)","logger":"airflow.task.hooks.airflow.providers.standard.hooks.subprocess.SubprocessHook","filename":"subprocess.py","lineno":99}
{"timestamp":"2026-04-24T21:36:07.691070Z","level":"info","event":"('AAPL', datetime.date(2021, 5, 7), datetime.date(2021, 5, 13), 0.22)","logger":"airflow.task.hooks.airflow.providers.standard.hooks.subprocess.SubprocessHook","filename":"subprocess.py","lineno":99}
{"timestamp":"2026-04-24T21:36:07.691084Z","level":"info","event":"('AAPL', datetime.date(2021, 2, 5), datetime.date(2021, 2, 11), 0.205)","logger":"airflow.task.hooks.airflow.providers.standard.hooks.subprocess.SubprocessHook","filename":"subprocess.py","lineno":99}
{"timestamp":"2026-04-24T21:36:07.691097Z","level":"info","event":"('AAPL', datetime.date(2020, 11, 6), None, 0.205)","logger":"airflow.task.hooks.airflow.providers.standard.hooks.subprocess.SubprocessHook","filename":"subprocess.py","lineno":99}
{"timestamp":"2026-04-24T21:36:07.691112Z","level":"info","event":"('AAPL', datetime.date(2020, 8, 7), datetime.date(2020, 8, 13), 0.82)","logger":"airflow.task.hooks.airflow.providers.standard.hooks.subprocess.SubprocessHook","filename":"subprocess.py","lineno":99}
{"timestamp":"2026-04-24T21:36:07.691126Z","level":"info","event":"('AAPL', datetime.date(2020, 5, 8), None, 0.82)","logger":"airflow.task.hooks.airflow.providers.standard.hooks.subprocess.SubprocessHook","filename":"subprocess.py","lineno":99}
{"timestamp":"2026-04-24T21:36:07.691139Z","level":"info","event":"('AAPL', datetime.date(2020, 2, 7), None, 0.77)","logger":"airflow.task.hooks.airflow.providers.standard.hooks.subprocess.SubprocessHook","filename":"subprocess.py","lineno":99}
{"timestamp":"2026-04-24T21:36:07.691152Z","level":"info","event":"('AAPL', datetime.date(2019, 11, 7), None, 0.77)","logger":"airflow.task.hooks.airflow.providers.standard.hooks.subprocess.SubprocessHook","filename":"subprocess.py","lineno":99}
{"timestamp":"2026-04-24T21:36:07.691166Z","level":"info","event":"('AAPL', datetime.date(2019, 8, 9), None, 0.77)","logger":"airflow.task.hooks.airflow.providers.standard.hooks.subprocess.SubprocessHook","filename":"subprocess.py","lineno":99}
{"timestamp":"2026-04-24T21:36:07.691179Z","level":"info","event":"('AAPL', datetime.date(2019, 5, 10), None, 0.77)","logger":"airflow.task.hooks.airflow.providers.standard.hooks.subprocess.SubprocessHook","filename":"subprocess.py","lineno":99}
{"timestamp":"2026-04-24T21:36:07.691194Z","level":"info","event":"('AAPL', datetime.date(2019, 2, 8), None, 0.73)","logger":"airflow.task.hooks.airflow.providers.standard.hooks.subprocess.SubprocessHook","filename":"subprocess.py","lineno":99}
{"timestamp":"2026-04-24T21:36:07.691208Z","level":"info","event":"('AAPL', datetime.date(2018, 11, 8), None, 0.73)","logger":"airflow.task.hooks.airflow.providers.standard.hooks.subprocess.SubprocessHook","filename":"subprocess.py","lineno":99}
{"timestamp":"2026-04-24T21:36:07.691225Z","level":"info","event":"('AAPL', datetime.date(2018, 8, 10), None, 0.73)","logger":"airflow.task.hooks.airflow.providers.standard.hooks.subprocess.SubprocessHook","filename":"subprocess.py","lineno":99}
{"timestamp":"2026-04-24T21:36:07.691238Z","level":"info","event":"('AAPL', datetime.date(2018, 5, 11), None, 0.73)","logger":"airflow.task.hooks.airflow.providers.standard.hooks.subprocess.SubprocessHook","filename":"subprocess.py","lineno":99}
{"timestamp":"2026-04-24T21:36:07.691251Z","level":"info","event":"('AAPL', datetime.date(2018, 2, 9), None, 0.63)","logger":"airflow.task.hooks.airflow.providers.standard.hooks.subprocess.SubprocessHook","filename":"subprocess.py","lineno":99}
{"timestamp":"2026-04-24T21:36:07.691264Z","level":"info","event":"('AAPL', datetime.date(2017, 11, 10), None, 0.63)","logger":"airflow.task.hooks.airflow.providers.standard.hooks.subprocess.SubprocessHook","filename":"subprocess.py","lineno":99}
{"timestamp":"2026-04-24T21:36:07.691278Z","level":"info","event":"('AAPL', datetime.date(2017, 8, 10), None, 0.63)","logger":"airflow.task.hooks.airflow.providers.standard.hooks.subprocess.SubprocessHook","filename":"subprocess.py","lineno":99}
{"timestamp":"2026-04-24T21:36:07.691297Z","level":"info","event":"('AAPL', datetime.date(2017, 5, 11), None, 0.63)","logger":"airflow.task.hooks.airflow.providers.standard.hooks.subprocess.SubprocessHook","filename":"subprocess.py","lineno":99}
{"timestamp":"2026-04-24T21:36:07.691311Z","level":"info","event":"('AAPL', datetime.date(2017, 2, 9), None, 0.57)","logger":"airflow.task.hooks.airflow.providers.standard.hooks.subprocess.SubprocessHook","filename":"subprocess.py","lineno":99}
{"timestamp":"2026-04-24T21:36:07.691325Z","level":"info","event":"('AAPL', datetime.date(2016, 11, 3), None, 0.57)","logger":"airflow.task.hooks.airflow.providers.standard.hooks.subprocess.SubprocessHook","filename":"subprocess.py","lineno":99}
{"timestamp":"2026-04-24T21:36:07.691338Z","level":"info","event":"('AAPL', datetime.date(2016, 8, 4), None, 0.57)","logger":"airflow.task.hooks.airflow.providers.standard.hooks.subprocess.SubprocessHook","filename":"subprocess.py","lineno":99}
{"timestamp":"2026-04-24T21:36:07.691351Z","level":"info","event":"('AAPL', datetime.date(2016, 5, 5), None, 0.57)","logger":"airflow.task.hooks.airflow.providers.standard.hooks.subprocess.SubprocessHook","filename":"subprocess.py","lineno":99}
{"timestamp":"2026-04-24T21:36:07.691364Z","level":"info","event":"('AAPL', datetime.date(2016, 2, 4), None, 0.52)","logger":"airflow.task.hooks.airflow.providers.standard.hooks.subprocess.SubprocessHook","filename":"subprocess.py","lineno":99}
{"timestamp":"2026-04-24T21:36:07.691377Z","level":"info","event":"('AAPL', datetime.date(2015, 11, 5), None, 0.52)","logger":"airflow.task.hooks.airflow.providers.standard.hooks.subprocess.SubprocessHook","filename":"subprocess.py","lineno":99}
{"timestamp":"2026-04-24T21:36:07.691391Z","level":"info","event":"('AAPL', datetime.date(2015, 8, 6), None, 0.52)","logger":"airflow.task.hooks.airflow.providers.standard.hooks.subprocess.SubprocessHook","filename":"subprocess.py","lineno":99}
{"timestamp":"2026-04-24T21:36:07.691405Z","level":"info","event":"('AAPL', datetime.date(2015, 5, 7), None, 0.52)","logger":"airflow.task.hooks.airflow.providers.standard.hooks.subprocess.SubprocessHook","filename":"subprocess.py","lineno":99}
{"timestamp":"2026-04-24T21:36:07.691418Z","level":"info","event":"('AAPL', datetime.date(2015, 2, 5), None, 0.47)","logger":"airflow.task.hooks.airflow.providers.standard.hooks.subprocess.SubprocessHook","filename":"subprocess.py","lineno":99}
{"timestamp":"2026-04-24T21:36:07.691432Z","level":"info","event":"('AAPL', datetime.date(2014, 11, 6), None, 0.47)","logger":"airflow.task.hooks.airflow.providers.standard.hooks.subprocess.SubprocessHook","filename":"subprocess.py","lineno":99}
{"timestamp":"2026-04-24T21:36:07.691445Z","level":"info","event":"('AAPL', datetime.date(2014, 8, 7), None, 0.47)","logger":"airflow.task.hooks.airflow.providers.standard.hooks.subprocess.SubprocessHook","filename":"subprocess.py","lineno":99}
{"timestamp":"2026-04-24T21:36:07.691459Z","level":"info","event":"('AAPL', datetime.date(2014, 5, 8), None, 3.29)","logger":"airflow.task.hooks.airflow.providers.standard.hooks.subprocess.SubprocessHook","filename":"subprocess.py","lineno":99}
{"timestamp":"2026-04-24T21:36:07.691472Z","level":"info","event":"('AAPL', datetime.date(2014, 2, 6), None, 3.05)","logger":"airflow.task.hooks.airflow.providers.standard.hooks.subprocess.SubprocessHook","filename":"subprocess.py","lineno":99}
{"timestamp":"2026-04-24T21:36:07.691486Z","level":"info","event":"('AAPL', datetime.date(2013, 11, 6), None, 3.05)","logger":"airflow.task.hooks.airflow.providers.standard.hooks.subprocess.SubprocessHook","filename":"subprocess.py","lineno":99}
{"timestamp":"2026-04-24T21:36:07.691499Z","level":"info","event":"('AAPL', datetime.date(2013, 8, 8), None, 3.05)","logger":"airflow.task.hooks.airflow.providers.standard.hooks.subprocess.SubprocessHook","filename":"subprocess.py","lineno":99}
{"timestamp":"2026-04-24T21:36:07.691512Z","level":"info","event":"('AAPL', datetime.date(2013, 5, 9), None, 3.05)","logger":"airflow.task.hooks.airflow.providers.standard.hooks.subprocess.SubprocessHook","filename":"subprocess.py","lineno":99}
{"timestamp":"2026-04-24T21:36:07.691525Z","level":"info","event":"('AAPL', datetime.date(2013, 2, 7), None, 2.65)","logger":"airflow.task.hooks.airflow.providers.standard.hooks.subprocess.SubprocessHook","filename":"subprocess.py","lineno":99}
{"timestamp":"2026-04-24T21:36:07.691539Z","level":"info","event":"('AAPL', datetime.date(2012, 11, 7), None, 2.65)","logger":"airflow.task.hooks.airflow.providers.standard.hooks.subprocess.SubprocessHook","filename":"subprocess.py","lineno":99}
{"timestamp":"2026-04-24T21:36:07.691552Z","level":"info","event":"('AAPL', datetime.date(2012, 8, 9), None, 2.65)","logger":"airflow.task.hooks.airflow.providers.standard.hooks.subprocess.SubprocessHook","filename":"subprocess.py","lineno":99}
{"timestamp":"2026-04-24T21:36:07.691568Z","level":"info","event":"Traceback (most recent call last):","logger":"airflow.task.hooks.airflow.providers.standard.hooks.subprocess.SubprocessHook","filename":"subprocess.py","lineno":99}
{"timestamp":"2026-04-24T21:36:07.691582Z","level":"info","event":"  File \"/opt/airflow/scripts/update_market_data.py\", line 116, in <module>","logger":"airflow.task.hooks.airflow.providers.standard.hooks.subprocess.SubprocessHook","filename":"subprocess.py","lineno":99}
{"timestamp":"2026-04-24T21:36:07.691596Z","level":"info","event":"    get_market_data(tickers)","logger":"airflow.task.hooks.airflow.providers.standard.hooks.subprocess.SubprocessHook","filename":"subprocess.py","lineno":99}
{"timestamp":"2026-04-24T21:36:07.691609Z","level":"info","event":"    ~~~~~~~~~~~~~~~^^^^^^^^^","logger":"airflow.task.hooks.airflow.providers.standard.hooks.subprocess.SubprocessHook","filename":"subprocess.py","lineno":99}
{"timestamp":"2026-04-24T21:36:07.691622Z","level":"info","event":"  File \"/opt/airflow/scripts/update_market_data.py\", line 104, in get_market_data","logger":"airflow.task.hooks.airflow.providers.standard.hooks.subprocess.SubprocessHook","filename":"subprocess.py","lineno":99}
{"timestamp":"2026-04-24T21:36:07.691636Z","level":"info","event":"    if ex_dividend_date > recent_date:","logger":"airflow.task.hooks.airflow.providers.standard.hooks.subprocess.SubprocessHook","filename":"subprocess.py","lineno":99}
{"timestamp":"2026-04-24T21:36:07.691649Z","level":"info","event":"       ^^^^^^^^^^^^^^^^^^^^^^^^^^^^^^","logger":"airflow.task.hooks.airflow.providers.standard.hooks.subprocess.SubprocessHook","filename":"subprocess.py","lineno":99}
{"timestamp":"2026-04-24T21:36:07.691665Z","level":"info","event":"TypeError: '>' not supported between instances of 'datetime.date' and 'tuple'","logger":"airflow.task.hooks.airflow.providers.standard.hooks.subprocess.SubprocessHook","filename":"subprocess.py","lineno":99}
{"timestamp":"2026-04-24T21:36:07.716993Z","level":"info","event":"Command exited with return code 1","logger":"airflow.task.hooks.airflow.providers.standard.hooks.subprocess.SubprocessHook","filename":"subprocess.py","lineno":103}
{"timestamp":"2026-04-24T21:36:07.717822Z","level":"error","event":"Task failed with exception","logger":"task","filename":"task_runner.py","lineno":1325,"error_detail":[{"exc_type":"AirflowException","exc_value":"Bash command failed. The command returned a non-zero exit code 1.","exc_notes":[],"syntax_error":null,"is_cause":false,"frames":[{"filename":"/home/airflow/.local/lib/python3.13/site-packages/airflow/sdk/execution_time/task_runner.py","lineno":1263,"name":"run"},{"filename":"/home/airflow/.local/lib/python3.13/site-packages/airflow/sdk/execution_time/task_runner.py","lineno":1678,"name":"_execute_task"},{"filename":"/home/airflow/.local/lib/python3.13/site-packages/airflow/sdk/bases/operator.py","lineno":443,"name":"wrapper"},{"filename":"/home/airflow/.local/lib/python3.13/site-packages/airflow/providers/standard/operators/bash.py","lineno":226,"name":"execute"}],"is_group":false,"exceptions":[]}]}
{"timestamp":"2026-04-24T21:36:07.718412Z","level":"info","event":"Task instance in failure state","logger":"task.stdout"}
{"timestamp":"2026-04-24T21:36:07.718598Z","level":"info","event":"Task start","logger":"task.stdout"}
{"timestamp":"2026-04-24T21:36:07.718665Z","level":"info","event":"Task:<Task(BashOperator): load_market_data>","logger":"task.stdout"}
{"timestamp":"2026-04-24T21:36:07.718693Z","level":"info","event":"Failure caused by Bash command failed. The command returned a non-zero exit code 1.","logger":"task.stdout"}
