{"timestamp":"2026-05-03T19:30:57.184621Z","level":"info","event":"DAG bundles loaded: dags-folder, example_dags","logger":"airflow.dag_processing.bundles.manager.DagBundlesManager","filename":"manager.py","lineno":209}
{"timestamp":"2026-05-03T19:30:57.185115Z","level":"info","event":"Filling up the DagBag from /opt/airflow/dags/market_data_pipeline.py","logger":"airflow.dag_processing.dagbag.BundleDagBag","filename":"dagbag.py","lineno":469}
{"timestamp":"2026-05-03T19:30:57.203057Z","level":"info","event":"Task instance is in running state","logger":"task.stdout"}
{"timestamp":"2026-05-03T19:30:57.203135Z","level":"info","event":" Previous state of the Task instance: TaskInstanceState.QUEUED","logger":"task.stdout"}
{"timestamp":"2026-05-03T19:30:57.203196Z","level":"info","event":"Current task name:transform_market_data","logger":"task.stdout"}
{"timestamp":"2026-05-03T19:30:57.203224Z","level":"info","event":"Dag name:download_deps","logger":"task.stdout"}
{"timestamp":"2026-05-03T19:30:57.203563Z","level":"info","event":"Tmp dir root location: /tmp","logger":"airflow.task.hooks.airflow.providers.standard.hooks.subprocess.SubprocessHook","filename":"subprocess.py","lineno":78}
{"timestamp":"2026-05-03T19:30:57.204937Z","level":"info","event":"Running command: ['/usr/bin/bash', '-c', 'cd /opt/dbt/dbt_databases && dbt clean && dbt deps --profiles-dir /opt/dbt/dbt_databases']","logger":"airflow.task.hooks.airflow.providers.standard.hooks.subprocess.SubprocessHook","filename":"subprocess.py","lineno":80}
{"timestamp":"2026-05-03T19:30:57.205578Z","level":"info","event":"Output:","logger":"airflow.task.hooks.airflow.providers.standard.hooks.subprocess.SubprocessHook","filename":"subprocess.py","lineno":92}
{"timestamp":"2026-05-03T19:30:58.298214Z","level":"info","event":"\u001b[0m19:30:58  Running with dbt=1.11.8","logger":"airflow.task.hooks.airflow.providers.standard.hooks.subprocess.SubprocessHook","filename":"subprocess.py","lineno":99}
{"timestamp":"2026-05-03T19:30:58.392962Z","level":"info","event":"\u001b[0m19:30:58  Checking /opt/dbt/dbt_databases/dbt_packages/*","logger":"airflow.task.hooks.airflow.providers.standard.hooks.subprocess.SubprocessHook","filename":"subprocess.py","lineno":99}
{"timestamp":"2026-05-03T19:30:58.400319Z","level":"info","event":"\u001b[0m19:30:58  Cleaned /opt/dbt/dbt_databases/dbt_packages/*","logger":"airflow.task.hooks.airflow.providers.standard.hooks.subprocess.SubprocessHook","filename":"subprocess.py","lineno":99}
{"timestamp":"2026-05-03T19:30:58.400425Z","level":"info","event":"\u001b[0m19:30:58  Checking /opt/dbt/dbt_databases/target/*","logger":"airflow.task.hooks.airflow.providers.standard.hooks.subprocess.SubprocessHook","filename":"subprocess.py","lineno":99}
{"timestamp":"2026-05-03T19:30:58.401945Z","level":"info","event":"\u001b[0m19:30:58  Cleaned /opt/dbt/dbt_databases/target/*","logger":"airflow.task.hooks.airflow.providers.standard.hooks.subprocess.SubprocessHook","filename":"subprocess.py","lineno":99}
{"timestamp":"2026-05-03T19:30:58.402054Z","level":"info","event":"\u001b[0m19:30:58  Finished cleaning all paths.","logger":"airflow.task.hooks.airflow.providers.standard.hooks.subprocess.SubprocessHook","filename":"subprocess.py","lineno":99}
{"timestamp":"2026-05-03T19:30:58.667896Z","level":"info","event":"\u001b[0m19:30:58  Running with dbt=1.11.8","logger":"airflow.task.hooks.airflow.providers.standard.hooks.subprocess.SubprocessHook","filename":"subprocess.py","lineno":99}
{"timestamp":"2026-05-03T19:30:59.004714Z","level":"info","event":"\u001b[0m19:30:59  Installing dbt-labs/dbt_utils","logger":"airflow.task.hooks.airflow.providers.standard.hooks.subprocess.SubprocessHook","filename":"subprocess.py","lineno":99}
{"timestamp":"2026-05-03T19:30:59.239791Z","level":"info","event":"\u001b[0m19:30:59  Installed from version 1.3.3","logger":"airflow.task.hooks.airflow.providers.standard.hooks.subprocess.SubprocessHook","filename":"subprocess.py","lineno":99}
{"timestamp":"2026-05-03T19:30:59.239968Z","level":"info","event":"\u001b[0m19:30:59  Up to date!","logger":"airflow.task.hooks.airflow.providers.standard.hooks.subprocess.SubprocessHook","filename":"subprocess.py","lineno":99}
{"timestamp":"2026-05-03T19:30:59.564760Z","level":"info","event":"Command exited with return code 0","logger":"airflow.task.hooks.airflow.providers.standard.hooks.subprocess.SubprocessHook","filename":"subprocess.py","lineno":103}
{"timestamp":"2026-05-03T19:30:59.565281Z","level":"info","event":"Pushing xcom","ti":"RuntimeTaskInstance(id=UUID('019def52-84ed-770c-86dc-8438426d60f8'), task_id='transform_market_data', dag_id='download_deps', run_id='manual__2026-05-03T19:30:55.846312+00:00', try_number=1, dag_version_id=UUID('019def4f-8c1d-7d96-9f89-83901ab868df'), map_index=-1, hostname='4990c1cbd261', context_carrier={'traceparent': '00-983fa48bb9836379c552bbeb06bc76a1-7af7d30b62153bea-01'}, task=<Task(BashOperator): transform_market_data>, bundle_instance=LocalDagBundle(name=dags-folder), max_tries=0, start_date=datetime.datetime(2026, 5, 3, 19, 30, 56, 925312, tzinfo=datetime.timezone.utc), end_date=None, state=<TaskInstanceState.RUNNING: 'running'>, is_mapped=False, rendered_map_index=None, sentry_integration='')","logger":"task","filename":"task_runner.py","lineno":1724}
{"timestamp":"2026-05-03T19:30:59.585472Z","level":"info","event":"Task instance in success state","logger":"task.stdout"}
{"timestamp":"2026-05-03T19:30:59.585554Z","level":"info","event":" Previous state of the Task instance: TaskInstanceState.RUNNING","logger":"task.stdout"}
{"timestamp":"2026-05-03T19:30:59.585674Z","level":"info","event":"Task operator:<Task(BashOperator): transform_market_data>","logger":"task.stdout"}
