{"timestamp":"2026-05-10T00:09:09.320004Z","level":"info","event":"DAG bundles loaded: dags-folder, example_dags","logger":"airflow.dag_processing.bundles.manager.DagBundlesManager","filename":"manager.py","lineno":209}
{"timestamp":"2026-05-10T00:09:09.320616Z","level":"info","event":"Filling up the DagBag from /opt/airflow/dags/market_data_pipeline.py","logger":"airflow.dag_processing.dagbag.BundleDagBag","filename":"dagbag.py","lineno":469}
{"timestamp":"2026-05-10T00:09:09.329382Z","level":"warning","event":"The `airflow.operators.trigger_dagrun.TriggerDagRunOperator` attribute is deprecated. Please use `'airflow.providers.standard.operators.trigger_dagrun.TriggerDagRunOperator'`.","category":"UserWarning","filename":"/opt/airflow/dags/market_data_pipeline.py","lineno":5,"logger":"py.warnings"}
{"timestamp":"2026-05-10T00:09:09.348468Z","level":"info","event":"Task instance is in running state","logger":"task.stdout"}
{"timestamp":"2026-05-10T00:09:09.348577Z","level":"info","event":" Previous state of the Task instance: TaskInstanceState.QUEUED","logger":"task.stdout"}
{"timestamp":"2026-05-10T00:09:09.348655Z","level":"info","event":"Current task name:download_dbt_deps","logger":"task.stdout"}
{"timestamp":"2026-05-10T00:09:09.348699Z","level":"info","event":"Dag name:download_deps","logger":"task.stdout"}
{"timestamp":"2026-05-10T00:09:09.349086Z","level":"info","event":"Tmp dir root location: /tmp","logger":"airflow.task.hooks.airflow.providers.standard.hooks.subprocess.SubprocessHook","filename":"subprocess.py","lineno":78}
{"timestamp":"2026-05-10T00:09:09.350057Z","level":"info","event":"Running command: ['/usr/bin/bash', '-c', 'cd /opt/dbt/dbt_databases && dbt clean && dbt deps --profiles-dir /opt/dbt/dbt_databases']","logger":"airflow.task.hooks.airflow.providers.standard.hooks.subprocess.SubprocessHook","filename":"subprocess.py","lineno":80}
{"timestamp":"2026-05-10T00:09:09.350663Z","level":"info","event":"Output:","logger":"airflow.task.hooks.airflow.providers.standard.hooks.subprocess.SubprocessHook","filename":"subprocess.py","lineno":92}
{"timestamp":"2026-05-10T00:09:11.072338Z","level":"info","event":"\u001b[0m00:09:11  Running with dbt=1.11.8","logger":"airflow.task.hooks.airflow.providers.standard.hooks.subprocess.SubprocessHook","filename":"subprocess.py","lineno":99}
{"timestamp":"2026-05-10T00:09:11.248206Z","level":"info","event":"\u001b[0m00:09:11  Checking /opt/dbt/dbt_databases/target/*","logger":"airflow.task.hooks.airflow.providers.standard.hooks.subprocess.SubprocessHook","filename":"subprocess.py","lineno":99}
{"timestamp":"2026-05-10T00:09:11.256115Z","level":"info","event":"\u001b[0m00:09:11  Cleaned /opt/dbt/dbt_databases/target/*","logger":"airflow.task.hooks.airflow.providers.standard.hooks.subprocess.SubprocessHook","filename":"subprocess.py","lineno":99}
{"timestamp":"2026-05-10T00:09:11.256258Z","level":"info","event":"\u001b[0m00:09:11  Checking /opt/dbt/dbt_databases/dbt_packages/*","logger":"airflow.task.hooks.airflow.providers.standard.hooks.subprocess.SubprocessHook","filename":"subprocess.py","lineno":99}
{"timestamp":"2026-05-10T00:09:11.273724Z","level":"info","event":"\u001b[0m00:09:11  Cleaned /opt/dbt/dbt_databases/dbt_packages/*","logger":"airflow.task.hooks.airflow.providers.standard.hooks.subprocess.SubprocessHook","filename":"subprocess.py","lineno":99}
{"timestamp":"2026-05-10T00:09:11.273854Z","level":"info","event":"\u001b[0m00:09:11  Finished cleaning all paths.","logger":"airflow.task.hooks.airflow.providers.standard.hooks.subprocess.SubprocessHook","filename":"subprocess.py","lineno":99}
{"timestamp":"2026-05-10T00:09:12.732810Z","level":"info","event":"\u001b[0m00:09:12  Running with dbt=1.11.8","logger":"airflow.task.hooks.airflow.providers.standard.hooks.subprocess.SubprocessHook","filename":"subprocess.py","lineno":99}
{"timestamp":"2026-05-10T00:09:12.961621Z","level":"info","event":"\u001b[0m00:09:12  Installing dbt-labs/dbt_utils","logger":"airflow.task.hooks.airflow.providers.standard.hooks.subprocess.SubprocessHook","filename":"subprocess.py","lineno":99}
{"timestamp":"2026-05-10T00:09:13.171629Z","level":"info","event":"\u001b[0m00:09:13  Installed from version 1.3.3","logger":"airflow.task.hooks.airflow.providers.standard.hooks.subprocess.SubprocessHook","filename":"subprocess.py","lineno":99}
{"timestamp":"2026-05-10T00:09:13.171795Z","level":"info","event":"\u001b[0m00:09:13  Up to date!","logger":"airflow.task.hooks.airflow.providers.standard.hooks.subprocess.SubprocessHook","filename":"subprocess.py","lineno":99}
{"timestamp":"2026-05-10T00:09:13.452326Z","level":"info","event":"Command exited with return code 0","logger":"airflow.task.hooks.airflow.providers.standard.hooks.subprocess.SubprocessHook","filename":"subprocess.py","lineno":103}
{"timestamp":"2026-05-10T00:09:13.452853Z","level":"info","event":"Pushing xcom","ti":"RuntimeTaskInstance(id=UUID('019e0f37-61e6-790a-93d1-781c7b733e9f'), task_id='download_dbt_deps', dag_id='download_deps', run_id='manual__2026-05-10T00:09:08.232484+00:00', try_number=1, dag_version_id=UUID('019e0ea3-4f80-7fcc-b792-0c2adc37855a'), map_index=-1, hostname='f2490477cd54', context_carrier={'traceparent': '00-1327f92fa77f9f1fa6e2a4d477179440-ac09a3e87705c90c-01'}, task=<Task(BashOperator): download_dbt_deps>, bundle_instance=LocalDagBundle(name=dags-folder), max_tries=0, start_date=datetime.datetime(2026, 5, 10, 0, 9, 9, 76154, tzinfo=datetime.timezone.utc), end_date=None, state=<TaskInstanceState.RUNNING: 'running'>, is_mapped=False, rendered_map_index=None, sentry_integration='')","logger":"task","filename":"task_runner.py","lineno":1724}
{"timestamp":"2026-05-10T00:09:13.473231Z","level":"info","event":"Task instance in success state","logger":"task.stdout"}
{"timestamp":"2026-05-10T00:09:13.473331Z","level":"info","event":" Previous state of the Task instance: TaskInstanceState.RUNNING","logger":"task.stdout"}
{"timestamp":"2026-05-10T00:09:13.473451Z","level":"info","event":"Task operator:<Task(BashOperator): download_dbt_deps>","logger":"task.stdout"}
