{"timestamp":"2026-05-06T03:54:32.524310Z","level":"info","event":"DAG bundles loaded: dags-folder, example_dags","logger":"airflow.dag_processing.bundles.manager.DagBundlesManager","filename":"manager.py","lineno":209}
{"timestamp":"2026-05-06T03:54:32.525426Z","level":"info","event":"Filling up the DagBag from /opt/airflow/dags/market_data_pipeline.py","logger":"airflow.dag_processing.dagbag.BundleDagBag","filename":"dagbag.py","lineno":469}
{"timestamp":"2026-05-06T03:54:32.536604Z","level":"warning","event":"The `airflow.operators.trigger_dagrun.TriggerDagRunOperator` attribute is deprecated. Please use `'airflow.providers.standard.operators.trigger_dagrun.TriggerDagRunOperator'`.","category":"UserWarning","filename":"/opt/airflow/dags/market_data_pipeline.py","lineno":5,"logger":"py.warnings"}
{"timestamp":"2026-05-06T03:54:32.555735Z","level":"info","event":"Task instance is in running state","logger":"task.stdout"}
{"timestamp":"2026-05-06T03:54:32.555842Z","level":"info","event":" Previous state of the Task instance: TaskInstanceState.QUEUED","logger":"task.stdout"}
{"timestamp":"2026-05-06T03:54:32.555932Z","level":"info","event":"Current task name:transform_market_data","logger":"task.stdout"}
{"timestamp":"2026-05-06T03:54:32.555975Z","level":"info","event":"Dag name:market_data_transform","logger":"task.stdout"}
{"timestamp":"2026-05-06T03:54:32.556348Z","level":"info","event":"Tmp dir root location: /tmp","logger":"airflow.task.hooks.airflow.providers.standard.hooks.subprocess.SubprocessHook","filename":"subprocess.py","lineno":78}
{"timestamp":"2026-05-06T03:54:32.557397Z","level":"info","event":"Running command: ['/usr/bin/bash', '-c', 'cd /opt/dbt/dbt_databases && dbt run --profiles-dir /opt/dbt/dbt_databases']","logger":"airflow.task.hooks.airflow.providers.standard.hooks.subprocess.SubprocessHook","filename":"subprocess.py","lineno":80}
{"timestamp":"2026-05-06T03:54:32.557952Z","level":"info","event":"Output:","logger":"airflow.task.hooks.airflow.providers.standard.hooks.subprocess.SubprocessHook","filename":"subprocess.py","lineno":92}
{"timestamp":"2026-05-06T03:54:33.661429Z","level":"info","event":"\u001b[0m03:54:33  Running with dbt=1.11.8","logger":"airflow.task.hooks.airflow.providers.standard.hooks.subprocess.SubprocessHook","filename":"subprocess.py","lineno":99}
{"timestamp":"2026-05-06T03:54:33.822578Z","level":"info","event":"\u001b[0m03:54:33  Registered adapter: postgres=1.10.0","logger":"airflow.task.hooks.airflow.providers.standard.hooks.subprocess.SubprocessHook","filename":"subprocess.py","lineno":99}
{"timestamp":"2026-05-06T03:54:33.892754Z","level":"info","event":"\u001b[0m03:54:33  Unable to do partial parsing because saved manifest not found. Starting full parse.","logger":"airflow.task.hooks.airflow.providers.standard.hooks.subprocess.SubprocessHook","filename":"subprocess.py","lineno":99}
{"timestamp":"2026-05-06T03:54:34.680752Z","level":"info","event":"\u001b[0m03:54:34  [\u001b[33mWARNING\u001b[0m][MissingArgumentsPropertyInGenericTestDeprecation]: Deprecated","logger":"airflow.task.hooks.airflow.providers.standard.hooks.subprocess.SubprocessHook","filename":"subprocess.py","lineno":99}
{"timestamp":"2026-05-06T03:54:34.680874Z","level":"info","event":"functionality","logger":"airflow.task.hooks.airflow.providers.standard.hooks.subprocess.SubprocessHook","filename":"subprocess.py","lineno":99}
{"timestamp":"2026-05-06T03:54:34.680906Z","level":"info","event":"Found top-level arguments to test `dbt_utils.accepted_range` defined on","logger":"airflow.task.hooks.airflow.providers.standard.hooks.subprocess.SubprocessHook","filename":"subprocess.py","lineno":99}
{"timestamp":"2026-05-06T03:54:34.680926Z","level":"info","event":"'dividend_growth_rate' in package 'dbt_databases' (models/marts/schema.yml).","logger":"airflow.task.hooks.airflow.providers.standard.hooks.subprocess.SubprocessHook","filename":"subprocess.py","lineno":99}
{"timestamp":"2026-05-06T03:54:34.680942Z","level":"info","event":"Arguments to generic tests should be nested under the `arguments` property.","logger":"airflow.task.hooks.airflow.providers.standard.hooks.subprocess.SubprocessHook","filename":"subprocess.py","lineno":99}
{"timestamp":"2026-05-06T03:54:34.899214Z","level":"info","event":"\u001b[0m03:54:34  Found 12 models, 17 data tests, 2 sources, 581 macros","logger":"airflow.task.hooks.airflow.providers.standard.hooks.subprocess.SubprocessHook","filename":"subprocess.py","lineno":99}
{"timestamp":"2026-05-06T03:54:34.900827Z","level":"info","event":"\u001b[0m03:54:34","logger":"airflow.task.hooks.airflow.providers.standard.hooks.subprocess.SubprocessHook","filename":"subprocess.py","lineno":99}
{"timestamp":"2026-05-06T03:54:34.901016Z","level":"info","event":"\u001b[0m03:54:34  Concurrency: 1 threads (target='dev')","logger":"airflow.task.hooks.airflow.providers.standard.hooks.subprocess.SubprocessHook","filename":"subprocess.py","lineno":99}
{"timestamp":"2026-05-06T03:54:34.901172Z","level":"info","event":"\u001b[0m03:54:34","logger":"airflow.task.hooks.airflow.providers.standard.hooks.subprocess.SubprocessHook","filename":"subprocess.py","lineno":99}
{"timestamp":"2026-05-06T03:54:35.015799Z","level":"info","event":"\u001b[0m03:54:35  1 of 12 START sql view model public.stg_dividend ............................... [RUN]","logger":"airflow.task.hooks.airflow.providers.standard.hooks.subprocess.SubprocessHook","filename":"subprocess.py","lineno":99}
{"timestamp":"2026-05-06T03:54:35.096223Z","level":"info","event":"\u001b[0m03:54:35  1 of 12 OK created sql view model public.stg_dividend .......................... [\u001b[32mCREATE VIEW\u001b[0m in 0.08s]","logger":"airflow.task.hooks.airflow.providers.standard.hooks.subprocess.SubprocessHook","filename":"subprocess.py","lineno":99}
{"timestamp":"2026-05-06T03:54:35.097235Z","level":"info","event":"\u001b[0m03:54:35  2 of 12 START sql view model public.stg_time_series_weekly ..................... [RUN]","logger":"airflow.task.hooks.airflow.providers.standard.hooks.subprocess.SubprocessHook","filename":"subprocess.py","lineno":99}
{"timestamp":"2026-05-06T03:54:35.119796Z","level":"info","event":"\u001b[0m03:54:35  2 of 12 OK created sql view model public.stg_time_series_weekly ................ [\u001b[32mCREATE VIEW\u001b[0m in 0.02s]","logger":"airflow.task.hooks.airflow.providers.standard.hooks.subprocess.SubprocessHook","filename":"subprocess.py","lineno":99}
{"timestamp":"2026-05-06T03:54:35.120973Z","level":"info","event":"\u001b[0m03:54:35  3 of 12 START sql incremental model public.dividend_growth_inception ........... [RUN]","logger":"airflow.task.hooks.airflow.providers.standard.hooks.subprocess.SubprocessHook","filename":"subprocess.py","lineno":99}
{"timestamp":"2026-05-06T03:54:35.169592Z","level":"info","event":"\u001b[0m03:54:35  3 of 12 ERROR creating sql incremental model public.dividend_growth_inception .. [\u001b[31mERROR\u001b[0m in 0.05s]","logger":"airflow.task.hooks.airflow.providers.standard.hooks.subprocess.SubprocessHook","filename":"subprocess.py","lineno":99}
{"timestamp":"2026-05-06T03:54:35.170427Z","level":"info","event":"\u001b[0m03:54:35  4 of 12 START sql incremental model public.dividend_growth_rate ................ [RUN]","logger":"airflow.task.hooks.airflow.providers.standard.hooks.subprocess.SubprocessHook","filename":"subprocess.py","lineno":99}
{"timestamp":"2026-05-06T03:54:35.241353Z","level":"info","event":"\u001b[0m03:54:35  4 of 12 ERROR creating sql incremental model public.dividend_growth_rate ....... [\u001b[31mERROR\u001b[0m in 0.07s]","logger":"airflow.task.hooks.airflow.providers.standard.hooks.subprocess.SubprocessHook","filename":"subprocess.py","lineno":99}
{"timestamp":"2026-05-06T03:54:35.242542Z","level":"info","event":"\u001b[0m03:54:35  5 of 12 START sql incremental model public.dim_week ............................ [RUN]","logger":"airflow.task.hooks.airflow.providers.standard.hooks.subprocess.SubprocessHook","filename":"subprocess.py","lineno":99}
{"timestamp":"2026-05-06T03:54:35.261103Z","level":"info","event":"\u001b[0m03:54:35  5 of 12 ERROR creating sql incremental model public.dim_week ................... [\u001b[31mERROR\u001b[0m in 0.02s]","logger":"airflow.task.hooks.airflow.providers.standard.hooks.subprocess.SubprocessHook","filename":"subprocess.py","lineno":99}
{"timestamp":"2026-05-06T03:54:35.262183Z","level":"info","event":"\u001b[0m03:54:35  6 of 12 START sql view model public.int_moving_averages ........................ [RUN]","logger":"airflow.task.hooks.airflow.providers.standard.hooks.subprocess.SubprocessHook","filename":"subprocess.py","lineno":99}
{"timestamp":"2026-05-06T03:54:35.277773Z","level":"info","event":"\u001b[0m03:54:35  6 of 12 ERROR creating sql view model public.int_moving_averages ............... [\u001b[31mERROR\u001b[0m in 0.01s]","logger":"airflow.task.hooks.airflow.providers.standard.hooks.subprocess.SubprocessHook","filename":"subprocess.py","lineno":99}
{"timestamp":"2026-05-06T03:54:35.279222Z","level":"info","event":"\u001b[0m03:54:35  7 of 12 START sql view model public.int_ohlc ................................... [RUN]","logger":"airflow.task.hooks.airflow.providers.standard.hooks.subprocess.SubprocessHook","filename":"subprocess.py","lineno":99}
{"timestamp":"2026-05-06T03:54:35.301410Z","level":"info","event":"\u001b[0m03:54:35  7 of 12 OK created sql view model public.int_ohlc .............................. [\u001b[32mCREATE VIEW\u001b[0m in 0.02s]","logger":"airflow.task.hooks.airflow.providers.standard.hooks.subprocess.SubprocessHook","filename":"subprocess.py","lineno":99}
{"timestamp":"2026-05-06T03:54:35.302305Z","level":"info","event":"\u001b[0m03:54:35  8 of 12 START sql view model public.int_returns ................................ [RUN]","logger":"airflow.task.hooks.airflow.providers.standard.hooks.subprocess.SubprocessHook","filename":"subprocess.py","lineno":99}
{"timestamp":"2026-05-06T03:54:35.316540Z","level":"info","event":"\u001b[0m03:54:35  8 of 12 ERROR creating sql view model public.int_returns ....................... [\u001b[31mERROR\u001b[0m in 0.01s]","logger":"airflow.task.hooks.airflow.providers.standard.hooks.subprocess.SubprocessHook","filename":"subprocess.py","lineno":99}
{"timestamp":"2026-05-06T03:54:35.317419Z","level":"info","event":"\u001b[0m03:54:35  9 of 12 START sql view model public.int_volume_analytics ....................... [RUN]","logger":"airflow.task.hooks.airflow.providers.standard.hooks.subprocess.SubprocessHook","filename":"subprocess.py","lineno":99}
{"timestamp":"2026-05-06T03:54:35.332787Z","level":"info","event":"\u001b[0m03:54:35  9 of 12 ERROR creating sql view model public.int_volume_analytics .............. [\u001b[31mERROR\u001b[0m in 0.01s]","logger":"airflow.task.hooks.airflow.providers.standard.hooks.subprocess.SubprocessHook","filename":"subprocess.py","lineno":99}
{"timestamp":"2026-05-06T03:54:35.334044Z","level":"info","event":"\u001b[0m03:54:35  10 of 12 START sql incremental model public.mart_stock_snapshot ................ [RUN]","logger":"airflow.task.hooks.airflow.providers.standard.hooks.subprocess.SubprocessHook","filename":"subprocess.py","lineno":99}
{"timestamp":"2026-05-06T03:54:35.348983Z","level":"info","event":"\u001b[0m03:54:35  10 of 12 ERROR creating sql incremental model public.mart_stock_snapshot ....... [\u001b[31mERROR\u001b[0m in 0.01s]","logger":"airflow.task.hooks.airflow.providers.standard.hooks.subprocess.SubprocessHook","filename":"subprocess.py","lineno":99}
{"timestamp":"2026-05-06T03:54:35.350183Z","level":"info","event":"\u001b[0m03:54:35  11 of 12 SKIP relation public.int_volatility ................................... [\u001b[33mSKIP\u001b[0m]","logger":"airflow.task.hooks.airflow.providers.standard.hooks.subprocess.SubprocessHook","filename":"subprocess.py","lineno":99}
{"timestamp":"2026-05-06T03:54:35.351436Z","level":"info","event":"\u001b[0m03:54:35  12 of 12 SKIP relation public.int_stock_features ............................... [\u001b[33mSKIP\u001b[0m]","logger":"airflow.task.hooks.airflow.providers.standard.hooks.subprocess.SubprocessHook","filename":"subprocess.py","lineno":99}
{"timestamp":"2026-05-06T03:54:35.358717Z","level":"info","event":"\u001b[0m03:54:35","logger":"airflow.task.hooks.airflow.providers.standard.hooks.subprocess.SubprocessHook","filename":"subprocess.py","lineno":99}
{"timestamp":"2026-05-06T03:54:35.358896Z","level":"info","event":"\u001b[0m03:54:35  Finished running 5 incremental models, 7 view models in 0 hours 0 minutes and 0.46 seconds (0.46s).","logger":"airflow.task.hooks.airflow.providers.standard.hooks.subprocess.SubprocessHook","filename":"subprocess.py","lineno":99}
{"timestamp":"2026-05-06T03:54:35.391563Z","level":"info","event":"\u001b[0m03:54:35","logger":"airflow.task.hooks.airflow.providers.standard.hooks.subprocess.SubprocessHook","filename":"subprocess.py","lineno":99}
{"timestamp":"2026-05-06T03:54:35.391756Z","level":"info","event":"\u001b[0m03:54:35  \u001b[31mCompleted with 7 errors, 0 partial successes, and 0 warnings:\u001b[0m","logger":"airflow.task.hooks.airflow.providers.standard.hooks.subprocess.SubprocessHook","filename":"subprocess.py","lineno":99}
{"timestamp":"2026-05-06T03:54:35.391950Z","level":"info","event":"\u001b[0m03:54:35","logger":"airflow.task.hooks.airflow.providers.standard.hooks.subprocess.SubprocessHook","filename":"subprocess.py","lineno":99}
{"timestamp":"2026-05-06T03:54:35.392190Z","level":"info","event":"\u001b[0m03:54:35  \u001b[31mFailure in model dividend_growth_inception (models/marts/dividend_growth_inception.sql)\u001b[0m","logger":"airflow.task.hooks.airflow.providers.standard.hooks.subprocess.SubprocessHook","filename":"subprocess.py","lineno":99}
{"timestamp":"2026-05-06T03:54:35.392438Z","level":"info","event":"\u001b[0m03:54:35    Database Error in model dividend_growth_inception (models/marts/dividend_growth_inception.sql)","logger":"airflow.task.hooks.airflow.providers.standard.hooks.subprocess.SubprocessHook","filename":"subprocess.py","lineno":99}
{"timestamp":"2026-05-06T03:54:35.392506Z","level":"info","event":"  column \"first_payout\" does not exist","logger":"airflow.task.hooks.airflow.providers.standard.hooks.subprocess.SubprocessHook","filename":"subprocess.py","lineno":99}
{"timestamp":"2026-05-06T03:54:35.392535Z","level":"info","event":"  LINE 26:     amount - first_payout AS delta_growth_since_inception,","logger":"airflow.task.hooks.airflow.providers.standard.hooks.subprocess.SubprocessHook","filename":"subprocess.py","lineno":99}
{"timestamp":"2026-05-06T03:54:35.392553Z","level":"info","event":"                        ^","logger":"airflow.task.hooks.airflow.providers.standard.hooks.subprocess.SubprocessHook","filename":"subprocess.py","lineno":99}
{"timestamp":"2026-05-06T03:54:35.392569Z","level":"info","event":"  compiled code at target/run/dbt_databases/models/marts/dividend_growth_inception.sql","logger":"airflow.task.hooks.airflow.providers.standard.hooks.subprocess.SubprocessHook","filename":"subprocess.py","lineno":99}
{"timestamp":"2026-05-06T03:54:35.392587Z","level":"info","event":"\u001b[0m03:54:35","logger":"airflow.task.hooks.airflow.providers.standard.hooks.subprocess.SubprocessHook","filename":"subprocess.py","lineno":99}
{"timestamp":"2026-05-06T03:54:35.392818Z","level":"info","event":"\u001b[0m03:54:35    compiled code at target/compiled/dbt_databases/models/marts/dividend_growth_inception.sql","logger":"airflow.task.hooks.airflow.providers.standard.hooks.subprocess.SubprocessHook","filename":"subprocess.py","lineno":99}
{"timestamp":"2026-05-06T03:54:35.392984Z","level":"info","event":"\u001b[0m03:54:35","logger":"airflow.task.hooks.airflow.providers.standard.hooks.subprocess.SubprocessHook","filename":"subprocess.py","lineno":99}
{"timestamp":"2026-05-06T03:54:35.393197Z","level":"info","event":"\u001b[0m03:54:35  \u001b[31mFailure in model dividend_growth_rate (models/marts/dividend_growth_rate.sql)\u001b[0m","logger":"airflow.task.hooks.airflow.providers.standard.hooks.subprocess.SubprocessHook","filename":"subprocess.py","lineno":99}
{"timestamp":"2026-05-06T03:54:35.393417Z","level":"info","event":"\u001b[0m03:54:35    Database Error in model dividend_growth_rate (models/marts/dividend_growth_rate.sql)","logger":"airflow.task.hooks.airflow.providers.standard.hooks.subprocess.SubprocessHook","filename":"subprocess.py","lineno":99}
{"timestamp":"2026-05-06T03:54:35.393451Z","level":"info","event":"  column \"growth_rate\" does not exist","logger":"airflow.task.hooks.airflow.providers.standard.hooks.subprocess.SubprocessHook","filename":"subprocess.py","lineno":99}
{"timestamp":"2026-05-06T03:54:35.393473Z","level":"info","event":"  LINE 5: ...\"year\", \"payouts_this_year\", \"payouts_last_year\", \"growth_ra...","logger":"airflow.task.hooks.airflow.providers.standard.hooks.subprocess.SubprocessHook","filename":"subprocess.py","lineno":99}
{"timestamp":"2026-05-06T03:54:35.393490Z","level":"info","event":"                                                               ^","logger":"airflow.task.hooks.airflow.providers.standard.hooks.subprocess.SubprocessHook","filename":"subprocess.py","lineno":99}
{"timestamp":"2026-05-06T03:54:35.393506Z","level":"info","event":"  DETAIL:  There is a column named \"growth_rate\" in table \"dividend_growth_rate\", but it cannot be referenced from this part of the query.","logger":"airflow.task.hooks.airflow.providers.standard.hooks.subprocess.SubprocessHook","filename":"subprocess.py","lineno":99}
{"timestamp":"2026-05-06T03:54:35.393521Z","level":"info","event":"  compiled code at target/run/dbt_databases/models/marts/dividend_growth_rate.sql","logger":"airflow.task.hooks.airflow.providers.standard.hooks.subprocess.SubprocessHook","filename":"subprocess.py","lineno":99}
{"timestamp":"2026-05-06T03:54:35.393629Z","level":"info","event":"\u001b[0m03:54:35","logger":"airflow.task.hooks.airflow.providers.standard.hooks.subprocess.SubprocessHook","filename":"subprocess.py","lineno":99}
{"timestamp":"2026-05-06T03:54:35.393849Z","level":"info","event":"\u001b[0m03:54:35    compiled code at target/compiled/dbt_databases/models/marts/dividend_growth_rate.sql","logger":"airflow.task.hooks.airflow.providers.standard.hooks.subprocess.SubprocessHook","filename":"subprocess.py","lineno":99}
{"timestamp":"2026-05-06T03:54:35.394039Z","level":"info","event":"\u001b[0m03:54:35","logger":"airflow.task.hooks.airflow.providers.standard.hooks.subprocess.SubprocessHook","filename":"subprocess.py","lineno":99}
{"timestamp":"2026-05-06T03:54:35.394256Z","level":"info","event":"\u001b[0m03:54:35  \u001b[31mFailure in model dim_week (models/marts/dimensions/dim_week.sql)\u001b[0m","logger":"airflow.task.hooks.airflow.providers.standard.hooks.subprocess.SubprocessHook","filename":"subprocess.py","lineno":99}
{"timestamp":"2026-05-06T03:54:35.394563Z","level":"info","event":"\u001b[0m03:54:35    Database Error in model dim_week (models/marts/dimensions/dim_week.sql)","logger":"airflow.task.hooks.airflow.providers.standard.hooks.subprocess.SubprocessHook","filename":"subprocess.py","lineno":99}
{"timestamp":"2026-05-06T03:54:35.394621Z","level":"info","event":"  column \"year\" does not exist","logger":"airflow.task.hooks.airflow.providers.standard.hooks.subprocess.SubprocessHook","filename":"subprocess.py","lineno":99}
{"timestamp":"2026-05-06T03:54:35.394648Z","level":"info","event":"  LINE 23:     CONCAT(year, '-W', LPAD(week, 2, \"0\")) AS year_week","logger":"airflow.task.hooks.airflow.providers.standard.hooks.subprocess.SubprocessHook","filename":"subprocess.py","lineno":99}
{"timestamp":"2026-05-06T03:54:35.394666Z","level":"info","event":"                      ^","logger":"airflow.task.hooks.airflow.providers.standard.hooks.subprocess.SubprocessHook","filename":"subprocess.py","lineno":99}
{"timestamp":"2026-05-06T03:54:35.394680Z","level":"info","event":"  compiled code at target/run/dbt_databases/models/marts/dimensions/dim_week.sql","logger":"airflow.task.hooks.airflow.providers.standard.hooks.subprocess.SubprocessHook","filename":"subprocess.py","lineno":99}
{"timestamp":"2026-05-06T03:54:35.394912Z","level":"info","event":"\u001b[0m03:54:35","logger":"airflow.task.hooks.airflow.providers.standard.hooks.subprocess.SubprocessHook","filename":"subprocess.py","lineno":99}
{"timestamp":"2026-05-06T03:54:35.395120Z","level":"info","event":"\u001b[0m03:54:35    compiled code at target/compiled/dbt_databases/models/marts/dimensions/dim_week.sql","logger":"airflow.task.hooks.airflow.providers.standard.hooks.subprocess.SubprocessHook","filename":"subprocess.py","lineno":99}
{"timestamp":"2026-05-06T03:54:35.395300Z","level":"info","event":"\u001b[0m03:54:35","logger":"airflow.task.hooks.airflow.providers.standard.hooks.subprocess.SubprocessHook","filename":"subprocess.py","lineno":99}
{"timestamp":"2026-05-06T03:54:35.395514Z","level":"info","event":"\u001b[0m03:54:35  \u001b[31mFailure in model int_moving_averages (models/intermediates/int_moving_averages.sql)\u001b[0m","logger":"airflow.task.hooks.airflow.providers.standard.hooks.subprocess.SubprocessHook","filename":"subprocess.py","lineno":99}
{"timestamp":"2026-05-06T03:54:35.395728Z","level":"info","event":"\u001b[0m03:54:35    Database Error in model int_moving_averages (models/intermediates/int_moving_averages.sql)","logger":"airflow.task.hooks.airflow.providers.standard.hooks.subprocess.SubprocessHook","filename":"subprocess.py","lineno":99}
{"timestamp":"2026-05-06T03:54:35.395765Z","level":"info","event":"  column \"week_4_ma\" does not exist","logger":"airflow.task.hooks.airflow.providers.standard.hooks.subprocess.SubprocessHook","filename":"subprocess.py","lineno":99}
{"timestamp":"2026-05-06T03:54:35.395791Z","level":"info","event":"  LINE 16:     WHEN week_4_MA > week_12_MA AND close > week_4_MA THEN 1","logger":"airflow.task.hooks.airflow.providers.standard.hooks.subprocess.SubprocessHook","filename":"subprocess.py","lineno":99}
{"timestamp":"2026-05-06T03:54:35.395808Z","level":"info","event":"                    ^","logger":"airflow.task.hooks.airflow.providers.standard.hooks.subprocess.SubprocessHook","filename":"subprocess.py","lineno":99}
{"timestamp":"2026-05-06T03:54:35.395822Z","level":"info","event":"  compiled code at target/run/dbt_databases/models/intermediates/int_moving_averages.sql","logger":"airflow.task.hooks.airflow.providers.standard.hooks.subprocess.SubprocessHook","filename":"subprocess.py","lineno":99}
{"timestamp":"2026-05-06T03:54:35.395898Z","level":"info","event":"\u001b[0m03:54:35","logger":"airflow.task.hooks.airflow.providers.standard.hooks.subprocess.SubprocessHook","filename":"subprocess.py","lineno":99}
{"timestamp":"2026-05-06T03:54:35.396114Z","level":"info","event":"\u001b[0m03:54:35    compiled code at target/compiled/dbt_databases/models/intermediates/int_moving_averages.sql","logger":"airflow.task.hooks.airflow.providers.standard.hooks.subprocess.SubprocessHook","filename":"subprocess.py","lineno":99}
{"timestamp":"2026-05-06T03:54:35.396274Z","level":"info","event":"\u001b[0m03:54:35","logger":"airflow.task.hooks.airflow.providers.standard.hooks.subprocess.SubprocessHook","filename":"subprocess.py","lineno":99}
{"timestamp":"2026-05-06T03:54:35.396489Z","level":"info","event":"\u001b[0m03:54:35  \u001b[31mFailure in model int_returns (models/intermediates/int_returns.sql)\u001b[0m","logger":"airflow.task.hooks.airflow.providers.standard.hooks.subprocess.SubprocessHook","filename":"subprocess.py","lineno":99}
{"timestamp":"2026-05-06T03:54:35.396688Z","level":"info","event":"\u001b[0m03:54:35    Database Error in model int_returns (models/intermediates/int_returns.sql)","logger":"airflow.task.hooks.airflow.providers.standard.hooks.subprocess.SubprocessHook","filename":"subprocess.py","lineno":99}
{"timestamp":"2026-05-06T03:54:35.396736Z","level":"info","event":"  window function lag requires an OVER clause","logger":"airflow.task.hooks.airflow.providers.standard.hooks.subprocess.SubprocessHook","filename":"subprocess.py","lineno":99}
{"timestamp":"2026-05-06T03:54:35.396768Z","level":"info","event":"  LINE 18:    (close - LAG(close)) / LAG(close) OVER (PARTITION BY tick...","logger":"airflow.task.hooks.airflow.providers.standard.hooks.subprocess.SubprocessHook","filename":"subprocess.py","lineno":99}
{"timestamp":"2026-05-06T03:54:35.396813Z","level":"info","event":"                       ^","logger":"airflow.task.hooks.airflow.providers.standard.hooks.subprocess.SubprocessHook","filename":"subprocess.py","lineno":99}
{"timestamp":"2026-05-06T03:54:35.396837Z","level":"info","event":"  compiled code at target/run/dbt_databases/models/intermediates/int_returns.sql","logger":"airflow.task.hooks.airflow.providers.standard.hooks.subprocess.SubprocessHook","filename":"subprocess.py","lineno":99}
{"timestamp":"2026-05-06T03:54:35.396998Z","level":"info","event":"\u001b[0m03:54:35","logger":"airflow.task.hooks.airflow.providers.standard.hooks.subprocess.SubprocessHook","filename":"subprocess.py","lineno":99}
{"timestamp":"2026-05-06T03:54:35.397231Z","level":"info","event":"\u001b[0m03:54:35    compiled code at target/compiled/dbt_databases/models/intermediates/int_returns.sql","logger":"airflow.task.hooks.airflow.providers.standard.hooks.subprocess.SubprocessHook","filename":"subprocess.py","lineno":99}
{"timestamp":"2026-05-06T03:54:35.397402Z","level":"info","event":"\u001b[0m03:54:35","logger":"airflow.task.hooks.airflow.providers.standard.hooks.subprocess.SubprocessHook","filename":"subprocess.py","lineno":99}
{"timestamp":"2026-05-06T03:54:35.397639Z","level":"info","event":"\u001b[0m03:54:35  \u001b[31mFailure in model int_volume_analytics (models/intermediates/int_volume_analytics.sql)\u001b[0m","logger":"airflow.task.hooks.airflow.providers.standard.hooks.subprocess.SubprocessHook","filename":"subprocess.py","lineno":99}
{"timestamp":"2026-05-06T03:54:35.397982Z","level":"info","event":"\u001b[0m03:54:35    Database Error in model int_volume_analytics (models/intermediates/int_volume_analytics.sql)","logger":"airflow.task.hooks.airflow.providers.standard.hooks.subprocess.SubprocessHook","filename":"subprocess.py","lineno":99}
{"timestamp":"2026-05-06T03:54:35.398042Z","level":"info","event":"  window function lag requires an OVER clause","logger":"airflow.task.hooks.airflow.providers.standard.hooks.subprocess.SubprocessHook","filename":"subprocess.py","lineno":99}
{"timestamp":"2026-05-06T03:54:35.398071Z","level":"info","event":"  LINE 14:     volume / LAG(volume) - 1 AS volume_change,","logger":"airflow.task.hooks.airflow.providers.standard.hooks.subprocess.SubprocessHook","filename":"subprocess.py","lineno":99}
{"timestamp":"2026-05-06T03:54:35.398089Z","level":"info","event":"                        ^","logger":"airflow.task.hooks.airflow.providers.standard.hooks.subprocess.SubprocessHook","filename":"subprocess.py","lineno":99}
{"timestamp":"2026-05-06T03:54:35.398106Z","level":"info","event":"  compiled code at target/run/dbt_databases/models/intermediates/int_volume_analytics.sql","logger":"airflow.task.hooks.airflow.providers.standard.hooks.subprocess.SubprocessHook","filename":"subprocess.py","lineno":99}
{"timestamp":"2026-05-06T03:54:35.398173Z","level":"info","event":"\u001b[0m03:54:35","logger":"airflow.task.hooks.airflow.providers.standard.hooks.subprocess.SubprocessHook","filename":"subprocess.py","lineno":99}
{"timestamp":"2026-05-06T03:54:35.398421Z","level":"info","event":"\u001b[0m03:54:35    compiled code at target/compiled/dbt_databases/models/intermediates/int_volume_analytics.sql","logger":"airflow.task.hooks.airflow.providers.standard.hooks.subprocess.SubprocessHook","filename":"subprocess.py","lineno":99}
{"timestamp":"2026-05-06T03:54:35.398599Z","level":"info","event":"\u001b[0m03:54:35","logger":"airflow.task.hooks.airflow.providers.standard.hooks.subprocess.SubprocessHook","filename":"subprocess.py","lineno":99}
{"timestamp":"2026-05-06T03:54:35.398812Z","level":"info","event":"\u001b[0m03:54:35  \u001b[31mFailure in model mart_stock_snapshot (models/marts/mart_stock_snapshot.sql)\u001b[0m","logger":"airflow.task.hooks.airflow.providers.standard.hooks.subprocess.SubprocessHook","filename":"subprocess.py","lineno":99}
{"timestamp":"2026-05-06T03:54:35.399218Z","level":"info","event":"\u001b[0m03:54:35    Database Error in model mart_stock_snapshot (models/marts/mart_stock_snapshot.sql)","logger":"airflow.task.hooks.airflow.providers.standard.hooks.subprocess.SubprocessHook","filename":"subprocess.py","lineno":99}
{"timestamp":"2026-05-06T03:54:35.399269Z","level":"info","event":"  relation \"int_stock_features\" does not exist","logger":"airflow.task.hooks.airflow.providers.standard.hooks.subprocess.SubprocessHook","filename":"subprocess.py","lineno":99}
{"timestamp":"2026-05-06T03:54:35.399294Z","level":"info","event":"  LINE 32: LEFT JOIN int_stock_features AS sf","logger":"airflow.task.hooks.airflow.providers.standard.hooks.subprocess.SubprocessHook","filename":"subprocess.py","lineno":99}
{"timestamp":"2026-05-06T03:54:35.399312Z","level":"info","event":"                     ^","logger":"airflow.task.hooks.airflow.providers.standard.hooks.subprocess.SubprocessHook","filename":"subprocess.py","lineno":99}
{"timestamp":"2026-05-06T03:54:35.399328Z","level":"info","event":"  compiled code at target/run/dbt_databases/models/marts/mart_stock_snapshot.sql","logger":"airflow.task.hooks.airflow.providers.standard.hooks.subprocess.SubprocessHook","filename":"subprocess.py","lineno":99}
{"timestamp":"2026-05-06T03:54:35.399504Z","level":"info","event":"\u001b[0m03:54:35","logger":"airflow.task.hooks.airflow.providers.standard.hooks.subprocess.SubprocessHook","filename":"subprocess.py","lineno":99}
{"timestamp":"2026-05-06T03:54:35.399821Z","level":"info","event":"\u001b[0m03:54:35    compiled code at target/compiled/dbt_databases/models/marts/mart_stock_snapshot.sql","logger":"airflow.task.hooks.airflow.providers.standard.hooks.subprocess.SubprocessHook","filename":"subprocess.py","lineno":99}
{"timestamp":"2026-05-06T03:54:35.400156Z","level":"info","event":"\u001b[0m03:54:35","logger":"airflow.task.hooks.airflow.providers.standard.hooks.subprocess.SubprocessHook","filename":"subprocess.py","lineno":99}
{"timestamp":"2026-05-06T03:54:35.400470Z","level":"info","event":"\u001b[0m03:54:35  Done. PASS=3 WARN=0 ERROR=7 SKIP=2 NO-OP=0 TOTAL=12","logger":"airflow.task.hooks.airflow.providers.standard.hooks.subprocess.SubprocessHook","filename":"subprocess.py","lineno":99}
{"timestamp":"2026-05-06T03:54:35.400898Z","level":"info","event":"\u001b[0m03:54:35  [\u001b[33mWARNING\u001b[0m][DeprecationsSummary]: Deprecated functionality","logger":"airflow.task.hooks.airflow.providers.standard.hooks.subprocess.SubprocessHook","filename":"subprocess.py","lineno":99}
{"timestamp":"2026-05-06T03:54:35.400956Z","level":"info","event":"Summary of encountered deprecations:","logger":"airflow.task.hooks.airflow.providers.standard.hooks.subprocess.SubprocessHook","filename":"subprocess.py","lineno":99}
{"timestamp":"2026-05-06T03:54:35.400984Z","level":"info","event":"- MissingArgumentsPropertyInGenericTestDeprecation: 1 occurrence","logger":"airflow.task.hooks.airflow.providers.standard.hooks.subprocess.SubprocessHook","filename":"subprocess.py","lineno":99}
{"timestamp":"2026-05-06T03:54:35.401003Z","level":"info","event":"To see all deprecation instances instead of just the first occurrence of each,","logger":"airflow.task.hooks.airflow.providers.standard.hooks.subprocess.SubprocessHook","filename":"subprocess.py","lineno":99}
{"timestamp":"2026-05-06T03:54:35.401018Z","level":"info","event":"run command again with the `--show-all-deprecations` flag. You may also need to","logger":"airflow.task.hooks.airflow.providers.standard.hooks.subprocess.SubprocessHook","filename":"subprocess.py","lineno":99}
{"timestamp":"2026-05-06T03:54:35.401033Z","level":"info","event":"run with `--no-partial-parse` as some deprecations are only encountered during","logger":"airflow.task.hooks.airflow.providers.standard.hooks.subprocess.SubprocessHook","filename":"subprocess.py","lineno":99}
{"timestamp":"2026-05-06T03:54:35.401048Z","level":"info","event":"parsing.","logger":"airflow.task.hooks.airflow.providers.standard.hooks.subprocess.SubprocessHook","filename":"subprocess.py","lineno":99}
{"timestamp":"2026-05-06T03:54:35.852490Z","level":"info","event":"Command exited with return code 1","logger":"airflow.task.hooks.airflow.providers.standard.hooks.subprocess.SubprocessHook","filename":"subprocess.py","lineno":103}
{"timestamp":"2026-05-06T03:54:35.852898Z","level":"error","event":"Task failed with exception","logger":"task","filename":"task_runner.py","lineno":1325,"error_detail":[{"exc_type":"AirflowException","exc_value":"Bash command failed. The command returned a non-zero exit code 1.","exc_notes":[],"syntax_error":null,"is_cause":false,"frames":[{"filename":"/home/airflow/.local/lib/python3.13/site-packages/airflow/sdk/execution_time/task_runner.py","lineno":1263,"name":"run"},{"filename":"/home/airflow/.local/lib/python3.13/site-packages/airflow/sdk/execution_time/task_runner.py","lineno":1678,"name":"_execute_task"},{"filename":"/home/airflow/.local/lib/python3.13/site-packages/airflow/sdk/bases/operator.py","lineno":443,"name":"wrapper"},{"filename":"/home/airflow/.local/lib/python3.13/site-packages/airflow/providers/standard/operators/bash.py","lineno":226,"name":"execute"}],"is_group":false,"exceptions":[]}]}
{"timestamp":"2026-05-06T03:54:35.853478Z","level":"info","event":"Task instance in failure state","logger":"task.stdout"}
{"timestamp":"2026-05-06T03:54:35.853695Z","level":"info","event":"Task start","logger":"task.stdout"}
{"timestamp":"2026-05-06T03:54:35.853760Z","level":"info","event":"Task:<Task(BashOperator): transform_market_data>","logger":"task.stdout"}
{"timestamp":"2026-05-06T03:54:35.853786Z","level":"info","event":"Failure caused by Bash command failed. The command returned a non-zero exit code 1.","logger":"task.stdout"}
