{"timestamp":"2026-05-09T03:59:59.838175Z","level":"info","event":"DAG bundles loaded: dags-folder, example_dags","logger":"airflow.dag_processing.bundles.manager.DagBundlesManager","filename":"manager.py","lineno":209}
{"timestamp":"2026-05-09T03:59:59.838822Z","level":"info","event":"Filling up the DagBag from /opt/airflow/dags/market_data_pipeline.py","logger":"airflow.dag_processing.dagbag.BundleDagBag","filename":"dagbag.py","lineno":469}
{"timestamp":"2026-05-09T03:59:59.848871Z","level":"warning","event":"The `airflow.operators.trigger_dagrun.TriggerDagRunOperator` attribute is deprecated. Please use `'airflow.providers.standard.operators.trigger_dagrun.TriggerDagRunOperator'`.","category":"UserWarning","filename":"/opt/airflow/dags/market_data_pipeline.py","lineno":5,"logger":"py.warnings"}
{"timestamp":"2026-05-09T03:59:59.869144Z","level":"info","event":"Task instance is in running state","logger":"task.stdout"}
{"timestamp":"2026-05-09T03:59:59.869292Z","level":"info","event":" Previous state of the Task instance: TaskInstanceState.QUEUED","logger":"task.stdout"}
{"timestamp":"2026-05-09T03:59:59.869450Z","level":"info","event":"Current task name:download_dbt_deps","logger":"task.stdout"}
{"timestamp":"2026-05-09T03:59:59.869526Z","level":"info","event":"Dag name:download_deps","logger":"task.stdout"}
{"timestamp":"2026-05-09T03:59:59.870176Z","level":"info","event":"Tmp dir root location: /tmp","logger":"airflow.task.hooks.airflow.providers.standard.hooks.subprocess.SubprocessHook","filename":"subprocess.py","lineno":78}
{"timestamp":"2026-05-09T03:59:59.871596Z","level":"info","event":"Running command: ['/usr/bin/bash', '-c', 'cd /opt/dbt/dbt_databases && dbt clean && dbt deps --profiles-dir /opt/dbt/dbt_databases']","logger":"airflow.task.hooks.airflow.providers.standard.hooks.subprocess.SubprocessHook","filename":"subprocess.py","lineno":80}
{"timestamp":"2026-05-09T03:59:59.872399Z","level":"info","event":"Output:","logger":"airflow.task.hooks.airflow.providers.standard.hooks.subprocess.SubprocessHook","filename":"subprocess.py","lineno":92}
{"timestamp":"2026-05-09T04:00:01.057511Z","level":"info","event":"\u001b[0m04:00:01  Running with dbt=1.11.8","logger":"airflow.task.hooks.airflow.providers.standard.hooks.subprocess.SubprocessHook","filename":"subprocess.py","lineno":99}
{"timestamp":"2026-05-09T04:00:01.163471Z","level":"info","event":"\u001b[0m04:00:01  Checking /opt/dbt/dbt_databases/target/*","logger":"airflow.task.hooks.airflow.providers.standard.hooks.subprocess.SubprocessHook","filename":"subprocess.py","lineno":99}
{"timestamp":"2026-05-09T04:00:01.166941Z","level":"info","event":"\u001b[0m04:00:01  Cleaned /opt/dbt/dbt_databases/target/*","logger":"airflow.task.hooks.airflow.providers.standard.hooks.subprocess.SubprocessHook","filename":"subprocess.py","lineno":99}
{"timestamp":"2026-05-09T04:00:01.167044Z","level":"info","event":"\u001b[0m04:00:01  Checking /opt/dbt/dbt_databases/dbt_packages/*","logger":"airflow.task.hooks.airflow.providers.standard.hooks.subprocess.SubprocessHook","filename":"subprocess.py","lineno":99}
{"timestamp":"2026-05-09T04:00:01.175586Z","level":"info","event":"\u001b[0m04:00:01  Cleaned /opt/dbt/dbt_databases/dbt_packages/*","logger":"airflow.task.hooks.airflow.providers.standard.hooks.subprocess.SubprocessHook","filename":"subprocess.py","lineno":99}
{"timestamp":"2026-05-09T04:00:01.175723Z","level":"info","event":"\u001b[0m04:00:01  Finished cleaning all paths.","logger":"airflow.task.hooks.airflow.providers.standard.hooks.subprocess.SubprocessHook","filename":"subprocess.py","lineno":99}
{"timestamp":"2026-05-09T04:00:02.675751Z","level":"info","event":"\u001b[0m04:00:02  Running with dbt=1.11.8","logger":"airflow.task.hooks.airflow.providers.standard.hooks.subprocess.SubprocessHook","filename":"subprocess.py","lineno":99}
{"timestamp":"2026-05-09T04:00:03.119483Z","level":"info","event":"\u001b[0m04:00:03  Installing dbt-labs/dbt_utils","logger":"airflow.task.hooks.airflow.providers.standard.hooks.subprocess.SubprocessHook","filename":"subprocess.py","lineno":99}
{"timestamp":"2026-05-09T04:00:03.335721Z","level":"info","event":"\u001b[0m04:00:03  Installed from version 1.3.3","logger":"airflow.task.hooks.airflow.providers.standard.hooks.subprocess.SubprocessHook","filename":"subprocess.py","lineno":99}
{"timestamp":"2026-05-09T04:00:03.335923Z","level":"info","event":"\u001b[0m04:00:03  Up to date!","logger":"airflow.task.hooks.airflow.providers.standard.hooks.subprocess.SubprocessHook","filename":"subprocess.py","lineno":99}
{"timestamp":"2026-05-09T04:00:03.710289Z","level":"info","event":"Command exited with return code 0","logger":"airflow.task.hooks.airflow.providers.standard.hooks.subprocess.SubprocessHook","filename":"subprocess.py","lineno":103}
{"timestamp":"2026-05-09T04:00:03.710766Z","level":"info","event":"Pushing xcom","ti":"RuntimeTaskInstance(id=UUID('019e0ae4-5ddf-7429-8f90-7cbf6abd4c75'), task_id='download_dbt_deps', dag_id='download_deps', run_id='manual__2026-05-09T03:59:58.844212+00:00', try_number=1, dag_version_id=UUID('019e0adc-b84b-7102-8cf4-fb9874a02b7e'), map_index=-1, hostname='18cda51a8aba', context_carrier={'traceparent': '00-84b81c1e75227d637caa62a1c02f0e83-bf172a844c93e981-01'}, task=<Task(BashOperator): download_dbt_deps>, bundle_instance=LocalDagBundle(name=dags-folder), max_tries=0, start_date=datetime.datetime(2026, 5, 9, 3, 59, 59, 543862, tzinfo=datetime.timezone.utc), end_date=None, state=<TaskInstanceState.RUNNING: 'running'>, is_mapped=False, rendered_map_index=None, sentry_integration='')","logger":"task","filename":"task_runner.py","lineno":1724}
{"timestamp":"2026-05-09T04:00:03.735106Z","level":"info","event":"Task instance in success state","logger":"task.stdout"}
{"timestamp":"2026-05-09T04:00:03.735215Z","level":"info","event":" Previous state of the Task instance: TaskInstanceState.RUNNING","logger":"task.stdout"}
{"timestamp":"2026-05-09T04:00:03.735317Z","level":"info","event":"Task operator:<Task(BashOperator): download_dbt_deps>","logger":"task.stdout"}
