{"timestamp":"2026-05-09T04:29:11.778947Z","level":"info","event":"DAG bundles loaded: dags-folder, example_dags","logger":"airflow.dag_processing.bundles.manager.DagBundlesManager","filename":"manager.py","lineno":209}
{"timestamp":"2026-05-09T04:29:11.779688Z","level":"info","event":"Filling up the DagBag from /opt/airflow/dags/market_data_pipeline.py","logger":"airflow.dag_processing.dagbag.BundleDagBag","filename":"dagbag.py","lineno":469}
{"timestamp":"2026-05-09T04:29:11.790163Z","level":"warning","event":"The `airflow.operators.trigger_dagrun.TriggerDagRunOperator` attribute is deprecated. Please use `'airflow.providers.standard.operators.trigger_dagrun.TriggerDagRunOperator'`.","category":"UserWarning","filename":"/opt/airflow/dags/market_data_pipeline.py","lineno":5,"logger":"py.warnings"}
{"timestamp":"2026-05-09T04:29:11.811707Z","level":"info","event":"Task instance is in running state","logger":"task.stdout"}
{"timestamp":"2026-05-09T04:29:11.811877Z","level":"info","event":" Previous state of the Task instance: TaskInstanceState.QUEUED","logger":"task.stdout"}
{"timestamp":"2026-05-09T04:29:11.811958Z","level":"info","event":"Current task name:transform_market_data","logger":"task.stdout"}
{"timestamp":"2026-05-09T04:29:11.812419Z","level":"info","event":"Dag name:market_data_transform","logger":"task.stdout"}
{"timestamp":"2026-05-09T04:29:11.813477Z","level":"info","event":"Tmp dir root location: /tmp","logger":"airflow.task.hooks.airflow.providers.standard.hooks.subprocess.SubprocessHook","filename":"subprocess.py","lineno":78}
{"timestamp":"2026-05-09T04:29:11.815168Z","level":"info","event":"Running command: ['/usr/bin/bash', '-c', 'cd /opt/dbt/dbt_databases && dbt run --profiles-dir /opt/dbt/dbt_databases']","logger":"airflow.task.hooks.airflow.providers.standard.hooks.subprocess.SubprocessHook","filename":"subprocess.py","lineno":80}
{"timestamp":"2026-05-09T04:29:11.815847Z","level":"info","event":"Output:","logger":"airflow.task.hooks.airflow.providers.standard.hooks.subprocess.SubprocessHook","filename":"subprocess.py","lineno":92}
{"timestamp":"2026-05-09T04:29:13.068901Z","level":"info","event":"\u001b[0m04:29:13  Running with dbt=1.11.8","logger":"airflow.task.hooks.airflow.providers.standard.hooks.subprocess.SubprocessHook","filename":"subprocess.py","lineno":99}
{"timestamp":"2026-05-09T04:29:13.255532Z","level":"info","event":"\u001b[0m04:29:13  Registered adapter: postgres=1.10.0","logger":"airflow.task.hooks.airflow.providers.standard.hooks.subprocess.SubprocessHook","filename":"subprocess.py","lineno":99}
{"timestamp":"2026-05-09T04:29:13.945212Z","level":"info","event":"\u001b[0m04:29:13  Found 12 models, 17 data tests, 2 sources, 581 macros","logger":"airflow.task.hooks.airflow.providers.standard.hooks.subprocess.SubprocessHook","filename":"subprocess.py","lineno":99}
{"timestamp":"2026-05-09T04:29:13.947255Z","level":"info","event":"\u001b[0m04:29:13","logger":"airflow.task.hooks.airflow.providers.standard.hooks.subprocess.SubprocessHook","filename":"subprocess.py","lineno":99}
{"timestamp":"2026-05-09T04:29:13.947481Z","level":"info","event":"\u001b[0m04:29:13  Concurrency: 1 threads (target='dev')","logger":"airflow.task.hooks.airflow.providers.standard.hooks.subprocess.SubprocessHook","filename":"subprocess.py","lineno":99}
{"timestamp":"2026-05-09T04:29:13.947707Z","level":"info","event":"\u001b[0m04:29:13","logger":"airflow.task.hooks.airflow.providers.standard.hooks.subprocess.SubprocessHook","filename":"subprocess.py","lineno":99}
{"timestamp":"2026-05-09T04:29:14.027745Z","level":"info","event":"\u001b[0m04:29:14  1 of 12 START sql view model public.stg_dividend ............................... [RUN]","logger":"airflow.task.hooks.airflow.providers.standard.hooks.subprocess.SubprocessHook","filename":"subprocess.py","lineno":99}
{"timestamp":"2026-05-09T04:29:14.109544Z","level":"info","event":"\u001b[0m04:29:14  1 of 12 OK created sql view model public.stg_dividend .......................... [\u001b[32mCREATE VIEW\u001b[0m in 0.08s]","logger":"airflow.task.hooks.airflow.providers.standard.hooks.subprocess.SubprocessHook","filename":"subprocess.py","lineno":99}
{"timestamp":"2026-05-09T04:29:14.110839Z","level":"info","event":"\u001b[0m04:29:14  2 of 12 START sql view model public.stg_time_series_weekly ..................... [RUN]","logger":"airflow.task.hooks.airflow.providers.standard.hooks.subprocess.SubprocessHook","filename":"subprocess.py","lineno":99}
{"timestamp":"2026-05-09T04:29:14.142344Z","level":"info","event":"\u001b[0m04:29:14  2 of 12 OK created sql view model public.stg_time_series_weekly ................ [\u001b[32mCREATE VIEW\u001b[0m in 0.03s]","logger":"airflow.task.hooks.airflow.providers.standard.hooks.subprocess.SubprocessHook","filename":"subprocess.py","lineno":99}
{"timestamp":"2026-05-09T04:29:14.143467Z","level":"info","event":"\u001b[0m04:29:14  3 of 12 START sql incremental model public.dividend_growth_inception ........... [RUN]","logger":"airflow.task.hooks.airflow.providers.standard.hooks.subprocess.SubprocessHook","filename":"subprocess.py","lineno":99}
{"timestamp":"2026-05-09T04:29:14.231743Z","level":"info","event":"\u001b[0m04:29:14  3 of 12 OK created sql incremental model public.dividend_growth_inception ...... [\u001b[32mINSERT 0 257\u001b[0m in 0.09s]","logger":"airflow.task.hooks.airflow.providers.standard.hooks.subprocess.SubprocessHook","filename":"subprocess.py","lineno":99}
{"timestamp":"2026-05-09T04:29:14.233150Z","level":"info","event":"\u001b[0m04:29:14  4 of 12 START sql incremental model public.dividend_growth_rate ................ [RUN]","logger":"airflow.task.hooks.airflow.providers.standard.hooks.subprocess.SubprocessHook","filename":"subprocess.py","lineno":99}
{"timestamp":"2026-05-09T04:29:14.275205Z","level":"info","event":"\u001b[0m04:29:14  4 of 12 OK created sql incremental model public.dividend_growth_rate ........... [\u001b[32mINSERT 0 67\u001b[0m in 0.04s]","logger":"airflow.task.hooks.airflow.providers.standard.hooks.subprocess.SubprocessHook","filename":"subprocess.py","lineno":99}
{"timestamp":"2026-05-09T04:29:14.276219Z","level":"info","event":"\u001b[0m04:29:14  5 of 12 START sql view model public.dim_week ................................... [RUN]","logger":"airflow.task.hooks.airflow.providers.standard.hooks.subprocess.SubprocessHook","filename":"subprocess.py","lineno":99}
{"timestamp":"2026-05-09T04:29:14.301305Z","level":"info","event":"\u001b[0m04:29:14  5 of 12 OK created sql view model public.dim_week .............................. [\u001b[32mCREATE VIEW\u001b[0m in 0.02s]","logger":"airflow.task.hooks.airflow.providers.standard.hooks.subprocess.SubprocessHook","filename":"subprocess.py","lineno":99}
{"timestamp":"2026-05-09T04:29:14.302337Z","level":"info","event":"\u001b[0m04:29:14  6 of 12 START sql view model public.int_moving_averages ........................ [RUN]","logger":"airflow.task.hooks.airflow.providers.standard.hooks.subprocess.SubprocessHook","filename":"subprocess.py","lineno":99}
{"timestamp":"2026-05-09T04:29:14.333822Z","level":"info","event":"\u001b[0m04:29:14  6 of 12 OK created sql view model public.int_moving_averages ................... [\u001b[32mCREATE VIEW\u001b[0m in 0.03s]","logger":"airflow.task.hooks.airflow.providers.standard.hooks.subprocess.SubprocessHook","filename":"subprocess.py","lineno":99}
{"timestamp":"2026-05-09T04:29:14.334861Z","level":"info","event":"\u001b[0m04:29:14  7 of 12 START sql view model public.int_ohlc ................................... [RUN]","logger":"airflow.task.hooks.airflow.providers.standard.hooks.subprocess.SubprocessHook","filename":"subprocess.py","lineno":99}
{"timestamp":"2026-05-09T04:29:14.360898Z","level":"info","event":"\u001b[0m04:29:14  7 of 12 OK created sql view model public.int_ohlc .............................. [\u001b[32mCREATE VIEW\u001b[0m in 0.03s]","logger":"airflow.task.hooks.airflow.providers.standard.hooks.subprocess.SubprocessHook","filename":"subprocess.py","lineno":99}
{"timestamp":"2026-05-09T04:29:14.362056Z","level":"info","event":"\u001b[0m04:29:14  8 of 12 START sql view model public.int_returns ................................ [RUN]","logger":"airflow.task.hooks.airflow.providers.standard.hooks.subprocess.SubprocessHook","filename":"subprocess.py","lineno":99}
{"timestamp":"2026-05-09T04:29:14.389214Z","level":"info","event":"\u001b[0m04:29:14  8 of 12 OK created sql view model public.int_returns ........................... [\u001b[32mCREATE VIEW\u001b[0m in 0.03s]","logger":"airflow.task.hooks.airflow.providers.standard.hooks.subprocess.SubprocessHook","filename":"subprocess.py","lineno":99}
{"timestamp":"2026-05-09T04:29:14.390486Z","level":"info","event":"\u001b[0m04:29:14  9 of 12 START sql view model public.int_volume_analytics ....................... [RUN]","logger":"airflow.task.hooks.airflow.providers.standard.hooks.subprocess.SubprocessHook","filename":"subprocess.py","lineno":99}
{"timestamp":"2026-05-09T04:29:14.417294Z","level":"info","event":"\u001b[0m04:29:14  9 of 12 OK created sql view model public.int_volume_analytics .................. [\u001b[32mCREATE VIEW\u001b[0m in 0.03s]","logger":"airflow.task.hooks.airflow.providers.standard.hooks.subprocess.SubprocessHook","filename":"subprocess.py","lineno":99}
{"timestamp":"2026-05-09T04:29:14.418304Z","level":"info","event":"\u001b[0m04:29:14  10 of 12 START sql view model public.int_volatility ............................ [RUN]","logger":"airflow.task.hooks.airflow.providers.standard.hooks.subprocess.SubprocessHook","filename":"subprocess.py","lineno":99}
{"timestamp":"2026-05-09T04:29:14.445054Z","level":"info","event":"\u001b[0m04:29:14  10 of 12 OK created sql view model public.int_volatility ....................... [\u001b[32mCREATE VIEW\u001b[0m in 0.03s]","logger":"airflow.task.hooks.airflow.providers.standard.hooks.subprocess.SubprocessHook","filename":"subprocess.py","lineno":99}
{"timestamp":"2026-05-09T04:29:14.446424Z","level":"info","event":"\u001b[0m04:29:14  11 of 12 START sql incremental model public.int_stock_features ................. [RUN]","logger":"airflow.task.hooks.airflow.providers.standard.hooks.subprocess.SubprocessHook","filename":"subprocess.py","lineno":99}
{"timestamp":"2026-05-09T04:29:14.560473Z","level":"info","event":"\u001b[0m04:29:14  11 of 12 OK created sql incremental model public.int_stock_features ............ [\u001b[32mINSERT 0 4150\u001b[0m in 0.11s]","logger":"airflow.task.hooks.airflow.providers.standard.hooks.subprocess.SubprocessHook","filename":"subprocess.py","lineno":99}
{"timestamp":"2026-05-09T04:29:14.562087Z","level":"info","event":"\u001b[0m04:29:14  12 of 12 START sql incremental model public.mart_stock_snapshot ................ [RUN]","logger":"airflow.task.hooks.airflow.providers.standard.hooks.subprocess.SubprocessHook","filename":"subprocess.py","lineno":99}
{"timestamp":"2026-05-09T04:29:14.733250Z","level":"info","event":"\u001b[0m04:29:14  12 of 12 OK created sql incremental model public.mart_stock_snapshot ........... [\u001b[32mINSERT 0 66366\u001b[0m in 0.17s]","logger":"airflow.task.hooks.airflow.providers.standard.hooks.subprocess.SubprocessHook","filename":"subprocess.py","lineno":99}
{"timestamp":"2026-05-09T04:29:14.742288Z","level":"info","event":"\u001b[0m04:29:14","logger":"airflow.task.hooks.airflow.providers.standard.hooks.subprocess.SubprocessHook","filename":"subprocess.py","lineno":99}
{"timestamp":"2026-05-09T04:29:14.742517Z","level":"info","event":"\u001b[0m04:29:14  Finished running 4 incremental models, 8 view models in 0 hours 0 minutes and 0.79 seconds (0.79s).","logger":"airflow.task.hooks.airflow.providers.standard.hooks.subprocess.SubprocessHook","filename":"subprocess.py","lineno":99}
{"timestamp":"2026-05-09T04:29:14.777265Z","level":"info","event":"\u001b[0m04:29:14","logger":"airflow.task.hooks.airflow.providers.standard.hooks.subprocess.SubprocessHook","filename":"subprocess.py","lineno":99}
{"timestamp":"2026-05-09T04:29:14.777589Z","level":"info","event":"\u001b[0m04:29:14  \u001b[32mCompleted successfully\u001b[0m","logger":"airflow.task.hooks.airflow.providers.standard.hooks.subprocess.SubprocessHook","filename":"subprocess.py","lineno":99}
{"timestamp":"2026-05-09T04:29:14.777745Z","level":"info","event":"\u001b[0m04:29:14","logger":"airflow.task.hooks.airflow.providers.standard.hooks.subprocess.SubprocessHook","filename":"subprocess.py","lineno":99}
{"timestamp":"2026-05-09T04:29:14.778111Z","level":"info","event":"\u001b[0m04:29:14  Done. PASS=12 WARN=0 ERROR=0 SKIP=0 NO-OP=0 TOTAL=12","logger":"airflow.task.hooks.airflow.providers.standard.hooks.subprocess.SubprocessHook","filename":"subprocess.py","lineno":99}
{"timestamp":"2026-05-09T04:29:15.350914Z","level":"info","event":"Command exited with return code 0","logger":"airflow.task.hooks.airflow.providers.standard.hooks.subprocess.SubprocessHook","filename":"subprocess.py","lineno":103}
{"timestamp":"2026-05-09T04:29:15.351418Z","level":"info","event":"Pushing xcom","ti":"RuntimeTaskInstance(id=UUID('019e0aff-1679-730c-a149-4fa1f62fdb5a'), task_id='transform_market_data', dag_id='market_data_transform', run_id='manual__2026-05-09T04:29:10.127218+00:00', try_number=1, dag_version_id=UUID('019e0adc-b849-70cf-9ccf-db30a6cd7bcc'), map_index=-1, hostname='18cda51a8aba', context_carrier={'traceparent': '00-f312adc0640f06b6ff65092326d687b2-eea910db19ca662b-01'}, task=<Task(BashOperator): transform_market_data>, bundle_instance=LocalDagBundle(name=dags-folder), max_tries=0, start_date=datetime.datetime(2026, 5, 9, 4, 29, 11, 417361, tzinfo=datetime.timezone.utc), end_date=None, state=<TaskInstanceState.RUNNING: 'running'>, is_mapped=False, rendered_map_index=None, sentry_integration='')","logger":"task","filename":"task_runner.py","lineno":1724}
{"timestamp":"2026-05-09T04:29:15.374986Z","level":"info","event":"Task instance in success state","logger":"task.stdout"}
{"timestamp":"2026-05-09T04:29:15.375117Z","level":"info","event":" Previous state of the Task instance: TaskInstanceState.RUNNING","logger":"task.stdout"}
{"timestamp":"2026-05-09T04:29:15.375216Z","level":"info","event":"Task operator:<Task(BashOperator): transform_market_data>","logger":"task.stdout"}
