{"timestamp":"2026-05-09T22:10:17.915777Z","level":"info","event":"DAG bundles loaded: dags-folder, example_dags","logger":"airflow.dag_processing.bundles.manager.DagBundlesManager","filename":"manager.py","lineno":209}
{"timestamp":"2026-05-09T22:10:17.916467Z","level":"info","event":"Filling up the DagBag from /opt/airflow/dags/market_data_pipeline.py","logger":"airflow.dag_processing.dagbag.BundleDagBag","filename":"dagbag.py","lineno":469}
{"timestamp":"2026-05-09T22:10:17.924790Z","level":"warning","event":"The `airflow.operators.trigger_dagrun.TriggerDagRunOperator` attribute is deprecated. Please use `'airflow.providers.standard.operators.trigger_dagrun.TriggerDagRunOperator'`.","category":"UserWarning","filename":"/opt/airflow/dags/market_data_pipeline.py","lineno":5,"logger":"py.warnings"}
{"timestamp":"2026-05-09T22:10:17.944634Z","level":"info","event":"Task instance is in running state","logger":"task.stdout"}
{"timestamp":"2026-05-09T22:10:17.944782Z","level":"info","event":" Previous state of the Task instance: TaskInstanceState.QUEUED","logger":"task.stdout"}
{"timestamp":"2026-05-09T22:10:17.944862Z","level":"info","event":"Current task name:market_data_docs","logger":"task.stdout"}
{"timestamp":"2026-05-09T22:10:17.944910Z","level":"info","event":"Dag name:market_data_generate_docs","logger":"task.stdout"}
{"timestamp":"2026-05-09T22:10:17.945195Z","level":"info","event":"Tmp dir root location: /tmp","logger":"airflow.task.hooks.airflow.providers.standard.hooks.subprocess.SubprocessHook","filename":"subprocess.py","lineno":78}
{"timestamp":"2026-05-09T22:10:17.946192Z","level":"info","event":"Running command: ['/usr/bin/bash', '-c', 'cd /opt/dbt/dbt_databases && dbt docs generate --profiles-dir /opt/dbt/dbt_databases']","logger":"airflow.task.hooks.airflow.providers.standard.hooks.subprocess.SubprocessHook","filename":"subprocess.py","lineno":80}
{"timestamp":"2026-05-09T22:10:17.946728Z","level":"info","event":"Output:","logger":"airflow.task.hooks.airflow.providers.standard.hooks.subprocess.SubprocessHook","filename":"subprocess.py","lineno":92}
{"timestamp":"2026-05-09T22:10:19.112067Z","level":"info","event":"\u001b[0m22:10:19  Running with dbt=1.11.8","logger":"airflow.task.hooks.airflow.providers.standard.hooks.subprocess.SubprocessHook","filename":"subprocess.py","lineno":99}
{"timestamp":"2026-05-09T22:10:19.300875Z","level":"info","event":"\u001b[0m22:10:19  Registered adapter: postgres=1.10.0","logger":"airflow.task.hooks.airflow.providers.standard.hooks.subprocess.SubprocessHook","filename":"subprocess.py","lineno":99}
{"timestamp":"2026-05-09T22:10:19.560973Z","level":"info","event":"\u001b[0m22:10:19  Found 13 models, 20 data tests, 2 sources, 581 macros","logger":"airflow.task.hooks.airflow.providers.standard.hooks.subprocess.SubprocessHook","filename":"subprocess.py","lineno":99}
{"timestamp":"2026-05-09T22:10:19.562945Z","level":"info","event":"\u001b[0m22:10:19","logger":"airflow.task.hooks.airflow.providers.standard.hooks.subprocess.SubprocessHook","filename":"subprocess.py","lineno":99}
{"timestamp":"2026-05-09T22:10:19.563162Z","level":"info","event":"\u001b[0m22:10:19  Concurrency: 1 threads (target='dev')","logger":"airflow.task.hooks.airflow.providers.standard.hooks.subprocess.SubprocessHook","filename":"subprocess.py","lineno":99}
{"timestamp":"2026-05-09T22:10:19.563371Z","level":"info","event":"\u001b[0m22:10:19","logger":"airflow.task.hooks.airflow.providers.standard.hooks.subprocess.SubprocessHook","filename":"subprocess.py","lineno":99}
{"timestamp":"2026-05-09T22:10:19.859461Z","level":"info","event":"\u001b[0m22:10:19  Building catalog","logger":"airflow.task.hooks.airflow.providers.standard.hooks.subprocess.SubprocessHook","filename":"subprocess.py","lineno":99}
{"timestamp":"2026-05-09T22:10:19.916348Z","level":"info","event":"\u001b[0m22:10:19  Catalog written to /opt/dbt/dbt_databases/target/catalog.json","logger":"airflow.task.hooks.airflow.providers.standard.hooks.subprocess.SubprocessHook","filename":"subprocess.py","lineno":99}
{"timestamp":"2026-05-09T22:10:20.365852Z","level":"info","event":"Command exited with return code 0","logger":"airflow.task.hooks.airflow.providers.standard.hooks.subprocess.SubprocessHook","filename":"subprocess.py","lineno":103}
{"timestamp":"2026-05-09T22:10:20.366361Z","level":"info","event":"Pushing xcom","ti":"RuntimeTaskInstance(id=UUID('019e0eca-90dc-79f7-a9d2-01d0f9b11baf'), task_id='market_data_docs', dag_id='market_data_generate_docs', run_id='manual__2026-05-09T22:10:16.817727+00:00', try_number=1, dag_version_id=UUID('019defbc-e254-75e3-a607-468ae05600d6'), map_index=-1, hostname='9dfb7304139e', context_carrier={'traceparent': '00-6545905325e5e4e6996593fccaeeee8c-c5f250e609e50e8a-01'}, task=<Task(BashOperator): market_data_docs>, bundle_instance=LocalDagBundle(name=dags-folder), max_tries=0, start_date=datetime.datetime(2026, 5, 9, 22, 10, 17, 644093, tzinfo=datetime.timezone.utc), end_date=None, state=<TaskInstanceState.RUNNING: 'running'>, is_mapped=False, rendered_map_index=None, sentry_integration='')","logger":"task","filename":"task_runner.py","lineno":1724}
{"timestamp":"2026-05-09T22:10:20.391177Z","level":"info","event":"Task instance in success state","logger":"task.stdout"}
{"timestamp":"2026-05-09T22:10:20.391283Z","level":"info","event":" Previous state of the Task instance: TaskInstanceState.RUNNING","logger":"task.stdout"}
{"timestamp":"2026-05-09T22:10:20.391315Z","level":"info","event":"Task operator:<Task(BashOperator): market_data_docs>","logger":"task.stdout"}
