{"timestamp":"2026-05-03T15:00:15.326009Z","level":"info","event":"DAG bundles loaded: dags-folder, example_dags","logger":"airflow.dag_processing.bundles.manager.DagBundlesManager","filename":"manager.py","lineno":209}
{"timestamp":"2026-05-03T15:00:15.327117Z","level":"info","event":"Filling up the DagBag from /opt/airflow/dags/market_data_pipeline.py","logger":"airflow.dag_processing.dagbag.BundleDagBag","filename":"dagbag.py","lineno":469}
{"timestamp":"2026-05-03T15:00:15.392902Z","level":"info","event":"Task instance is in running state","logger":"task.stdout"}
{"timestamp":"2026-05-03T15:00:15.393666Z","level":"info","event":" Previous state of the Task instance: TaskInstanceState.QUEUED","logger":"task.stdout"}
{"timestamp":"2026-05-03T15:00:15.393746Z","level":"info","event":"Current task name:transform_market_data","logger":"task.stdout"}
{"timestamp":"2026-05-03T15:00:15.393775Z","level":"info","event":"Dag name:market_data_transform","logger":"task.stdout"}
{"timestamp":"2026-05-03T15:00:15.393556Z","level":"info","event":"Tmp dir root location: /tmp","logger":"airflow.task.hooks.airflow.providers.standard.hooks.subprocess.SubprocessHook","filename":"subprocess.py","lineno":78}
{"timestamp":"2026-05-03T15:00:15.394518Z","level":"info","event":"Running command: ['/usr/bin/bash', '-c', 'cd /opt/dbt/dbt_databases && dbt run --profiles-dir /opt/dbt/dbt_databases']","logger":"airflow.task.hooks.airflow.providers.standard.hooks.subprocess.SubprocessHook","filename":"subprocess.py","lineno":80}
{"timestamp":"2026-05-03T15:00:15.395149Z","level":"info","event":"Output:","logger":"airflow.task.hooks.airflow.providers.standard.hooks.subprocess.SubprocessHook","filename":"subprocess.py","lineno":92}
{"timestamp":"2026-05-03T15:00:17.429852Z","level":"info","event":"\u001b[0m15:00:17  Running with dbt=1.11.8","logger":"airflow.task.hooks.airflow.providers.standard.hooks.subprocess.SubprocessHook","filename":"subprocess.py","lineno":99}
{"timestamp":"2026-05-03T15:00:17.642178Z","level":"info","event":"\u001b[0m15:00:17  Registered adapter: postgres=1.10.0","logger":"airflow.task.hooks.airflow.providers.standard.hooks.subprocess.SubprocessHook","filename":"subprocess.py","lineno":99}
{"timestamp":"2026-05-03T15:00:18.013263Z","level":"info","event":"\u001b[0m15:00:18  Found 5 models, 8 data tests, 1 source, 581 macros","logger":"airflow.task.hooks.airflow.providers.standard.hooks.subprocess.SubprocessHook","filename":"subprocess.py","lineno":99}
{"timestamp":"2026-05-03T15:00:18.014784Z","level":"info","event":"\u001b[0m15:00:18","logger":"airflow.task.hooks.airflow.providers.standard.hooks.subprocess.SubprocessHook","filename":"subprocess.py","lineno":99}
{"timestamp":"2026-05-03T15:00:18.015051Z","level":"info","event":"\u001b[0m15:00:18  Concurrency: 1 threads (target='dev')","logger":"airflow.task.hooks.airflow.providers.standard.hooks.subprocess.SubprocessHook","filename":"subprocess.py","lineno":99}
{"timestamp":"2026-05-03T15:00:18.015244Z","level":"info","event":"\u001b[0m15:00:18","logger":"airflow.task.hooks.airflow.providers.standard.hooks.subprocess.SubprocessHook","filename":"subprocess.py","lineno":99}
{"timestamp":"2026-05-03T15:00:18.157350Z","level":"info","event":"\u001b[0m15:00:18  1 of 5 START sql view model public.stg_dividend ................................ [RUN]","logger":"airflow.task.hooks.airflow.providers.standard.hooks.subprocess.SubprocessHook","filename":"subprocess.py","lineno":99}
{"timestamp":"2026-05-03T15:00:18.281955Z","level":"info","event":"\u001b[0m15:00:18  1 of 5 OK created sql view model public.stg_dividend ........................... [\u001b[32mCREATE VIEW\u001b[0m in 0.12s]","logger":"airflow.task.hooks.airflow.providers.standard.hooks.subprocess.SubprocessHook","filename":"subprocess.py","lineno":99}
{"timestamp":"2026-05-03T15:00:18.282745Z","level":"info","event":"\u001b[0m15:00:18  2 of 5 START sql view model public.test ........................................ [RUN]","logger":"airflow.task.hooks.airflow.providers.standard.hooks.subprocess.SubprocessHook","filename":"subprocess.py","lineno":99}
{"timestamp":"2026-05-03T15:00:18.311021Z","level":"info","event":"\u001b[0m15:00:18  2 of 5 ERROR creating sql view model public.test ............................... [\u001b[31mERROR\u001b[0m in 0.03s]","logger":"airflow.task.hooks.airflow.providers.standard.hooks.subprocess.SubprocessHook","filename":"subprocess.py","lineno":99}
{"timestamp":"2026-05-03T15:00:18.312615Z","level":"info","event":"\u001b[0m15:00:18  3 of 5 START sql incremental model public.dividend_growth_inception_delta ...... [RUN]","logger":"airflow.task.hooks.airflow.providers.standard.hooks.subprocess.SubprocessHook","filename":"subprocess.py","lineno":99}
{"timestamp":"2026-05-03T15:00:18.387751Z","level":"info","event":"\u001b[0m15:00:18  3 of 5 OK created sql incremental model public.dividend_growth_inception_delta . [\u001b[32mINSERT 0 56\u001b[0m in 0.07s]","logger":"airflow.task.hooks.airflow.providers.standard.hooks.subprocess.SubprocessHook","filename":"subprocess.py","lineno":99}
{"timestamp":"2026-05-03T15:00:18.388598Z","level":"info","event":"\u001b[0m15:00:18  4 of 5 START sql incremental model public.dividend_growth_inception_percent .... [RUN]","logger":"airflow.task.hooks.airflow.providers.standard.hooks.subprocess.SubprocessHook","filename":"subprocess.py","lineno":99}
{"timestamp":"2026-05-03T15:00:18.420360Z","level":"info","event":"\u001b[0m15:00:18  4 of 5 OK created sql incremental model public.dividend_growth_inception_percent  [\u001b[32mINSERT 0 56\u001b[0m in 0.03s]","logger":"airflow.task.hooks.airflow.providers.standard.hooks.subprocess.SubprocessHook","filename":"subprocess.py","lineno":99}
{"timestamp":"2026-05-03T15:00:18.421136Z","level":"info","event":"\u001b[0m15:00:18  5 of 5 START sql incremental model public.dividend_growth_rate ................. [RUN]","logger":"airflow.task.hooks.airflow.providers.standard.hooks.subprocess.SubprocessHook","filename":"subprocess.py","lineno":99}
{"timestamp":"2026-05-03T15:00:18.462359Z","level":"info","event":"\u001b[0m15:00:18  5 of 5 OK created sql incremental model public.dividend_growth_rate ............ [\u001b[32mINSERT 0 15\u001b[0m in 0.04s]","logger":"airflow.task.hooks.airflow.providers.standard.hooks.subprocess.SubprocessHook","filename":"subprocess.py","lineno":99}
{"timestamp":"2026-05-03T15:00:18.469917Z","level":"info","event":"\u001b[0m15:00:18","logger":"airflow.task.hooks.airflow.providers.standard.hooks.subprocess.SubprocessHook","filename":"subprocess.py","lineno":99}
{"timestamp":"2026-05-03T15:00:18.470073Z","level":"info","event":"\u001b[0m15:00:18  Finished running 3 incremental models, 2 view models in 0 hours 0 minutes and 0.45 seconds (0.45s).","logger":"airflow.task.hooks.airflow.providers.standard.hooks.subprocess.SubprocessHook","filename":"subprocess.py","lineno":99}
{"timestamp":"2026-05-03T15:00:18.500166Z","level":"info","event":"\u001b[0m15:00:18","logger":"airflow.task.hooks.airflow.providers.standard.hooks.subprocess.SubprocessHook","filename":"subprocess.py","lineno":99}
{"timestamp":"2026-05-03T15:00:18.500465Z","level":"info","event":"\u001b[0m15:00:18  \u001b[31mCompleted with 1 error, 0 partial successes, and 0 warnings:\u001b[0m","logger":"airflow.task.hooks.airflow.providers.standard.hooks.subprocess.SubprocessHook","filename":"subprocess.py","lineno":99}
{"timestamp":"2026-05-03T15:00:18.500761Z","level":"info","event":"\u001b[0m15:00:18","logger":"airflow.task.hooks.airflow.providers.standard.hooks.subprocess.SubprocessHook","filename":"subprocess.py","lineno":99}
{"timestamp":"2026-05-03T15:00:18.501099Z","level":"info","event":"\u001b[0m15:00:18  \u001b[31mFailure in model test (models/test.sql)\u001b[0m","logger":"airflow.task.hooks.airflow.providers.standard.hooks.subprocess.SubprocessHook","filename":"subprocess.py","lineno":99}
{"timestamp":"2026-05-03T15:00:18.501426Z","level":"info","event":"\u001b[0m15:00:18    Database Error in model test (models/test.sql)","logger":"airflow.task.hooks.airflow.providers.standard.hooks.subprocess.SubprocessHook","filename":"subprocess.py","lineno":99}
{"timestamp":"2026-05-03T15:00:18.501502Z","level":"info","event":"  relation \"test__dbt_backup\" already exists","logger":"airflow.task.hooks.airflow.providers.standard.hooks.subprocess.SubprocessHook","filename":"subprocess.py","lineno":99}
{"timestamp":"2026-05-03T15:00:18.501530Z","level":"info","event":"  compiled code at target/run/dbt_databases/models/test.sql","logger":"airflow.task.hooks.airflow.providers.standard.hooks.subprocess.SubprocessHook","filename":"subprocess.py","lineno":99}
{"timestamp":"2026-05-03T15:00:18.501690Z","level":"info","event":"\u001b[0m15:00:18","logger":"airflow.task.hooks.airflow.providers.standard.hooks.subprocess.SubprocessHook","filename":"subprocess.py","lineno":99}
{"timestamp":"2026-05-03T15:00:18.502041Z","level":"info","event":"\u001b[0m15:00:18    compiled code at target/compiled/dbt_databases/models/test.sql","logger":"airflow.task.hooks.airflow.providers.standard.hooks.subprocess.SubprocessHook","filename":"subprocess.py","lineno":99}
{"timestamp":"2026-05-03T15:00:18.502333Z","level":"info","event":"\u001b[0m15:00:18","logger":"airflow.task.hooks.airflow.providers.standard.hooks.subprocess.SubprocessHook","filename":"subprocess.py","lineno":99}
{"timestamp":"2026-05-03T15:00:18.502633Z","level":"info","event":"\u001b[0m15:00:18  Done. PASS=4 WARN=0 ERROR=1 SKIP=0 NO-OP=0 TOTAL=5","logger":"airflow.task.hooks.airflow.providers.standard.hooks.subprocess.SubprocessHook","filename":"subprocess.py","lineno":99}
{"timestamp":"2026-05-03T15:00:18.920393Z","level":"info","event":"Command exited with return code 1","logger":"airflow.task.hooks.airflow.providers.standard.hooks.subprocess.SubprocessHook","filename":"subprocess.py","lineno":103}
{"timestamp":"2026-05-03T15:00:18.920731Z","level":"error","event":"Task failed with exception","logger":"task","filename":"task_runner.py","lineno":1325,"error_detail":[{"exc_type":"AirflowException","exc_value":"Bash command failed. The command returned a non-zero exit code 1.","exc_notes":[],"syntax_error":null,"is_cause":false,"frames":[{"filename":"/home/airflow/.local/lib/python3.13/site-packages/airflow/sdk/execution_time/task_runner.py","lineno":1263,"name":"run"},{"filename":"/home/airflow/.local/lib/python3.13/site-packages/airflow/sdk/execution_time/task_runner.py","lineno":1678,"name":"_execute_task"},{"filename":"/home/airflow/.local/lib/python3.13/site-packages/airflow/sdk/bases/operator.py","lineno":443,"name":"wrapper"},{"filename":"/home/airflow/.local/lib/python3.13/site-packages/airflow/providers/standard/operators/bash.py","lineno":226,"name":"execute"}],"is_group":false,"exceptions":[]}]}
{"timestamp":"2026-05-03T15:00:18.921856Z","level":"info","event":"Task instance in failure state","logger":"task.stdout"}
{"timestamp":"2026-05-03T15:00:18.922016Z","level":"info","event":"Task start","logger":"task.stdout"}
{"timestamp":"2026-05-03T15:00:18.922077Z","level":"info","event":"Task:<Task(BashOperator): transform_market_data>","logger":"task.stdout"}
{"timestamp":"2026-05-03T15:00:18.922107Z","level":"info","event":"Failure caused by Bash command failed. The command returned a non-zero exit code 1.","logger":"task.stdout"}
