{"timestamp":"2026-05-03T20:26:46.097941Z","level":"info","event":"DAG bundles loaded: dags-folder, example_dags","logger":"airflow.dag_processing.bundles.manager.DagBundlesManager","filename":"manager.py","lineno":209}
{"timestamp":"2026-05-03T20:26:46.098485Z","level":"info","event":"Filling up the DagBag from /opt/airflow/dags/market_data_pipeline.py","logger":"airflow.dag_processing.dagbag.BundleDagBag","filename":"dagbag.py","lineno":469}
{"timestamp":"2026-05-03T20:26:46.106441Z","level":"warning","event":"The `airflow.operators.trigger_dagrun.TriggerDagRunOperator` attribute is deprecated. Please use `'airflow.providers.standard.operators.trigger_dagrun.TriggerDagRunOperator'`.","category":"UserWarning","filename":"/opt/airflow/dags/market_data_pipeline.py","lineno":5,"logger":"py.warnings"}
{"timestamp":"2026-05-03T20:26:46.121290Z","level":"info","event":"Task instance is in running state","logger":"task.stdout"}
{"timestamp":"2026-05-03T20:26:46.121368Z","level":"info","event":" Previous state of the Task instance: TaskInstanceState.QUEUED","logger":"task.stdout"}
{"timestamp":"2026-05-03T20:26:46.121461Z","level":"info","event":"Current task name:download_dbt_deps","logger":"task.stdout"}
{"timestamp":"2026-05-03T20:26:46.121494Z","level":"info","event":"Dag name:download_deps","logger":"task.stdout"}
{"timestamp":"2026-05-03T20:26:46.121855Z","level":"info","event":"Tmp dir root location: /tmp","logger":"airflow.task.hooks.airflow.providers.standard.hooks.subprocess.SubprocessHook","filename":"subprocess.py","lineno":78}
{"timestamp":"2026-05-03T20:26:46.122790Z","level":"info","event":"Running command: ['/usr/bin/bash', '-c', 'cd /opt/dbt/dbt_databases && dbt clean && dbt deps --profiles-dir /opt/dbt/dbt_databases']","logger":"airflow.task.hooks.airflow.providers.standard.hooks.subprocess.SubprocessHook","filename":"subprocess.py","lineno":80}
{"timestamp":"2026-05-03T20:26:46.123327Z","level":"info","event":"Output:","logger":"airflow.task.hooks.airflow.providers.standard.hooks.subprocess.SubprocessHook","filename":"subprocess.py","lineno":92}
{"timestamp":"2026-05-03T20:26:47.205714Z","level":"info","event":"\u001b[0m20:26:47  Running with dbt=1.11.8","logger":"airflow.task.hooks.airflow.providers.standard.hooks.subprocess.SubprocessHook","filename":"subprocess.py","lineno":99}
{"timestamp":"2026-05-03T20:26:47.302435Z","level":"info","event":"\u001b[0m20:26:47  Checking /opt/dbt/dbt_databases/target/*","logger":"airflow.task.hooks.airflow.providers.standard.hooks.subprocess.SubprocessHook","filename":"subprocess.py","lineno":99}
{"timestamp":"2026-05-03T20:26:47.303797Z","level":"info","event":"\u001b[0m20:26:47  Cleaned /opt/dbt/dbt_databases/target/*","logger":"airflow.task.hooks.airflow.providers.standard.hooks.subprocess.SubprocessHook","filename":"subprocess.py","lineno":99}
{"timestamp":"2026-05-03T20:26:47.303927Z","level":"info","event":"\u001b[0m20:26:47  Checking /opt/dbt/dbt_databases/dbt_packages/*","logger":"airflow.task.hooks.airflow.providers.standard.hooks.subprocess.SubprocessHook","filename":"subprocess.py","lineno":99}
{"timestamp":"2026-05-03T20:26:47.313396Z","level":"info","event":"\u001b[0m20:26:47  Cleaned /opt/dbt/dbt_databases/dbt_packages/*","logger":"airflow.task.hooks.airflow.providers.standard.hooks.subprocess.SubprocessHook","filename":"subprocess.py","lineno":99}
{"timestamp":"2026-05-03T20:26:47.313577Z","level":"info","event":"\u001b[0m20:26:47  Finished cleaning all paths.","logger":"airflow.task.hooks.airflow.providers.standard.hooks.subprocess.SubprocessHook","filename":"subprocess.py","lineno":99}
{"timestamp":"2026-05-03T20:26:48.780733Z","level":"info","event":"\u001b[0m20:26:48  Running with dbt=1.11.8","logger":"airflow.task.hooks.airflow.providers.standard.hooks.subprocess.SubprocessHook","filename":"subprocess.py","lineno":99}
{"timestamp":"2026-05-03T20:26:49.273700Z","level":"info","event":"\u001b[0m20:26:49  Installing dbt-labs/dbt_utils","logger":"airflow.task.hooks.airflow.providers.standard.hooks.subprocess.SubprocessHook","filename":"subprocess.py","lineno":99}
{"timestamp":"2026-05-03T20:26:49.474108Z","level":"info","event":"\u001b[0m20:26:49  Installed from version 1.3.3","logger":"airflow.task.hooks.airflow.providers.standard.hooks.subprocess.SubprocessHook","filename":"subprocess.py","lineno":99}
{"timestamp":"2026-05-03T20:26:49.474280Z","level":"info","event":"\u001b[0m20:26:49  Up to date!","logger":"airflow.task.hooks.airflow.providers.standard.hooks.subprocess.SubprocessHook","filename":"subprocess.py","lineno":99}
{"timestamp":"2026-05-03T20:26:49.850630Z","level":"info","event":"Command exited with return code 0","logger":"airflow.task.hooks.airflow.providers.standard.hooks.subprocess.SubprocessHook","filename":"subprocess.py","lineno":103}
{"timestamp":"2026-05-03T20:26:49.851037Z","level":"info","event":"Pushing xcom","ti":"RuntimeTaskInstance(id=UUID('019def85-9ff9-70d5-8ce7-98794a0b6e35'), task_id='download_dbt_deps', dag_id='download_deps', run_id='manual__2026-05-03T20:26:45.002470+00:00', try_number=1, dag_version_id=UUID('019def54-fe31-7e69-8fa6-db13efe99bff'), map_index=-1, hostname='4990c1cbd261', context_carrier={'traceparent': '00-fec98626571272f985f26bff1adac719-6cd2cbef007802ac-01'}, task=<Task(BashOperator): download_dbt_deps>, bundle_instance=LocalDagBundle(name=dags-folder), max_tries=0, start_date=datetime.datetime(2026, 5, 3, 20, 26, 45, 854794, tzinfo=datetime.timezone.utc), end_date=None, state=<TaskInstanceState.RUNNING: 'running'>, is_mapped=False, rendered_map_index=None, sentry_integration='')","logger":"task","filename":"task_runner.py","lineno":1724}
{"timestamp":"2026-05-03T20:26:49.872264Z","level":"info","event":"Task instance in success state","logger":"task.stdout"}
{"timestamp":"2026-05-03T20:26:49.872345Z","level":"info","event":" Previous state of the Task instance: TaskInstanceState.RUNNING","logger":"task.stdout"}
{"timestamp":"2026-05-03T20:26:49.872463Z","level":"info","event":"Task operator:<Task(BashOperator): download_dbt_deps>","logger":"task.stdout"}
