{"timestamp":"2026-05-06T04:01:23.476291Z","level":"info","event":"DAG bundles loaded: dags-folder, example_dags","logger":"airflow.dag_processing.bundles.manager.DagBundlesManager","filename":"manager.py","lineno":209}
{"timestamp":"2026-05-06T04:01:23.476848Z","level":"info","event":"Filling up the DagBag from /opt/airflow/dags/market_data_pipeline.py","logger":"airflow.dag_processing.dagbag.BundleDagBag","filename":"dagbag.py","lineno":469}
{"timestamp":"2026-05-06T04:01:23.485538Z","level":"warning","event":"The `airflow.operators.trigger_dagrun.TriggerDagRunOperator` attribute is deprecated. Please use `'airflow.providers.standard.operators.trigger_dagrun.TriggerDagRunOperator'`.","category":"UserWarning","filename":"/opt/airflow/dags/market_data_pipeline.py","lineno":5,"logger":"py.warnings"}
{"timestamp":"2026-05-06T04:01:23.502025Z","level":"info","event":"Task instance is in running state","logger":"task.stdout"}
{"timestamp":"2026-05-06T04:01:23.502139Z","level":"info","event":" Previous state of the Task instance: TaskInstanceState.QUEUED","logger":"task.stdout"}
{"timestamp":"2026-05-06T04:01:23.502185Z","level":"info","event":"Current task name:transform_market_data","logger":"task.stdout"}
{"timestamp":"2026-05-06T04:01:23.502207Z","level":"info","event":"Dag name:market_data_transform","logger":"task.stdout"}
{"timestamp":"2026-05-06T04:01:23.503101Z","level":"info","event":"Tmp dir root location: /tmp","logger":"airflow.task.hooks.airflow.providers.standard.hooks.subprocess.SubprocessHook","filename":"subprocess.py","lineno":78}
{"timestamp":"2026-05-06T04:01:23.504089Z","level":"info","event":"Running command: ['/usr/bin/bash', '-c', 'cd /opt/dbt/dbt_databases && dbt run --profiles-dir /opt/dbt/dbt_databases']","logger":"airflow.task.hooks.airflow.providers.standard.hooks.subprocess.SubprocessHook","filename":"subprocess.py","lineno":80}
{"timestamp":"2026-05-06T04:01:23.504609Z","level":"info","event":"Output:","logger":"airflow.task.hooks.airflow.providers.standard.hooks.subprocess.SubprocessHook","filename":"subprocess.py","lineno":92}
{"timestamp":"2026-05-06T04:01:24.573027Z","level":"info","event":"\u001b[0m04:01:24  Running with dbt=1.11.8","logger":"airflow.task.hooks.airflow.providers.standard.hooks.subprocess.SubprocessHook","filename":"subprocess.py","lineno":99}
{"timestamp":"2026-05-06T04:01:24.738326Z","level":"info","event":"\u001b[0m04:01:24  Registered adapter: postgres=1.10.0","logger":"airflow.task.hooks.airflow.providers.standard.hooks.subprocess.SubprocessHook","filename":"subprocess.py","lineno":99}
{"timestamp":"2026-05-06T04:01:25.264219Z","level":"info","event":"\u001b[0m04:01:25  Found 12 models, 17 data tests, 2 sources, 581 macros","logger":"airflow.task.hooks.airflow.providers.standard.hooks.subprocess.SubprocessHook","filename":"subprocess.py","lineno":99}
{"timestamp":"2026-05-06T04:01:25.265876Z","level":"info","event":"\u001b[0m04:01:25","logger":"airflow.task.hooks.airflow.providers.standard.hooks.subprocess.SubprocessHook","filename":"subprocess.py","lineno":99}
{"timestamp":"2026-05-06T04:01:25.266119Z","level":"info","event":"\u001b[0m04:01:25  Concurrency: 1 threads (target='dev')","logger":"airflow.task.hooks.airflow.providers.standard.hooks.subprocess.SubprocessHook","filename":"subprocess.py","lineno":99}
{"timestamp":"2026-05-06T04:01:25.266317Z","level":"info","event":"\u001b[0m04:01:25","logger":"airflow.task.hooks.airflow.providers.standard.hooks.subprocess.SubprocessHook","filename":"subprocess.py","lineno":99}
{"timestamp":"2026-05-06T04:01:25.337611Z","level":"info","event":"\u001b[0m04:01:25  1 of 12 START sql view model public.stg_dividend ............................... [RUN]","logger":"airflow.task.hooks.airflow.providers.standard.hooks.subprocess.SubprocessHook","filename":"subprocess.py","lineno":99}
{"timestamp":"2026-05-06T04:01:25.412598Z","level":"info","event":"\u001b[0m04:01:25  1 of 12 OK created sql view model public.stg_dividend .......................... [\u001b[32mCREATE VIEW\u001b[0m in 0.07s]","logger":"airflow.task.hooks.airflow.providers.standard.hooks.subprocess.SubprocessHook","filename":"subprocess.py","lineno":99}
{"timestamp":"2026-05-06T04:01:25.414007Z","level":"info","event":"\u001b[0m04:01:25  2 of 12 START sql view model public.stg_time_series_weekly ..................... [RUN]","logger":"airflow.task.hooks.airflow.providers.standard.hooks.subprocess.SubprocessHook","filename":"subprocess.py","lineno":99}
{"timestamp":"2026-05-06T04:01:25.440805Z","level":"info","event":"\u001b[0m04:01:25  2 of 12 OK created sql view model public.stg_time_series_weekly ................ [\u001b[32mCREATE VIEW\u001b[0m in 0.03s]","logger":"airflow.task.hooks.airflow.providers.standard.hooks.subprocess.SubprocessHook","filename":"subprocess.py","lineno":99}
{"timestamp":"2026-05-06T04:01:25.441793Z","level":"info","event":"\u001b[0m04:01:25  3 of 12 START sql incremental model public.dividend_growth_inception ........... [RUN]","logger":"airflow.task.hooks.airflow.providers.standard.hooks.subprocess.SubprocessHook","filename":"subprocess.py","lineno":99}
{"timestamp":"2026-05-06T04:01:25.482819Z","level":"info","event":"\u001b[0m04:01:25  3 of 12 ERROR creating sql incremental model public.dividend_growth_inception .. [\u001b[31mERROR\u001b[0m in 0.04s]","logger":"airflow.task.hooks.airflow.providers.standard.hooks.subprocess.SubprocessHook","filename":"subprocess.py","lineno":99}
{"timestamp":"2026-05-06T04:01:25.484144Z","level":"info","event":"\u001b[0m04:01:25  4 of 12 START sql incremental model public.dividend_growth_rate ................ [RUN]","logger":"airflow.task.hooks.airflow.providers.standard.hooks.subprocess.SubprocessHook","filename":"subprocess.py","lineno":99}
{"timestamp":"2026-05-06T04:01:25.539747Z","level":"info","event":"\u001b[0m04:01:25  4 of 12 ERROR creating sql incremental model public.dividend_growth_rate ....... [\u001b[31mERROR\u001b[0m in 0.05s]","logger":"airflow.task.hooks.airflow.providers.standard.hooks.subprocess.SubprocessHook","filename":"subprocess.py","lineno":99}
{"timestamp":"2026-05-06T04:01:25.540561Z","level":"info","event":"\u001b[0m04:01:25  5 of 12 START sql incremental model public.dim_week ............................ [RUN]","logger":"airflow.task.hooks.airflow.providers.standard.hooks.subprocess.SubprocessHook","filename":"subprocess.py","lineno":99}
{"timestamp":"2026-05-06T04:01:25.558324Z","level":"info","event":"\u001b[0m04:01:25  5 of 12 ERROR creating sql incremental model public.dim_week ................... [\u001b[31mERROR\u001b[0m in 0.02s]","logger":"airflow.task.hooks.airflow.providers.standard.hooks.subprocess.SubprocessHook","filename":"subprocess.py","lineno":99}
{"timestamp":"2026-05-06T04:01:25.559150Z","level":"info","event":"\u001b[0m04:01:25  6 of 12 START sql view model public.int_moving_averages ........................ [RUN]","logger":"airflow.task.hooks.airflow.providers.standard.hooks.subprocess.SubprocessHook","filename":"subprocess.py","lineno":99}
{"timestamp":"2026-05-06T04:01:25.573829Z","level":"info","event":"\u001b[0m04:01:25  6 of 12 ERROR creating sql view model public.int_moving_averages ............... [\u001b[31mERROR\u001b[0m in 0.01s]","logger":"airflow.task.hooks.airflow.providers.standard.hooks.subprocess.SubprocessHook","filename":"subprocess.py","lineno":99}
{"timestamp":"2026-05-06T04:01:25.574664Z","level":"info","event":"\u001b[0m04:01:25  7 of 12 START sql view model public.int_ohlc ................................... [RUN]","logger":"airflow.task.hooks.airflow.providers.standard.hooks.subprocess.SubprocessHook","filename":"subprocess.py","lineno":99}
{"timestamp":"2026-05-06T04:01:25.596397Z","level":"info","event":"\u001b[0m04:01:25  7 of 12 OK created sql view model public.int_ohlc .............................. [\u001b[32mCREATE VIEW\u001b[0m in 0.02s]","logger":"airflow.task.hooks.airflow.providers.standard.hooks.subprocess.SubprocessHook","filename":"subprocess.py","lineno":99}
{"timestamp":"2026-05-06T04:01:25.597213Z","level":"info","event":"\u001b[0m04:01:25  8 of 12 START sql view model public.int_returns ................................ [RUN]","logger":"airflow.task.hooks.airflow.providers.standard.hooks.subprocess.SubprocessHook","filename":"subprocess.py","lineno":99}
{"timestamp":"2026-05-06T04:01:25.612470Z","level":"info","event":"\u001b[0m04:01:25  8 of 12 ERROR creating sql view model public.int_returns ....................... [\u001b[31mERROR\u001b[0m in 0.01s]","logger":"airflow.task.hooks.airflow.providers.standard.hooks.subprocess.SubprocessHook","filename":"subprocess.py","lineno":99}
{"timestamp":"2026-05-06T04:01:25.613632Z","level":"info","event":"\u001b[0m04:01:25  9 of 12 START sql view model public.int_volume_analytics ....................... [RUN]","logger":"airflow.task.hooks.airflow.providers.standard.hooks.subprocess.SubprocessHook","filename":"subprocess.py","lineno":99}
{"timestamp":"2026-05-06T04:01:25.634379Z","level":"info","event":"\u001b[0m04:01:25  9 of 12 OK created sql view model public.int_volume_analytics .................. [\u001b[32mCREATE VIEW\u001b[0m in 0.02s]","logger":"airflow.task.hooks.airflow.providers.standard.hooks.subprocess.SubprocessHook","filename":"subprocess.py","lineno":99}
{"timestamp":"2026-05-06T04:01:25.635201Z","level":"info","event":"\u001b[0m04:01:25  10 of 12 SKIP relation public.int_volatility ................................... [\u001b[33mSKIP\u001b[0m]","logger":"airflow.task.hooks.airflow.providers.standard.hooks.subprocess.SubprocessHook","filename":"subprocess.py","lineno":99}
{"timestamp":"2026-05-06T04:01:25.636174Z","level":"info","event":"\u001b[0m04:01:25  11 of 12 SKIP relation public.int_stock_features ............................... [\u001b[33mSKIP\u001b[0m]","logger":"airflow.task.hooks.airflow.providers.standard.hooks.subprocess.SubprocessHook","filename":"subprocess.py","lineno":99}
{"timestamp":"2026-05-06T04:01:25.637358Z","level":"info","event":"\u001b[0m04:01:25  12 of 12 SKIP relation public.mart_stock_snapshot .............................. [\u001b[33mSKIP\u001b[0m]","logger":"airflow.task.hooks.airflow.providers.standard.hooks.subprocess.SubprocessHook","filename":"subprocess.py","lineno":99}
{"timestamp":"2026-05-06T04:01:25.645003Z","level":"info","event":"\u001b[0m04:01:25","logger":"airflow.task.hooks.airflow.providers.standard.hooks.subprocess.SubprocessHook","filename":"subprocess.py","lineno":99}
{"timestamp":"2026-05-06T04:01:25.645175Z","level":"info","event":"\u001b[0m04:01:25  Finished running 5 incremental models, 7 view models in 0 hours 0 minutes and 0.38 seconds (0.38s).","logger":"airflow.task.hooks.airflow.providers.standard.hooks.subprocess.SubprocessHook","filename":"subprocess.py","lineno":99}
{"timestamp":"2026-05-06T04:01:25.672876Z","level":"info","event":"\u001b[0m04:01:25","logger":"airflow.task.hooks.airflow.providers.standard.hooks.subprocess.SubprocessHook","filename":"subprocess.py","lineno":99}
{"timestamp":"2026-05-06T04:01:25.673076Z","level":"info","event":"\u001b[0m04:01:25  \u001b[31mCompleted with 5 errors, 0 partial successes, and 0 warnings:\u001b[0m","logger":"airflow.task.hooks.airflow.providers.standard.hooks.subprocess.SubprocessHook","filename":"subprocess.py","lineno":99}
{"timestamp":"2026-05-06T04:01:25.673276Z","level":"info","event":"\u001b[0m04:01:25","logger":"airflow.task.hooks.airflow.providers.standard.hooks.subprocess.SubprocessHook","filename":"subprocess.py","lineno":99}
{"timestamp":"2026-05-06T04:01:25.673491Z","level":"info","event":"\u001b[0m04:01:25  \u001b[31mFailure in model dividend_growth_inception (models/marts/dividend_growth_inception.sql)\u001b[0m","logger":"airflow.task.hooks.airflow.providers.standard.hooks.subprocess.SubprocessHook","filename":"subprocess.py","lineno":99}
{"timestamp":"2026-05-06T04:01:25.673708Z","level":"info","event":"\u001b[0m04:01:25    Database Error in model dividend_growth_inception (models/marts/dividend_growth_inception.sql)","logger":"airflow.task.hooks.airflow.providers.standard.hooks.subprocess.SubprocessHook","filename":"subprocess.py","lineno":99}
{"timestamp":"2026-05-06T04:01:25.673746Z","level":"info","event":"  column \"first_payout\" does not exist","logger":"airflow.task.hooks.airflow.providers.standard.hooks.subprocess.SubprocessHook","filename":"subprocess.py","lineno":99}
{"timestamp":"2026-05-06T04:01:25.673770Z","level":"info","event":"  LINE 26:     amount - first_payout AS delta_growth_since_inception,","logger":"airflow.task.hooks.airflow.providers.standard.hooks.subprocess.SubprocessHook","filename":"subprocess.py","lineno":99}
{"timestamp":"2026-05-06T04:01:25.673789Z","level":"info","event":"                        ^","logger":"airflow.task.hooks.airflow.providers.standard.hooks.subprocess.SubprocessHook","filename":"subprocess.py","lineno":99}
{"timestamp":"2026-05-06T04:01:25.673805Z","level":"info","event":"  compiled code at target/run/dbt_databases/models/marts/dividend_growth_inception.sql","logger":"airflow.task.hooks.airflow.providers.standard.hooks.subprocess.SubprocessHook","filename":"subprocess.py","lineno":99}
{"timestamp":"2026-05-06T04:01:25.673875Z","level":"info","event":"\u001b[0m04:01:25","logger":"airflow.task.hooks.airflow.providers.standard.hooks.subprocess.SubprocessHook","filename":"subprocess.py","lineno":99}
{"timestamp":"2026-05-06T04:01:25.674078Z","level":"info","event":"\u001b[0m04:01:25    compiled code at target/compiled/dbt_databases/models/marts/dividend_growth_inception.sql","logger":"airflow.task.hooks.airflow.providers.standard.hooks.subprocess.SubprocessHook","filename":"subprocess.py","lineno":99}
{"timestamp":"2026-05-06T04:01:25.674250Z","level":"info","event":"\u001b[0m04:01:25","logger":"airflow.task.hooks.airflow.providers.standard.hooks.subprocess.SubprocessHook","filename":"subprocess.py","lineno":99}
{"timestamp":"2026-05-06T04:01:25.674454Z","level":"info","event":"\u001b[0m04:01:25  \u001b[31mFailure in model dividend_growth_rate (models/marts/dividend_growth_rate.sql)\u001b[0m","logger":"airflow.task.hooks.airflow.providers.standard.hooks.subprocess.SubprocessHook","filename":"subprocess.py","lineno":99}
{"timestamp":"2026-05-06T04:01:25.674674Z","level":"info","event":"\u001b[0m04:01:25    Database Error in model dividend_growth_rate (models/marts/dividend_growth_rate.sql)","logger":"airflow.task.hooks.airflow.providers.standard.hooks.subprocess.SubprocessHook","filename":"subprocess.py","lineno":99}
{"timestamp":"2026-05-06T04:01:25.674736Z","level":"info","event":"  column \"growth_rate\" does not exist","logger":"airflow.task.hooks.airflow.providers.standard.hooks.subprocess.SubprocessHook","filename":"subprocess.py","lineno":99}
{"timestamp":"2026-05-06T04:01:25.674760Z","level":"info","event":"  LINE 5: ...\"year\", \"payouts_this_year\", \"payouts_last_year\", \"growth_ra...","logger":"airflow.task.hooks.airflow.providers.standard.hooks.subprocess.SubprocessHook","filename":"subprocess.py","lineno":99}
{"timestamp":"2026-05-06T04:01:25.674779Z","level":"info","event":"                                                               ^","logger":"airflow.task.hooks.airflow.providers.standard.hooks.subprocess.SubprocessHook","filename":"subprocess.py","lineno":99}
{"timestamp":"2026-05-06T04:01:25.674795Z","level":"info","event":"  DETAIL:  There is a column named \"growth_rate\" in table \"dividend_growth_rate\", but it cannot be referenced from this part of the query.","logger":"airflow.task.hooks.airflow.providers.standard.hooks.subprocess.SubprocessHook","filename":"subprocess.py","lineno":99}
{"timestamp":"2026-05-06T04:01:25.674811Z","level":"info","event":"  compiled code at target/run/dbt_databases/models/marts/dividend_growth_rate.sql","logger":"airflow.task.hooks.airflow.providers.standard.hooks.subprocess.SubprocessHook","filename":"subprocess.py","lineno":99}
{"timestamp":"2026-05-06T04:01:25.674829Z","level":"info","event":"\u001b[0m04:01:25","logger":"airflow.task.hooks.airflow.providers.standard.hooks.subprocess.SubprocessHook","filename":"subprocess.py","lineno":99}
{"timestamp":"2026-05-06T04:01:25.675011Z","level":"info","event":"\u001b[0m04:01:25    compiled code at target/compiled/dbt_databases/models/marts/dividend_growth_rate.sql","logger":"airflow.task.hooks.airflow.providers.standard.hooks.subprocess.SubprocessHook","filename":"subprocess.py","lineno":99}
{"timestamp":"2026-05-06T04:01:25.675174Z","level":"info","event":"\u001b[0m04:01:25","logger":"airflow.task.hooks.airflow.providers.standard.hooks.subprocess.SubprocessHook","filename":"subprocess.py","lineno":99}
{"timestamp":"2026-05-06T04:01:25.675390Z","level":"info","event":"\u001b[0m04:01:25  \u001b[31mFailure in model dim_week (models/marts/dimensions/dim_week.sql)\u001b[0m","logger":"airflow.task.hooks.airflow.providers.standard.hooks.subprocess.SubprocessHook","filename":"subprocess.py","lineno":99}
{"timestamp":"2026-05-06T04:01:25.675637Z","level":"info","event":"\u001b[0m04:01:25    Database Error in model dim_week (models/marts/dimensions/dim_week.sql)","logger":"airflow.task.hooks.airflow.providers.standard.hooks.subprocess.SubprocessHook","filename":"subprocess.py","lineno":99}
{"timestamp":"2026-05-06T04:01:25.675695Z","level":"info","event":"  column \"year\" does not exist","logger":"airflow.task.hooks.airflow.providers.standard.hooks.subprocess.SubprocessHook","filename":"subprocess.py","lineno":99}
{"timestamp":"2026-05-06T04:01:25.675731Z","level":"info","event":"  LINE 23:     CONCAT(year, '-W', LPAD(week, 2, \"0\")) AS year_week","logger":"airflow.task.hooks.airflow.providers.standard.hooks.subprocess.SubprocessHook","filename":"subprocess.py","lineno":99}
{"timestamp":"2026-05-06T04:01:25.675759Z","level":"info","event":"                      ^","logger":"airflow.task.hooks.airflow.providers.standard.hooks.subprocess.SubprocessHook","filename":"subprocess.py","lineno":99}
{"timestamp":"2026-05-06T04:01:25.675783Z","level":"info","event":"  compiled code at target/run/dbt_databases/models/marts/dimensions/dim_week.sql","logger":"airflow.task.hooks.airflow.providers.standard.hooks.subprocess.SubprocessHook","filename":"subprocess.py","lineno":99}
{"timestamp":"2026-05-06T04:01:25.675809Z","level":"info","event":"\u001b[0m04:01:25","logger":"airflow.task.hooks.airflow.providers.standard.hooks.subprocess.SubprocessHook","filename":"subprocess.py","lineno":99}
{"timestamp":"2026-05-06T04:01:25.676003Z","level":"info","event":"\u001b[0m04:01:25    compiled code at target/compiled/dbt_databases/models/marts/dimensions/dim_week.sql","logger":"airflow.task.hooks.airflow.providers.standard.hooks.subprocess.SubprocessHook","filename":"subprocess.py","lineno":99}
{"timestamp":"2026-05-06T04:01:25.676166Z","level":"info","event":"\u001b[0m04:01:25","logger":"airflow.task.hooks.airflow.providers.standard.hooks.subprocess.SubprocessHook","filename":"subprocess.py","lineno":99}
{"timestamp":"2026-05-06T04:01:25.676359Z","level":"info","event":"\u001b[0m04:01:25  \u001b[31mFailure in model int_moving_averages (models/intermediates/int_moving_averages.sql)\u001b[0m","logger":"airflow.task.hooks.airflow.providers.standard.hooks.subprocess.SubprocessHook","filename":"subprocess.py","lineno":99}
{"timestamp":"2026-05-06T04:01:25.676561Z","level":"info","event":"\u001b[0m04:01:25    Database Error in model int_moving_averages (models/intermediates/int_moving_averages.sql)","logger":"airflow.task.hooks.airflow.providers.standard.hooks.subprocess.SubprocessHook","filename":"subprocess.py","lineno":99}
{"timestamp":"2026-05-06T04:01:25.676603Z","level":"info","event":"  syntax error at or near \"FROM\"","logger":"airflow.task.hooks.airflow.providers.standard.hooks.subprocess.SubprocessHook","filename":"subprocess.py","lineno":99}
{"timestamp":"2026-05-06T04:01:25.676627Z","level":"info","event":"  LINE 16:     FROM \"market_data\".\"public\".\"stg_time_series_weekly\"","logger":"airflow.task.hooks.airflow.providers.standard.hooks.subprocess.SubprocessHook","filename":"subprocess.py","lineno":99}
{"timestamp":"2026-05-06T04:01:25.676644Z","level":"info","event":"               ^","logger":"airflow.task.hooks.airflow.providers.standard.hooks.subprocess.SubprocessHook","filename":"subprocess.py","lineno":99}
{"timestamp":"2026-05-06T04:01:25.676660Z","level":"info","event":"  compiled code at target/run/dbt_databases/models/intermediates/int_moving_averages.sql","logger":"airflow.task.hooks.airflow.providers.standard.hooks.subprocess.SubprocessHook","filename":"subprocess.py","lineno":99}
{"timestamp":"2026-05-06T04:01:25.676718Z","level":"info","event":"\u001b[0m04:01:25","logger":"airflow.task.hooks.airflow.providers.standard.hooks.subprocess.SubprocessHook","filename":"subprocess.py","lineno":99}
{"timestamp":"2026-05-06T04:01:25.676906Z","level":"info","event":"\u001b[0m04:01:25    compiled code at target/compiled/dbt_databases/models/intermediates/int_moving_averages.sql","logger":"airflow.task.hooks.airflow.providers.standard.hooks.subprocess.SubprocessHook","filename":"subprocess.py","lineno":99}
{"timestamp":"2026-05-06T04:01:25.677077Z","level":"info","event":"\u001b[0m04:01:25","logger":"airflow.task.hooks.airflow.providers.standard.hooks.subprocess.SubprocessHook","filename":"subprocess.py","lineno":99}
{"timestamp":"2026-05-06T04:01:25.677273Z","level":"info","event":"\u001b[0m04:01:25  \u001b[31mFailure in model int_returns (models/intermediates/int_returns.sql)\u001b[0m","logger":"airflow.task.hooks.airflow.providers.standard.hooks.subprocess.SubprocessHook","filename":"subprocess.py","lineno":99}
{"timestamp":"2026-05-06T04:01:25.677473Z","level":"info","event":"\u001b[0m04:01:25    Database Error in model int_returns (models/intermediates/int_returns.sql)","logger":"airflow.task.hooks.airflow.providers.standard.hooks.subprocess.SubprocessHook","filename":"subprocess.py","lineno":99}
{"timestamp":"2026-05-06T04:01:25.677509Z","level":"info","event":"  column \"volume\" does not exist","logger":"airflow.task.hooks.airflow.providers.standard.hooks.subprocess.SubprocessHook","filename":"subprocess.py","lineno":99}
{"timestamp":"2026-05-06T04:01:25.677530Z","level":"info","event":"  LINE 31:    weekly_return * volume AS price_volume_confirmation","logger":"airflow.task.hooks.airflow.providers.standard.hooks.subprocess.SubprocessHook","filename":"subprocess.py","lineno":99}
{"timestamp":"2026-05-06T04:01:25.677545Z","level":"info","event":"                              ^","logger":"airflow.task.hooks.airflow.providers.standard.hooks.subprocess.SubprocessHook","filename":"subprocess.py","lineno":99}
{"timestamp":"2026-05-06T04:01:25.677559Z","level":"info","event":"  compiled code at target/run/dbt_databases/models/intermediates/int_returns.sql","logger":"airflow.task.hooks.airflow.providers.standard.hooks.subprocess.SubprocessHook","filename":"subprocess.py","lineno":99}
{"timestamp":"2026-05-06T04:01:25.677630Z","level":"info","event":"\u001b[0m04:01:25","logger":"airflow.task.hooks.airflow.providers.standard.hooks.subprocess.SubprocessHook","filename":"subprocess.py","lineno":99}
{"timestamp":"2026-05-06T04:01:25.677819Z","level":"info","event":"\u001b[0m04:01:25    compiled code at target/compiled/dbt_databases/models/intermediates/int_returns.sql","logger":"airflow.task.hooks.airflow.providers.standard.hooks.subprocess.SubprocessHook","filename":"subprocess.py","lineno":99}
{"timestamp":"2026-05-06T04:01:25.677989Z","level":"info","event":"\u001b[0m04:01:25","logger":"airflow.task.hooks.airflow.providers.standard.hooks.subprocess.SubprocessHook","filename":"subprocess.py","lineno":99}
{"timestamp":"2026-05-06T04:01:25.678196Z","level":"info","event":"\u001b[0m04:01:25  Done. PASS=4 WARN=0 ERROR=5 SKIP=3 NO-OP=0 TOTAL=12","logger":"airflow.task.hooks.airflow.providers.standard.hooks.subprocess.SubprocessHook","filename":"subprocess.py","lineno":99}
{"timestamp":"2026-05-06T04:01:26.122093Z","level":"info","event":"Command exited with return code 1","logger":"airflow.task.hooks.airflow.providers.standard.hooks.subprocess.SubprocessHook","filename":"subprocess.py","lineno":103}
{"timestamp":"2026-05-06T04:01:26.122528Z","level":"error","event":"Task failed with exception","logger":"task","filename":"task_runner.py","lineno":1325,"error_detail":[{"exc_type":"AirflowException","exc_value":"Bash command failed. The command returned a non-zero exit code 1.","exc_notes":[],"syntax_error":null,"is_cause":false,"frames":[{"filename":"/home/airflow/.local/lib/python3.13/site-packages/airflow/sdk/execution_time/task_runner.py","lineno":1263,"name":"run"},{"filename":"/home/airflow/.local/lib/python3.13/site-packages/airflow/sdk/execution_time/task_runner.py","lineno":1678,"name":"_execute_task"},{"filename":"/home/airflow/.local/lib/python3.13/site-packages/airflow/sdk/bases/operator.py","lineno":443,"name":"wrapper"},{"filename":"/home/airflow/.local/lib/python3.13/site-packages/airflow/providers/standard/operators/bash.py","lineno":226,"name":"execute"}],"is_group":false,"exceptions":[]}]}
{"timestamp":"2026-05-06T04:01:26.123281Z","level":"info","event":"Task instance in failure state","logger":"task.stdout"}
{"timestamp":"2026-05-06T04:01:26.123466Z","level":"info","event":"Task start","logger":"task.stdout"}
{"timestamp":"2026-05-06T04:01:26.123526Z","level":"info","event":"Task:<Task(BashOperator): transform_market_data>","logger":"task.stdout"}
{"timestamp":"2026-05-06T04:01:26.123552Z","level":"info","event":"Failure caused by Bash command failed. The command returned a non-zero exit code 1.","logger":"task.stdout"}
