{"timestamp":"2026-05-04T00:00:20.297573Z","level":"info","event":"DAG bundles loaded: dags-folder, example_dags","logger":"airflow.dag_processing.bundles.manager.DagBundlesManager","filename":"manager.py","lineno":209}
{"timestamp":"2026-05-04T00:00:20.298198Z","level":"info","event":"Filling up the DagBag from /opt/airflow/dags/market_data_pipeline.py","logger":"airflow.dag_processing.dagbag.BundleDagBag","filename":"dagbag.py","lineno":469}
{"timestamp":"2026-05-04T00:00:20.306490Z","level":"warning","event":"The `airflow.operators.trigger_dagrun.TriggerDagRunOperator` attribute is deprecated. Please use `'airflow.providers.standard.operators.trigger_dagrun.TriggerDagRunOperator'`.","category":"UserWarning","filename":"/opt/airflow/dags/market_data_pipeline.py","lineno":5,"logger":"py.warnings"}
{"timestamp":"2026-05-04T00:00:20.320101Z","level":"info","event":"Task instance is in running state","logger":"task.stdout"}
{"timestamp":"2026-05-04T00:00:20.320166Z","level":"info","event":" Previous state of the Task instance: TaskInstanceState.QUEUED","logger":"task.stdout"}
{"timestamp":"2026-05-04T00:00:20.320278Z","level":"info","event":"Current task name:market_data_docs","logger":"task.stdout"}
{"timestamp":"2026-05-04T00:00:20.320313Z","level":"info","event":"Dag name:market_data_generate_docs","logger":"task.stdout"}
{"timestamp":"2026-05-04T00:00:20.320704Z","level":"info","event":"Tmp dir root location: /tmp","logger":"airflow.task.hooks.airflow.providers.standard.hooks.subprocess.SubprocessHook","filename":"subprocess.py","lineno":78}
{"timestamp":"2026-05-04T00:00:20.321590Z","level":"info","event":"Running command: ['/usr/bin/bash', '-c', 'cd /opt/dbt/dbt_databases && dbt docs generate --profiles-dir /opt/dbt/dbt_databases']","logger":"airflow.task.hooks.airflow.providers.standard.hooks.subprocess.SubprocessHook","filename":"subprocess.py","lineno":80}
{"timestamp":"2026-05-04T00:00:20.322125Z","level":"info","event":"Output:","logger":"airflow.task.hooks.airflow.providers.standard.hooks.subprocess.SubprocessHook","filename":"subprocess.py","lineno":92}
{"timestamp":"2026-05-04T00:00:21.449396Z","level":"info","event":"\u001b[0m00:00:21  Running with dbt=1.11.8","logger":"airflow.task.hooks.airflow.providers.standard.hooks.subprocess.SubprocessHook","filename":"subprocess.py","lineno":99}
{"timestamp":"2026-05-04T00:00:21.630196Z","level":"info","event":"\u001b[0m00:00:21  Registered adapter: postgres=1.10.0","logger":"airflow.task.hooks.airflow.providers.standard.hooks.subprocess.SubprocessHook","filename":"subprocess.py","lineno":99}
{"timestamp":"2026-05-04T00:00:21.844649Z","level":"info","event":"\u001b[0m00:00:21  Found 6 models, 8 data tests, 2 sources, 581 macros","logger":"airflow.task.hooks.airflow.providers.standard.hooks.subprocess.SubprocessHook","filename":"subprocess.py","lineno":99}
{"timestamp":"2026-05-04T00:00:21.846249Z","level":"info","event":"\u001b[0m00:00:21","logger":"airflow.task.hooks.airflow.providers.standard.hooks.subprocess.SubprocessHook","filename":"subprocess.py","lineno":99}
{"timestamp":"2026-05-04T00:00:21.846482Z","level":"info","event":"\u001b[0m00:00:21  Concurrency: 1 threads (target='dev')","logger":"airflow.task.hooks.airflow.providers.standard.hooks.subprocess.SubprocessHook","filename":"subprocess.py","lineno":99}
{"timestamp":"2026-05-04T00:00:21.846667Z","level":"info","event":"\u001b[0m00:00:21","logger":"airflow.task.hooks.airflow.providers.standard.hooks.subprocess.SubprocessHook","filename":"subprocess.py","lineno":99}
{"timestamp":"2026-05-04T00:00:22.108853Z","level":"info","event":"\u001b[0m00:00:22  Building catalog","logger":"airflow.task.hooks.airflow.providers.standard.hooks.subprocess.SubprocessHook","filename":"subprocess.py","lineno":99}
{"timestamp":"2026-05-04T00:00:22.161889Z","level":"info","event":"\u001b[0m00:00:22  Catalog written to /opt/dbt/dbt_databases/target/catalog.json","logger":"airflow.task.hooks.airflow.providers.standard.hooks.subprocess.SubprocessHook","filename":"subprocess.py","lineno":99}
{"timestamp":"2026-05-04T00:00:22.553151Z","level":"info","event":"Command exited with return code 0","logger":"airflow.task.hooks.airflow.providers.standard.hooks.subprocess.SubprocessHook","filename":"subprocess.py","lineno":103}
{"timestamp":"2026-05-04T00:00:22.554200Z","level":"info","event":"Pushing xcom","ti":"RuntimeTaskInstance(id=UUID('019df049-2777-7f8f-9293-7ba42921bdb4'), task_id='market_data_docs', dag_id='market_data_generate_docs', run_id='manual__2026-05-04T00:00:19.221217+00:00', try_number=1, dag_version_id=UUID('019defbc-e254-75e3-a607-468ae05600d6'), map_index=-1, hostname='4990c1cbd261', context_carrier={'traceparent': '00-38557b65f29015a6be2c127fec3ee79e-38d2f0e7433f72e3-01'}, task=<Task(BashOperator): market_data_docs>, bundle_instance=LocalDagBundle(name=dags-folder), max_tries=0, start_date=datetime.datetime(2026, 5, 4, 0, 0, 20, 53663, tzinfo=datetime.timezone.utc), end_date=None, state=<TaskInstanceState.RUNNING: 'running'>, is_mapped=False, rendered_map_index=None, sentry_integration='')","logger":"task","filename":"task_runner.py","lineno":1724}
{"timestamp":"2026-05-04T00:00:22.578032Z","level":"info","event":"Task instance in success state","logger":"task.stdout"}
{"timestamp":"2026-05-04T00:00:22.578132Z","level":"info","event":" Previous state of the Task instance: TaskInstanceState.RUNNING","logger":"task.stdout"}
{"timestamp":"2026-05-04T00:00:22.578248Z","level":"info","event":"Task operator:<Task(BashOperator): market_data_docs>","logger":"task.stdout"}
