{"timestamp":"2026-05-06T04:24:00.377430Z","level":"info","event":"DAG bundles loaded: dags-folder, example_dags","logger":"airflow.dag_processing.bundles.manager.DagBundlesManager","filename":"manager.py","lineno":209}
{"timestamp":"2026-05-06T04:24:00.377982Z","level":"info","event":"Filling up the DagBag from /opt/airflow/dags/market_data_pipeline.py","logger":"airflow.dag_processing.dagbag.BundleDagBag","filename":"dagbag.py","lineno":469}
{"timestamp":"2026-05-06T04:24:00.386831Z","level":"warning","event":"The `airflow.operators.trigger_dagrun.TriggerDagRunOperator` attribute is deprecated. Please use `'airflow.providers.standard.operators.trigger_dagrun.TriggerDagRunOperator'`.","category":"UserWarning","filename":"/opt/airflow/dags/market_data_pipeline.py","lineno":5,"logger":"py.warnings"}
{"timestamp":"2026-05-06T04:24:00.404500Z","level":"info","event":"Task instance is in running state","logger":"task.stdout"}
{"timestamp":"2026-05-06T04:24:00.404588Z","level":"info","event":" Previous state of the Task instance: TaskInstanceState.QUEUED","logger":"task.stdout"}
{"timestamp":"2026-05-06T04:24:00.404642Z","level":"info","event":"Current task name:transform_market_data","logger":"task.stdout"}
{"timestamp":"2026-05-06T04:24:00.404670Z","level":"info","event":"Dag name:market_data_transform","logger":"task.stdout"}
{"timestamp":"2026-05-06T04:24:00.405043Z","level":"info","event":"Tmp dir root location: /tmp","logger":"airflow.task.hooks.airflow.providers.standard.hooks.subprocess.SubprocessHook","filename":"subprocess.py","lineno":78}
{"timestamp":"2026-05-06T04:24:00.405916Z","level":"info","event":"Running command: ['/usr/bin/bash', '-c', 'cd /opt/dbt/dbt_databases && dbt run --profiles-dir /opt/dbt/dbt_databases']","logger":"airflow.task.hooks.airflow.providers.standard.hooks.subprocess.SubprocessHook","filename":"subprocess.py","lineno":80}
{"timestamp":"2026-05-06T04:24:00.406440Z","level":"info","event":"Output:","logger":"airflow.task.hooks.airflow.providers.standard.hooks.subprocess.SubprocessHook","filename":"subprocess.py","lineno":92}
{"timestamp":"2026-05-06T04:24:01.485064Z","level":"info","event":"\u001b[0m04:24:01  Running with dbt=1.11.8","logger":"airflow.task.hooks.airflow.providers.standard.hooks.subprocess.SubprocessHook","filename":"subprocess.py","lineno":99}
{"timestamp":"2026-05-06T04:24:01.646202Z","level":"info","event":"\u001b[0m04:24:01  Registered adapter: postgres=1.10.0","logger":"airflow.task.hooks.airflow.providers.standard.hooks.subprocess.SubprocessHook","filename":"subprocess.py","lineno":99}
{"timestamp":"2026-05-06T04:24:02.065049Z","level":"info","event":"\u001b[0m04:24:02  [\u001b[33mWARNING\u001b[0m][MissingArgumentsPropertyInGenericTestDeprecation]: Deprecated","logger":"airflow.task.hooks.airflow.providers.standard.hooks.subprocess.SubprocessHook","filename":"subprocess.py","lineno":99}
{"timestamp":"2026-05-06T04:24:02.065171Z","level":"info","event":"functionality","logger":"airflow.task.hooks.airflow.providers.standard.hooks.subprocess.SubprocessHook","filename":"subprocess.py","lineno":99}
{"timestamp":"2026-05-06T04:24:02.065201Z","level":"info","event":"Found top-level arguments to test `dbt_utils.accepted_range` defined on","logger":"airflow.task.hooks.airflow.providers.standard.hooks.subprocess.SubprocessHook","filename":"subprocess.py","lineno":99}
{"timestamp":"2026-05-06T04:24:02.065221Z","level":"info","event":"'dividend_growth_rate' in package 'dbt_databases' (models/marts/schema.yml).","logger":"airflow.task.hooks.airflow.providers.standard.hooks.subprocess.SubprocessHook","filename":"subprocess.py","lineno":99}
{"timestamp":"2026-05-06T04:24:02.065247Z","level":"info","event":"Arguments to generic tests should be nested under the `arguments` property.","logger":"airflow.task.hooks.airflow.providers.standard.hooks.subprocess.SubprocessHook","filename":"subprocess.py","lineno":99}
{"timestamp":"2026-05-06T04:24:02.203072Z","level":"info","event":"\u001b[0m04:24:02  Found 12 models, 17 data tests, 2 sources, 581 macros","logger":"airflow.task.hooks.airflow.providers.standard.hooks.subprocess.SubprocessHook","filename":"subprocess.py","lineno":99}
{"timestamp":"2026-05-06T04:24:02.205382Z","level":"info","event":"\u001b[0m04:24:02","logger":"airflow.task.hooks.airflow.providers.standard.hooks.subprocess.SubprocessHook","filename":"subprocess.py","lineno":99}
{"timestamp":"2026-05-06T04:24:02.205594Z","level":"info","event":"\u001b[0m04:24:02  Concurrency: 1 threads (target='dev')","logger":"airflow.task.hooks.airflow.providers.standard.hooks.subprocess.SubprocessHook","filename":"subprocess.py","lineno":99}
{"timestamp":"2026-05-06T04:24:02.205813Z","level":"info","event":"\u001b[0m04:24:02","logger":"airflow.task.hooks.airflow.providers.standard.hooks.subprocess.SubprocessHook","filename":"subprocess.py","lineno":99}
{"timestamp":"2026-05-06T04:24:02.283280Z","level":"info","event":"\u001b[0m04:24:02  1 of 12 START sql view model public.stg_dividend ............................... [RUN]","logger":"airflow.task.hooks.airflow.providers.standard.hooks.subprocess.SubprocessHook","filename":"subprocess.py","lineno":99}
{"timestamp":"2026-05-06T04:24:02.361665Z","level":"info","event":"\u001b[0m04:24:02  1 of 12 OK created sql view model public.stg_dividend .......................... [\u001b[32mCREATE VIEW\u001b[0m in 0.08s]","logger":"airflow.task.hooks.airflow.providers.standard.hooks.subprocess.SubprocessHook","filename":"subprocess.py","lineno":99}
{"timestamp":"2026-05-06T04:24:02.362580Z","level":"info","event":"\u001b[0m04:24:02  2 of 12 START sql view model public.stg_time_series_weekly ..................... [RUN]","logger":"airflow.task.hooks.airflow.providers.standard.hooks.subprocess.SubprocessHook","filename":"subprocess.py","lineno":99}
{"timestamp":"2026-05-06T04:24:02.396119Z","level":"info","event":"\u001b[0m04:24:02  2 of 12 OK created sql view model public.stg_time_series_weekly ................ [\u001b[32mCREATE VIEW\u001b[0m in 0.03s]","logger":"airflow.task.hooks.airflow.providers.standard.hooks.subprocess.SubprocessHook","filename":"subprocess.py","lineno":99}
{"timestamp":"2026-05-06T04:24:02.397491Z","level":"info","event":"\u001b[0m04:24:02  3 of 12 START sql incremental model public.dividend_growth_inception ........... [RUN]","logger":"airflow.task.hooks.airflow.providers.standard.hooks.subprocess.SubprocessHook","filename":"subprocess.py","lineno":99}
{"timestamp":"2026-05-06T04:24:02.496755Z","level":"info","event":"\u001b[0m04:24:02  3 of 12 OK created sql incremental model public.dividend_growth_inception ...... [\u001b[32mINSERT 0 166\u001b[0m in 0.10s]","logger":"airflow.task.hooks.airflow.providers.standard.hooks.subprocess.SubprocessHook","filename":"subprocess.py","lineno":99}
{"timestamp":"2026-05-06T04:24:02.498139Z","level":"info","event":"\u001b[0m04:24:02  4 of 12 START sql incremental model public.dividend_growth_rate ................ [RUN]","logger":"airflow.task.hooks.airflow.providers.standard.hooks.subprocess.SubprocessHook","filename":"subprocess.py","lineno":99}
{"timestamp":"2026-05-06T04:24:02.543198Z","level":"info","event":"\u001b[0m04:24:02  4 of 12 ERROR creating sql incremental model public.dividend_growth_rate ....... [\u001b[31mERROR\u001b[0m in 0.04s]","logger":"airflow.task.hooks.airflow.providers.standard.hooks.subprocess.SubprocessHook","filename":"subprocess.py","lineno":99}
{"timestamp":"2026-05-06T04:24:02.544230Z","level":"info","event":"\u001b[0m04:24:02  5 of 12 START sql incremental model public.dim_week ............................ [RUN]","logger":"airflow.task.hooks.airflow.providers.standard.hooks.subprocess.SubprocessHook","filename":"subprocess.py","lineno":99}
{"timestamp":"2026-05-06T04:24:02.588466Z","level":"info","event":"\u001b[0m04:24:02  5 of 12 OK created sql incremental model public.dim_week ....................... [\u001b[32mINSERT 0 1382\u001b[0m in 0.04s]","logger":"airflow.task.hooks.airflow.providers.standard.hooks.subprocess.SubprocessHook","filename":"subprocess.py","lineno":99}
{"timestamp":"2026-05-06T04:24:02.589334Z","level":"info","event":"\u001b[0m04:24:02  6 of 12 START sql view model public.int_moving_averages ........................ [RUN]","logger":"airflow.task.hooks.airflow.providers.standard.hooks.subprocess.SubprocessHook","filename":"subprocess.py","lineno":99}
{"timestamp":"2026-05-06T04:24:02.616403Z","level":"info","event":"\u001b[0m04:24:02  6 of 12 OK created sql view model public.int_moving_averages ................... [\u001b[32mCREATE VIEW\u001b[0m in 0.03s]","logger":"airflow.task.hooks.airflow.providers.standard.hooks.subprocess.SubprocessHook","filename":"subprocess.py","lineno":99}
{"timestamp":"2026-05-06T04:24:02.617423Z","level":"info","event":"\u001b[0m04:24:02  7 of 12 START sql view model public.int_ohlc ................................... [RUN]","logger":"airflow.task.hooks.airflow.providers.standard.hooks.subprocess.SubprocessHook","filename":"subprocess.py","lineno":99}
{"timestamp":"2026-05-06T04:24:02.643297Z","level":"info","event":"\u001b[0m04:24:02  7 of 12 OK created sql view model public.int_ohlc .............................. [\u001b[32mCREATE VIEW\u001b[0m in 0.02s]","logger":"airflow.task.hooks.airflow.providers.standard.hooks.subprocess.SubprocessHook","filename":"subprocess.py","lineno":99}
{"timestamp":"2026-05-06T04:24:02.644332Z","level":"info","event":"\u001b[0m04:24:02  8 of 12 START sql view model public.int_returns ................................ [RUN]","logger":"airflow.task.hooks.airflow.providers.standard.hooks.subprocess.SubprocessHook","filename":"subprocess.py","lineno":99}
{"timestamp":"2026-05-06T04:24:02.670687Z","level":"info","event":"\u001b[0m04:24:02  8 of 12 OK created sql view model public.int_returns ........................... [\u001b[32mCREATE VIEW\u001b[0m in 0.03s]","logger":"airflow.task.hooks.airflow.providers.standard.hooks.subprocess.SubprocessHook","filename":"subprocess.py","lineno":99}
{"timestamp":"2026-05-06T04:24:02.671902Z","level":"info","event":"\u001b[0m04:24:02  9 of 12 START sql view model public.int_volume_analytics ....................... [RUN]","logger":"airflow.task.hooks.airflow.providers.standard.hooks.subprocess.SubprocessHook","filename":"subprocess.py","lineno":99}
{"timestamp":"2026-05-06T04:24:02.696605Z","level":"info","event":"\u001b[0m04:24:02  9 of 12 OK created sql view model public.int_volume_analytics .................. [\u001b[32mCREATE VIEW\u001b[0m in 0.02s]","logger":"airflow.task.hooks.airflow.providers.standard.hooks.subprocess.SubprocessHook","filename":"subprocess.py","lineno":99}
{"timestamp":"2026-05-06T04:24:02.697659Z","level":"info","event":"\u001b[0m04:24:02  10 of 12 START sql view model public.int_volatility ............................ [RUN]","logger":"airflow.task.hooks.airflow.providers.standard.hooks.subprocess.SubprocessHook","filename":"subprocess.py","lineno":99}
{"timestamp":"2026-05-06T04:24:02.725115Z","level":"info","event":"\u001b[0m04:24:02  10 of 12 OK created sql view model public.int_volatility ....................... [\u001b[32mCREATE VIEW\u001b[0m in 0.03s]","logger":"airflow.task.hooks.airflow.providers.standard.hooks.subprocess.SubprocessHook","filename":"subprocess.py","lineno":99}
{"timestamp":"2026-05-06T04:24:02.726518Z","level":"info","event":"\u001b[0m04:24:02  11 of 12 START sql incremental model public.int_stock_features ................. [RUN]","logger":"airflow.task.hooks.airflow.providers.standard.hooks.subprocess.SubprocessHook","filename":"subprocess.py","lineno":99}
{"timestamp":"2026-05-06T04:24:02.805286Z","level":"info","event":"\u001b[0m04:24:02  11 of 12 OK created sql incremental model public.int_stock_features ............ [\u001b[32mINSERT 0 1382\u001b[0m in 0.08s]","logger":"airflow.task.hooks.airflow.providers.standard.hooks.subprocess.SubprocessHook","filename":"subprocess.py","lineno":99}
{"timestamp":"2026-05-06T04:24:02.806880Z","level":"info","event":"\u001b[0m04:24:02  12 of 12 START sql incremental model public.mart_stock_snapshot ................ [RUN]","logger":"airflow.task.hooks.airflow.providers.standard.hooks.subprocess.SubprocessHook","filename":"subprocess.py","lineno":99}
{"timestamp":"2026-05-06T04:24:02.868804Z","level":"info","event":"\u001b[0m04:24:02  12 of 12 OK created sql incremental model public.mart_stock_snapshot ........... [\u001b[32mINSERT 0 5528\u001b[0m in 0.06s]","logger":"airflow.task.hooks.airflow.providers.standard.hooks.subprocess.SubprocessHook","filename":"subprocess.py","lineno":99}
{"timestamp":"2026-05-06T04:24:02.878187Z","level":"info","event":"\u001b[0m04:24:02","logger":"airflow.task.hooks.airflow.providers.standard.hooks.subprocess.SubprocessHook","filename":"subprocess.py","lineno":99}
{"timestamp":"2026-05-06T04:24:02.878446Z","level":"info","event":"\u001b[0m04:24:02  Finished running 5 incremental models, 7 view models in 0 hours 0 minutes and 0.67 seconds (0.67s).","logger":"airflow.task.hooks.airflow.providers.standard.hooks.subprocess.SubprocessHook","filename":"subprocess.py","lineno":99}
{"timestamp":"2026-05-06T04:24:02.914093Z","level":"info","event":"\u001b[0m04:24:02","logger":"airflow.task.hooks.airflow.providers.standard.hooks.subprocess.SubprocessHook","filename":"subprocess.py","lineno":99}
{"timestamp":"2026-05-06T04:24:02.914293Z","level":"info","event":"\u001b[0m04:24:02  \u001b[31mCompleted with 1 error, 0 partial successes, and 0 warnings:\u001b[0m","logger":"airflow.task.hooks.airflow.providers.standard.hooks.subprocess.SubprocessHook","filename":"subprocess.py","lineno":99}
{"timestamp":"2026-05-06T04:24:02.914555Z","level":"info","event":"\u001b[0m04:24:02","logger":"airflow.task.hooks.airflow.providers.standard.hooks.subprocess.SubprocessHook","filename":"subprocess.py","lineno":99}
{"timestamp":"2026-05-06T04:24:02.914838Z","level":"info","event":"\u001b[0m04:24:02  \u001b[31mFailure in model dividend_growth_rate (models/marts/dividend_growth_rate.sql)\u001b[0m","logger":"airflow.task.hooks.airflow.providers.standard.hooks.subprocess.SubprocessHook","filename":"subprocess.py","lineno":99}
{"timestamp":"2026-05-06T04:24:02.915152Z","level":"info","event":"\u001b[0m04:24:02    Database Error in model dividend_growth_rate (models/marts/dividend_growth_rate.sql)","logger":"airflow.task.hooks.airflow.providers.standard.hooks.subprocess.SubprocessHook","filename":"subprocess.py","lineno":99}
{"timestamp":"2026-05-06T04:24:02.915224Z","level":"info","event":"  column \"growth_rate\" does not exist","logger":"airflow.task.hooks.airflow.providers.standard.hooks.subprocess.SubprocessHook","filename":"subprocess.py","lineno":99}
{"timestamp":"2026-05-06T04:24:02.915257Z","level":"info","event":"  LINE 5: ...\"year\", \"payouts_this_year\", \"payouts_last_year\", \"growth_ra...","logger":"airflow.task.hooks.airflow.providers.standard.hooks.subprocess.SubprocessHook","filename":"subprocess.py","lineno":99}
{"timestamp":"2026-05-06T04:24:02.915305Z","level":"info","event":"                                                               ^","logger":"airflow.task.hooks.airflow.providers.standard.hooks.subprocess.SubprocessHook","filename":"subprocess.py","lineno":99}
{"timestamp":"2026-05-06T04:24:02.915358Z","level":"info","event":"  DETAIL:  There is a column named \"growth_rate\" in table \"dividend_growth_rate\", but it cannot be referenced from this part of the query.","logger":"airflow.task.hooks.airflow.providers.standard.hooks.subprocess.SubprocessHook","filename":"subprocess.py","lineno":99}
{"timestamp":"2026-05-06T04:24:02.915423Z","level":"info","event":"  compiled code at target/run/dbt_databases/models/marts/dividend_growth_rate.sql","logger":"airflow.task.hooks.airflow.providers.standard.hooks.subprocess.SubprocessHook","filename":"subprocess.py","lineno":99}
{"timestamp":"2026-05-06T04:24:02.915463Z","level":"info","event":"\u001b[0m04:24:02","logger":"airflow.task.hooks.airflow.providers.standard.hooks.subprocess.SubprocessHook","filename":"subprocess.py","lineno":99}
{"timestamp":"2026-05-06T04:24:02.915691Z","level":"info","event":"\u001b[0m04:24:02    compiled code at target/compiled/dbt_databases/models/marts/dividend_growth_rate.sql","logger":"airflow.task.hooks.airflow.providers.standard.hooks.subprocess.SubprocessHook","filename":"subprocess.py","lineno":99}
{"timestamp":"2026-05-06T04:24:02.915910Z","level":"info","event":"\u001b[0m04:24:02","logger":"airflow.task.hooks.airflow.providers.standard.hooks.subprocess.SubprocessHook","filename":"subprocess.py","lineno":99}
{"timestamp":"2026-05-06T04:24:02.916164Z","level":"info","event":"\u001b[0m04:24:02  Done. PASS=11 WARN=0 ERROR=1 SKIP=0 NO-OP=0 TOTAL=12","logger":"airflow.task.hooks.airflow.providers.standard.hooks.subprocess.SubprocessHook","filename":"subprocess.py","lineno":99}
{"timestamp":"2026-05-06T04:24:02.916626Z","level":"info","event":"\u001b[0m04:24:02  [\u001b[33mWARNING\u001b[0m][DeprecationsSummary]: Deprecated functionality","logger":"airflow.task.hooks.airflow.providers.standard.hooks.subprocess.SubprocessHook","filename":"subprocess.py","lineno":99}
{"timestamp":"2026-05-06T04:24:02.916673Z","level":"info","event":"Summary of encountered deprecations:","logger":"airflow.task.hooks.airflow.providers.standard.hooks.subprocess.SubprocessHook","filename":"subprocess.py","lineno":99}
{"timestamp":"2026-05-06T04:24:02.916702Z","level":"info","event":"- MissingArgumentsPropertyInGenericTestDeprecation: 1 occurrence","logger":"airflow.task.hooks.airflow.providers.standard.hooks.subprocess.SubprocessHook","filename":"subprocess.py","lineno":99}
{"timestamp":"2026-05-06T04:24:02.916721Z","level":"info","event":"To see all deprecation instances instead of just the first occurrence of each,","logger":"airflow.task.hooks.airflow.providers.standard.hooks.subprocess.SubprocessHook","filename":"subprocess.py","lineno":99}
{"timestamp":"2026-05-06T04:24:02.916737Z","level":"info","event":"run command again with the `--show-all-deprecations` flag. You may also need to","logger":"airflow.task.hooks.airflow.providers.standard.hooks.subprocess.SubprocessHook","filename":"subprocess.py","lineno":99}
{"timestamp":"2026-05-06T04:24:02.916751Z","level":"info","event":"run with `--no-partial-parse` as some deprecations are only encountered during","logger":"airflow.task.hooks.airflow.providers.standard.hooks.subprocess.SubprocessHook","filename":"subprocess.py","lineno":99}
{"timestamp":"2026-05-06T04:24:02.916765Z","level":"info","event":"parsing.","logger":"airflow.task.hooks.airflow.providers.standard.hooks.subprocess.SubprocessHook","filename":"subprocess.py","lineno":99}
{"timestamp":"2026-05-06T04:24:03.403330Z","level":"info","event":"Command exited with return code 1","logger":"airflow.task.hooks.airflow.providers.standard.hooks.subprocess.SubprocessHook","filename":"subprocess.py","lineno":103}
{"timestamp":"2026-05-06T04:24:03.404022Z","level":"error","event":"Task failed with exception","logger":"task","filename":"task_runner.py","lineno":1325,"error_detail":[{"exc_type":"AirflowException","exc_value":"Bash command failed. The command returned a non-zero exit code 1.","exc_notes":[],"syntax_error":null,"is_cause":false,"frames":[{"filename":"/home/airflow/.local/lib/python3.13/site-packages/airflow/sdk/execution_time/task_runner.py","lineno":1263,"name":"run"},{"filename":"/home/airflow/.local/lib/python3.13/site-packages/airflow/sdk/execution_time/task_runner.py","lineno":1678,"name":"_execute_task"},{"filename":"/home/airflow/.local/lib/python3.13/site-packages/airflow/sdk/bases/operator.py","lineno":443,"name":"wrapper"},{"filename":"/home/airflow/.local/lib/python3.13/site-packages/airflow/providers/standard/operators/bash.py","lineno":226,"name":"execute"}],"is_group":false,"exceptions":[]}]}
{"timestamp":"2026-05-06T04:24:03.404833Z","level":"info","event":"Task instance in failure state","logger":"task.stdout"}
{"timestamp":"2026-05-06T04:24:03.405195Z","level":"info","event":"Task start","logger":"task.stdout"}
{"timestamp":"2026-05-06T04:24:03.405279Z","level":"info","event":"Task:<Task(BashOperator): transform_market_data>","logger":"task.stdout"}
{"timestamp":"2026-05-06T04:24:03.405308Z","level":"info","event":"Failure caused by Bash command failed. The command returned a non-zero exit code 1.","logger":"task.stdout"}
