{"timestamp":"2026-05-03T15:00:15.326162Z","level":"info","event":"DAG bundles loaded: dags-folder, example_dags","logger":"airflow.dag_processing.bundles.manager.DagBundlesManager","filename":"manager.py","lineno":209}
{"timestamp":"2026-05-03T15:00:15.327052Z","level":"info","event":"Filling up the DagBag from /opt/airflow/dags/market_data_pipeline.py","logger":"airflow.dag_processing.dagbag.BundleDagBag","filename":"dagbag.py","lineno":469}
{"timestamp":"2026-05-03T15:00:15.396275Z","level":"info","event":"Task instance is in running state","logger":"task.stdout"}
{"timestamp":"2026-05-03T15:00:15.396406Z","level":"info","event":" Previous state of the Task instance: TaskInstanceState.QUEUED","logger":"task.stdout"}
{"timestamp":"2026-05-03T15:00:15.396537Z","level":"info","event":"Current task name:transform_market_data","logger":"task.stdout"}
{"timestamp":"2026-05-03T15:00:15.396589Z","level":"info","event":"Dag name:market_data_transform","logger":"task.stdout"}
{"timestamp":"2026-05-03T15:00:15.397049Z","level":"info","event":"Tmp dir root location: /tmp","logger":"airflow.task.hooks.airflow.providers.standard.hooks.subprocess.SubprocessHook","filename":"subprocess.py","lineno":78}
{"timestamp":"2026-05-03T15:00:15.398110Z","level":"info","event":"Running command: ['/usr/bin/bash', '-c', 'cd /opt/dbt/dbt_databases && dbt run --profiles-dir /opt/dbt/dbt_databases']","logger":"airflow.task.hooks.airflow.providers.standard.hooks.subprocess.SubprocessHook","filename":"subprocess.py","lineno":80}
{"timestamp":"2026-05-03T15:00:15.398720Z","level":"info","event":"Output:","logger":"airflow.task.hooks.airflow.providers.standard.hooks.subprocess.SubprocessHook","filename":"subprocess.py","lineno":92}
{"timestamp":"2026-05-03T15:00:17.430910Z","level":"info","event":"\u001b[0m15:00:17  Running with dbt=1.11.8","logger":"airflow.task.hooks.airflow.providers.standard.hooks.subprocess.SubprocessHook","filename":"subprocess.py","lineno":99}
{"timestamp":"2026-05-03T15:00:17.638611Z","level":"info","event":"\u001b[0m15:00:17  Registered adapter: postgres=1.10.0","logger":"airflow.task.hooks.airflow.providers.standard.hooks.subprocess.SubprocessHook","filename":"subprocess.py","lineno":99}
{"timestamp":"2026-05-03T15:00:18.013291Z","level":"info","event":"\u001b[0m15:00:18  Found 5 models, 8 data tests, 1 source, 581 macros","logger":"airflow.task.hooks.airflow.providers.standard.hooks.subprocess.SubprocessHook","filename":"subprocess.py","lineno":99}
{"timestamp":"2026-05-03T15:00:18.014760Z","level":"info","event":"\u001b[0m15:00:18","logger":"airflow.task.hooks.airflow.providers.standard.hooks.subprocess.SubprocessHook","filename":"subprocess.py","lineno":99}
{"timestamp":"2026-05-03T15:00:18.014955Z","level":"info","event":"\u001b[0m15:00:18  Concurrency: 1 threads (target='dev')","logger":"airflow.task.hooks.airflow.providers.standard.hooks.subprocess.SubprocessHook","filename":"subprocess.py","lineno":99}
{"timestamp":"2026-05-03T15:00:18.015113Z","level":"info","event":"\u001b[0m15:00:18","logger":"airflow.task.hooks.airflow.providers.standard.hooks.subprocess.SubprocessHook","filename":"subprocess.py","lineno":99}
{"timestamp":"2026-05-03T15:00:18.157352Z","level":"info","event":"\u001b[0m15:00:18  1 of 5 START sql view model public.stg_dividend ................................ [RUN]","logger":"airflow.task.hooks.airflow.providers.standard.hooks.subprocess.SubprocessHook","filename":"subprocess.py","lineno":99}
{"timestamp":"2026-05-03T15:00:18.250968Z","level":"info","event":"\u001b[0m15:00:18  1 of 5 ERROR creating sql view model public.stg_dividend ....................... [\u001b[31mERROR\u001b[0m in 0.09s]","logger":"airflow.task.hooks.airflow.providers.standard.hooks.subprocess.SubprocessHook","filename":"subprocess.py","lineno":99}
{"timestamp":"2026-05-03T15:00:18.252259Z","level":"info","event":"\u001b[0m15:00:18  2 of 5 START sql view model public.test ........................................ [RUN]","logger":"airflow.task.hooks.airflow.providers.standard.hooks.subprocess.SubprocessHook","filename":"subprocess.py","lineno":99}
{"timestamp":"2026-05-03T15:00:18.315099Z","level":"info","event":"\u001b[0m15:00:18  2 of 5 OK created sql view model public.test ................................... [\u001b[32mCREATE VIEW\u001b[0m in 0.06s]","logger":"airflow.task.hooks.airflow.providers.standard.hooks.subprocess.SubprocessHook","filename":"subprocess.py","lineno":99}
{"timestamp":"2026-05-03T15:00:18.316071Z","level":"info","event":"\u001b[0m15:00:18  3 of 5 SKIP relation public.dividend_growth_inception_delta .................... [\u001b[33mSKIP\u001b[0m]","logger":"airflow.task.hooks.airflow.providers.standard.hooks.subprocess.SubprocessHook","filename":"subprocess.py","lineno":99}
{"timestamp":"2026-05-03T15:00:18.316873Z","level":"info","event":"\u001b[0m15:00:18  4 of 5 SKIP relation public.dividend_growth_inception_percent .................. [\u001b[33mSKIP\u001b[0m]","logger":"airflow.task.hooks.airflow.providers.standard.hooks.subprocess.SubprocessHook","filename":"subprocess.py","lineno":99}
{"timestamp":"2026-05-03T15:00:18.317717Z","level":"info","event":"\u001b[0m15:00:18  5 of 5 SKIP relation public.dividend_growth_rate ............................... [\u001b[33mSKIP\u001b[0m]","logger":"airflow.task.hooks.airflow.providers.standard.hooks.subprocess.SubprocessHook","filename":"subprocess.py","lineno":99}
{"timestamp":"2026-05-03T15:00:18.326063Z","level":"info","event":"\u001b[0m15:00:18","logger":"airflow.task.hooks.airflow.providers.standard.hooks.subprocess.SubprocessHook","filename":"subprocess.py","lineno":99}
{"timestamp":"2026-05-03T15:00:18.326309Z","level":"info","event":"\u001b[0m15:00:18  Finished running 3 incremental models, 2 view models in 0 hours 0 minutes and 0.31 seconds (0.31s).","logger":"airflow.task.hooks.airflow.providers.standard.hooks.subprocess.SubprocessHook","filename":"subprocess.py","lineno":99}
{"timestamp":"2026-05-03T15:00:18.353487Z","level":"info","event":"\u001b[0m15:00:18","logger":"airflow.task.hooks.airflow.providers.standard.hooks.subprocess.SubprocessHook","filename":"subprocess.py","lineno":99}
{"timestamp":"2026-05-03T15:00:18.353657Z","level":"info","event":"\u001b[0m15:00:18  \u001b[31mCompleted with 1 error, 0 partial successes, and 0 warnings:\u001b[0m","logger":"airflow.task.hooks.airflow.providers.standard.hooks.subprocess.SubprocessHook","filename":"subprocess.py","lineno":99}
{"timestamp":"2026-05-03T15:00:18.353970Z","level":"info","event":"\u001b[0m15:00:18","logger":"airflow.task.hooks.airflow.providers.standard.hooks.subprocess.SubprocessHook","filename":"subprocess.py","lineno":99}
{"timestamp":"2026-05-03T15:00:18.354208Z","level":"info","event":"\u001b[0m15:00:18  \u001b[31mFailure in model stg_dividend (models/staging/stg_dividend.sql)\u001b[0m","logger":"airflow.task.hooks.airflow.providers.standard.hooks.subprocess.SubprocessHook","filename":"subprocess.py","lineno":99}
{"timestamp":"2026-05-03T15:00:18.354421Z","level":"info","event":"\u001b[0m15:00:18    Database Error in model stg_dividend (models/staging/stg_dividend.sql)","logger":"airflow.task.hooks.airflow.providers.standard.hooks.subprocess.SubprocessHook","filename":"subprocess.py","lineno":99}
{"timestamp":"2026-05-03T15:00:18.354457Z","level":"info","event":"  relation \"stg_dividend__dbt_backup\" already exists","logger":"airflow.task.hooks.airflow.providers.standard.hooks.subprocess.SubprocessHook","filename":"subprocess.py","lineno":99}
{"timestamp":"2026-05-03T15:00:18.354481Z","level":"info","event":"  compiled code at target/run/dbt_databases/models/staging/stg_dividend.sql","logger":"airflow.task.hooks.airflow.providers.standard.hooks.subprocess.SubprocessHook","filename":"subprocess.py","lineno":99}
{"timestamp":"2026-05-03T15:00:18.354579Z","level":"info","event":"\u001b[0m15:00:18","logger":"airflow.task.hooks.airflow.providers.standard.hooks.subprocess.SubprocessHook","filename":"subprocess.py","lineno":99}
{"timestamp":"2026-05-03T15:00:18.354776Z","level":"info","event":"\u001b[0m15:00:18    compiled code at target/compiled/dbt_databases/models/staging/stg_dividend.sql","logger":"airflow.task.hooks.airflow.providers.standard.hooks.subprocess.SubprocessHook","filename":"subprocess.py","lineno":99}
{"timestamp":"2026-05-03T15:00:18.354939Z","level":"info","event":"\u001b[0m15:00:18","logger":"airflow.task.hooks.airflow.providers.standard.hooks.subprocess.SubprocessHook","filename":"subprocess.py","lineno":99}
{"timestamp":"2026-05-03T15:00:18.355146Z","level":"info","event":"\u001b[0m15:00:18  Done. PASS=1 WARN=0 ERROR=1 SKIP=3 NO-OP=0 TOTAL=5","logger":"airflow.task.hooks.airflow.providers.standard.hooks.subprocess.SubprocessHook","filename":"subprocess.py","lineno":99}
{"timestamp":"2026-05-03T15:00:18.785351Z","level":"info","event":"Command exited with return code 1","logger":"airflow.task.hooks.airflow.providers.standard.hooks.subprocess.SubprocessHook","filename":"subprocess.py","lineno":103}
{"timestamp":"2026-05-03T15:00:18.785777Z","level":"error","event":"Task failed with exception","logger":"task","filename":"task_runner.py","lineno":1325,"error_detail":[{"exc_type":"AirflowException","exc_value":"Bash command failed. The command returned a non-zero exit code 1.","exc_notes":[],"syntax_error":null,"is_cause":false,"frames":[{"filename":"/home/airflow/.local/lib/python3.13/site-packages/airflow/sdk/execution_time/task_runner.py","lineno":1263,"name":"run"},{"filename":"/home/airflow/.local/lib/python3.13/site-packages/airflow/sdk/execution_time/task_runner.py","lineno":1678,"name":"_execute_task"},{"filename":"/home/airflow/.local/lib/python3.13/site-packages/airflow/sdk/bases/operator.py","lineno":443,"name":"wrapper"},{"filename":"/home/airflow/.local/lib/python3.13/site-packages/airflow/providers/standard/operators/bash.py","lineno":226,"name":"execute"}],"is_group":false,"exceptions":[]}]}
{"timestamp":"2026-05-03T15:00:18.786972Z","level":"info","event":"Task instance in failure state","logger":"task.stdout"}
{"timestamp":"2026-05-03T15:00:18.787185Z","level":"info","event":"Task start","logger":"task.stdout"}
{"timestamp":"2026-05-03T15:00:18.787237Z","level":"info","event":"Task:<Task(BashOperator): transform_market_data>","logger":"task.stdout"}
{"timestamp":"2026-05-03T15:00:18.787260Z","level":"info","event":"Failure caused by Bash command failed. The command returned a non-zero exit code 1.","logger":"task.stdout"}
