{"timestamp":"2026-05-09T05:09:37.119325Z","level":"info","event":"DAG bundles loaded: dags-folder, example_dags","logger":"airflow.dag_processing.bundles.manager.DagBundlesManager","filename":"manager.py","lineno":209}
{"timestamp":"2026-05-09T05:09:37.120499Z","level":"info","event":"Filling up the DagBag from /opt/airflow/dags/market_data_pipeline.py","logger":"airflow.dag_processing.dagbag.BundleDagBag","filename":"dagbag.py","lineno":469}
{"timestamp":"2026-05-09T05:09:37.139115Z","level":"warning","event":"The `airflow.operators.trigger_dagrun.TriggerDagRunOperator` attribute is deprecated. Please use `'airflow.providers.standard.operators.trigger_dagrun.TriggerDagRunOperator'`.","category":"UserWarning","filename":"/opt/airflow/dags/market_data_pipeline.py","lineno":5,"logger":"py.warnings"}
{"timestamp":"2026-05-09T05:09:37.167301Z","level":"info","event":"Task instance is in running state","logger":"task.stdout"}
{"timestamp":"2026-05-09T05:09:37.167455Z","level":"info","event":" Previous state of the Task instance: TaskInstanceState.QUEUED","logger":"task.stdout"}
{"timestamp":"2026-05-09T05:09:37.167524Z","level":"info","event":"Current task name:transform_market_data","logger":"task.stdout"}
{"timestamp":"2026-05-09T05:09:37.167578Z","level":"info","event":"Dag name:market_data_transform","logger":"task.stdout"}
{"timestamp":"2026-05-09T05:09:37.168167Z","level":"info","event":"Tmp dir root location: /tmp","logger":"airflow.task.hooks.airflow.providers.standard.hooks.subprocess.SubprocessHook","filename":"subprocess.py","lineno":78}
{"timestamp":"2026-05-09T05:09:37.169519Z","level":"info","event":"Running command: ['/usr/bin/bash', '-c', 'cd /opt/dbt/dbt_databases && dbt run --profiles-dir /opt/dbt/dbt_databases']","logger":"airflow.task.hooks.airflow.providers.standard.hooks.subprocess.SubprocessHook","filename":"subprocess.py","lineno":80}
{"timestamp":"2026-05-09T05:09:37.170284Z","level":"info","event":"Output:","logger":"airflow.task.hooks.airflow.providers.standard.hooks.subprocess.SubprocessHook","filename":"subprocess.py","lineno":92}
{"timestamp":"2026-05-09T05:09:38.495169Z","level":"info","event":"\u001b[0m05:09:38  Running with dbt=1.11.8","logger":"airflow.task.hooks.airflow.providers.standard.hooks.subprocess.SubprocessHook","filename":"subprocess.py","lineno":99}
{"timestamp":"2026-05-09T05:09:38.681957Z","level":"info","event":"\u001b[0m05:09:38  Registered adapter: postgres=1.10.0","logger":"airflow.task.hooks.airflow.providers.standard.hooks.subprocess.SubprocessHook","filename":"subprocess.py","lineno":99}
{"timestamp":"2026-05-09T05:09:39.295846Z","level":"info","event":"\u001b[0m05:09:39  Found 12 models, 17 data tests, 2 sources, 581 macros","logger":"airflow.task.hooks.airflow.providers.standard.hooks.subprocess.SubprocessHook","filename":"subprocess.py","lineno":99}
{"timestamp":"2026-05-09T05:09:39.298890Z","level":"info","event":"\u001b[0m05:09:39","logger":"airflow.task.hooks.airflow.providers.standard.hooks.subprocess.SubprocessHook","filename":"subprocess.py","lineno":99}
{"timestamp":"2026-05-09T05:09:39.299231Z","level":"info","event":"\u001b[0m05:09:39  Concurrency: 1 threads (target='dev')","logger":"airflow.task.hooks.airflow.providers.standard.hooks.subprocess.SubprocessHook","filename":"subprocess.py","lineno":99}
{"timestamp":"2026-05-09T05:09:39.299527Z","level":"info","event":"\u001b[0m05:09:39","logger":"airflow.task.hooks.airflow.providers.standard.hooks.subprocess.SubprocessHook","filename":"subprocess.py","lineno":99}
{"timestamp":"2026-05-09T05:09:39.396767Z","level":"info","event":"\u001b[0m05:09:39  1 of 12 START sql view model public.stg_dividend ............................... [RUN]","logger":"airflow.task.hooks.airflow.providers.standard.hooks.subprocess.SubprocessHook","filename":"subprocess.py","lineno":99}
{"timestamp":"2026-05-09T05:09:39.480875Z","level":"info","event":"\u001b[0m05:09:39  1 of 12 OK created sql view model public.stg_dividend .......................... [\u001b[32mCREATE VIEW\u001b[0m in 0.08s]","logger":"airflow.task.hooks.airflow.providers.standard.hooks.subprocess.SubprocessHook","filename":"subprocess.py","lineno":99}
{"timestamp":"2026-05-09T05:09:39.482279Z","level":"info","event":"\u001b[0m05:09:39  2 of 12 START sql view model public.stg_time_series_weekly ..................... [RUN]","logger":"airflow.task.hooks.airflow.providers.standard.hooks.subprocess.SubprocessHook","filename":"subprocess.py","lineno":99}
{"timestamp":"2026-05-09T05:09:39.520156Z","level":"info","event":"\u001b[0m05:09:39  2 of 12 OK created sql view model public.stg_time_series_weekly ................ [\u001b[32mCREATE VIEW\u001b[0m in 0.04s]","logger":"airflow.task.hooks.airflow.providers.standard.hooks.subprocess.SubprocessHook","filename":"subprocess.py","lineno":99}
{"timestamp":"2026-05-09T05:09:39.521356Z","level":"info","event":"\u001b[0m05:09:39  3 of 12 START sql incremental model public.dividend_growth_inception ........... [RUN]","logger":"airflow.task.hooks.airflow.providers.standard.hooks.subprocess.SubprocessHook","filename":"subprocess.py","lineno":99}
{"timestamp":"2026-05-09T05:09:39.613507Z","level":"info","event":"\u001b[0m05:09:39  3 of 12 OK created sql incremental model public.dividend_growth_inception ...... [\u001b[32mINSERT 0 257\u001b[0m in 0.09s]","logger":"airflow.task.hooks.airflow.providers.standard.hooks.subprocess.SubprocessHook","filename":"subprocess.py","lineno":99}
{"timestamp":"2026-05-09T05:09:39.614790Z","level":"info","event":"\u001b[0m05:09:39  4 of 12 START sql incremental model public.dividend_growth_rate ................ [RUN]","logger":"airflow.task.hooks.airflow.providers.standard.hooks.subprocess.SubprocessHook","filename":"subprocess.py","lineno":99}
{"timestamp":"2026-05-09T05:09:39.661469Z","level":"info","event":"\u001b[0m05:09:39  4 of 12 OK created sql incremental model public.dividend_growth_rate ........... [\u001b[32mINSERT 0 67\u001b[0m in 0.05s]","logger":"airflow.task.hooks.airflow.providers.standard.hooks.subprocess.SubprocessHook","filename":"subprocess.py","lineno":99}
{"timestamp":"2026-05-09T05:09:39.662525Z","level":"info","event":"\u001b[0m05:09:39  5 of 12 START sql view model public.dim_week ................................... [RUN]","logger":"airflow.task.hooks.airflow.providers.standard.hooks.subprocess.SubprocessHook","filename":"subprocess.py","lineno":99}
{"timestamp":"2026-05-09T05:09:39.689648Z","level":"info","event":"\u001b[0m05:09:39  5 of 12 OK created sql view model public.dim_week .............................. [\u001b[32mCREATE VIEW\u001b[0m in 0.03s]","logger":"airflow.task.hooks.airflow.providers.standard.hooks.subprocess.SubprocessHook","filename":"subprocess.py","lineno":99}
{"timestamp":"2026-05-09T05:09:39.690833Z","level":"info","event":"\u001b[0m05:09:39  6 of 12 START sql view model public.int_moving_averages ........................ [RUN]","logger":"airflow.task.hooks.airflow.providers.standard.hooks.subprocess.SubprocessHook","filename":"subprocess.py","lineno":99}
{"timestamp":"2026-05-09T05:09:39.719805Z","level":"info","event":"\u001b[0m05:09:39  6 of 12 OK created sql view model public.int_moving_averages ................... [\u001b[32mCREATE VIEW\u001b[0m in 0.03s]","logger":"airflow.task.hooks.airflow.providers.standard.hooks.subprocess.SubprocessHook","filename":"subprocess.py","lineno":99}
{"timestamp":"2026-05-09T05:09:39.721002Z","level":"info","event":"\u001b[0m05:09:39  7 of 12 START sql view model public.int_ohlc ................................... [RUN]","logger":"airflow.task.hooks.airflow.providers.standard.hooks.subprocess.SubprocessHook","filename":"subprocess.py","lineno":99}
{"timestamp":"2026-05-09T05:09:39.745513Z","level":"info","event":"\u001b[0m05:09:39  7 of 12 OK created sql view model public.int_ohlc .............................. [\u001b[32mCREATE VIEW\u001b[0m in 0.02s]","logger":"airflow.task.hooks.airflow.providers.standard.hooks.subprocess.SubprocessHook","filename":"subprocess.py","lineno":99}
{"timestamp":"2026-05-09T05:09:39.746595Z","level":"info","event":"\u001b[0m05:09:39  8 of 12 START sql view model public.int_returns ................................ [RUN]","logger":"airflow.task.hooks.airflow.providers.standard.hooks.subprocess.SubprocessHook","filename":"subprocess.py","lineno":99}
{"timestamp":"2026-05-09T05:09:39.774708Z","level":"info","event":"\u001b[0m05:09:39  8 of 12 OK created sql view model public.int_returns ........................... [\u001b[32mCREATE VIEW\u001b[0m in 0.03s]","logger":"airflow.task.hooks.airflow.providers.standard.hooks.subprocess.SubprocessHook","filename":"subprocess.py","lineno":99}
{"timestamp":"2026-05-09T05:09:39.776083Z","level":"info","event":"\u001b[0m05:09:39  9 of 12 START sql view model public.int_volume_analytics ....................... [RUN]","logger":"airflow.task.hooks.airflow.providers.standard.hooks.subprocess.SubprocessHook","filename":"subprocess.py","lineno":99}
{"timestamp":"2026-05-09T05:09:39.802147Z","level":"info","event":"\u001b[0m05:09:39  9 of 12 OK created sql view model public.int_volume_analytics .................. [\u001b[32mCREATE VIEW\u001b[0m in 0.03s]","logger":"airflow.task.hooks.airflow.providers.standard.hooks.subprocess.SubprocessHook","filename":"subprocess.py","lineno":99}
{"timestamp":"2026-05-09T05:09:39.803454Z","level":"info","event":"\u001b[0m05:09:39  10 of 12 START sql view model public.int_volatility ............................ [RUN]","logger":"airflow.task.hooks.airflow.providers.standard.hooks.subprocess.SubprocessHook","filename":"subprocess.py","lineno":99}
{"timestamp":"2026-05-09T05:09:39.831907Z","level":"info","event":"\u001b[0m05:09:39  10 of 12 OK created sql view model public.int_volatility ....................... [\u001b[32mCREATE VIEW\u001b[0m in 0.03s]","logger":"airflow.task.hooks.airflow.providers.standard.hooks.subprocess.SubprocessHook","filename":"subprocess.py","lineno":99}
{"timestamp":"2026-05-09T05:09:39.833404Z","level":"info","event":"\u001b[0m05:09:39  11 of 12 START sql incremental model public.int_stock_features ................. [RUN]","logger":"airflow.task.hooks.airflow.providers.standard.hooks.subprocess.SubprocessHook","filename":"subprocess.py","lineno":99}
{"timestamp":"2026-05-09T05:09:39.956994Z","level":"info","event":"\u001b[0m05:09:39  11 of 12 OK created sql incremental model public.int_stock_features ............ [\u001b[32mINSERT 0 4150\u001b[0m in 0.12s]","logger":"airflow.task.hooks.airflow.providers.standard.hooks.subprocess.SubprocessHook","filename":"subprocess.py","lineno":99}
{"timestamp":"2026-05-09T05:09:39.958707Z","level":"info","event":"\u001b[0m05:09:39  12 of 12 START sql incremental model public.mart_stock_snapshot ................ [RUN]","logger":"airflow.task.hooks.airflow.providers.standard.hooks.subprocess.SubprocessHook","filename":"subprocess.py","lineno":99}
{"timestamp":"2026-05-09T05:09:40.198391Z","level":"info","event":"\u001b[0m05:09:40  12 of 12 OK created sql incremental model public.mart_stock_snapshot ........... [\u001b[32mINSERT 0 74666\u001b[0m in 0.24s]","logger":"airflow.task.hooks.airflow.providers.standard.hooks.subprocess.SubprocessHook","filename":"subprocess.py","lineno":99}
{"timestamp":"2026-05-09T05:09:40.207712Z","level":"info","event":"\u001b[0m05:09:40","logger":"airflow.task.hooks.airflow.providers.standard.hooks.subprocess.SubprocessHook","filename":"subprocess.py","lineno":99}
{"timestamp":"2026-05-09T05:09:40.207897Z","level":"info","event":"\u001b[0m05:09:40  Finished running 4 incremental models, 8 view models in 0 hours 0 minutes and 0.91 seconds (0.91s).","logger":"airflow.task.hooks.airflow.providers.standard.hooks.subprocess.SubprocessHook","filename":"subprocess.py","lineno":99}
{"timestamp":"2026-05-09T05:09:40.242982Z","level":"info","event":"\u001b[0m05:09:40","logger":"airflow.task.hooks.airflow.providers.standard.hooks.subprocess.SubprocessHook","filename":"subprocess.py","lineno":99}
{"timestamp":"2026-05-09T05:09:40.243203Z","level":"info","event":"\u001b[0m05:09:40  \u001b[32mCompleted successfully\u001b[0m","logger":"airflow.task.hooks.airflow.providers.standard.hooks.subprocess.SubprocessHook","filename":"subprocess.py","lineno":99}
{"timestamp":"2026-05-09T05:09:40.243613Z","level":"info","event":"\u001b[0m05:09:40","logger":"airflow.task.hooks.airflow.providers.standard.hooks.subprocess.SubprocessHook","filename":"subprocess.py","lineno":99}
{"timestamp":"2026-05-09T05:09:40.243988Z","level":"info","event":"\u001b[0m05:09:40  Done. PASS=12 WARN=0 ERROR=0 SKIP=0 NO-OP=0 TOTAL=12","logger":"airflow.task.hooks.airflow.providers.standard.hooks.subprocess.SubprocessHook","filename":"subprocess.py","lineno":99}
{"timestamp":"2026-05-09T05:09:40.793406Z","level":"info","event":"Command exited with return code 0","logger":"airflow.task.hooks.airflow.providers.standard.hooks.subprocess.SubprocessHook","filename":"subprocess.py","lineno":103}
{"timestamp":"2026-05-09T05:09:40.794037Z","level":"info","event":"Pushing xcom","ti":"RuntimeTaskInstance(id=UUID('019e0b24-1bcf-7296-9832-869702e9eced'), task_id='transform_market_data', dag_id='market_data_transform', run_id='manual__2026-05-09T05:09:36.315480+00:00', try_number=1, dag_version_id=UUID('019e0adc-b849-70cf-9ccf-db30a6cd7bcc'), map_index=-1, hostname='18cda51a8aba', context_carrier={'traceparent': '00-333fcea68357c0d621be06c675026573-f71337d3bfa7c9eb-01'}, task=<Task(BashOperator): transform_market_data>, bundle_instance=LocalDagBundle(name=dags-folder), max_tries=0, start_date=datetime.datetime(2026, 5, 9, 5, 9, 36, 624072, tzinfo=datetime.timezone.utc), end_date=None, state=<TaskInstanceState.RUNNING: 'running'>, is_mapped=False, rendered_map_index=None, sentry_integration='')","logger":"task","filename":"task_runner.py","lineno":1724}
{"timestamp":"2026-05-09T05:09:40.824139Z","level":"info","event":"Task instance in success state","logger":"task.stdout"}
{"timestamp":"2026-05-09T05:09:40.824247Z","level":"info","event":" Previous state of the Task instance: TaskInstanceState.RUNNING","logger":"task.stdout"}
{"timestamp":"2026-05-09T05:09:40.824320Z","level":"info","event":"Task operator:<Task(BashOperator): transform_market_data>","logger":"task.stdout"}
