{"timestamp":"2026-05-07T04:15:53.019476Z","level":"info","event":"DAG bundles loaded: dags-folder, example_dags","logger":"airflow.dag_processing.bundles.manager.DagBundlesManager","filename":"manager.py","lineno":209}
{"timestamp":"2026-05-07T04:15:53.020047Z","level":"info","event":"Filling up the DagBag from /opt/airflow/dags/market_data_pipeline.py","logger":"airflow.dag_processing.dagbag.BundleDagBag","filename":"dagbag.py","lineno":469}
{"timestamp":"2026-05-07T04:15:53.028389Z","level":"warning","event":"The `airflow.operators.trigger_dagrun.TriggerDagRunOperator` attribute is deprecated. Please use `'airflow.providers.standard.operators.trigger_dagrun.TriggerDagRunOperator'`.","category":"UserWarning","filename":"/opt/airflow/dags/market_data_pipeline.py","lineno":5,"logger":"py.warnings"}
{"timestamp":"2026-05-07T04:15:53.052073Z","level":"info","event":"Task instance is in running state","logger":"task.stdout"}
{"timestamp":"2026-05-07T04:15:53.052226Z","level":"info","event":" Previous state of the Task instance: TaskInstanceState.QUEUED","logger":"task.stdout"}
{"timestamp":"2026-05-07T04:15:53.052345Z","level":"info","event":"Current task name:transform_market_data","logger":"task.stdout"}
{"timestamp":"2026-05-07T04:15:53.052403Z","level":"info","event":"Dag name:market_data_transform","logger":"task.stdout"}
{"timestamp":"2026-05-07T04:15:53.052749Z","level":"info","event":"Tmp dir root location: /tmp","logger":"airflow.task.hooks.airflow.providers.standard.hooks.subprocess.SubprocessHook","filename":"subprocess.py","lineno":78}
{"timestamp":"2026-05-07T04:15:53.053738Z","level":"info","event":"Running command: ['/usr/bin/bash', '-c', 'cd /opt/dbt/dbt_databases && dbt run --profiles-dir /opt/dbt/dbt_databases']","logger":"airflow.task.hooks.airflow.providers.standard.hooks.subprocess.SubprocessHook","filename":"subprocess.py","lineno":80}
{"timestamp":"2026-05-07T04:15:53.054321Z","level":"info","event":"Output:","logger":"airflow.task.hooks.airflow.providers.standard.hooks.subprocess.SubprocessHook","filename":"subprocess.py","lineno":92}
{"timestamp":"2026-05-07T04:15:54.259782Z","level":"info","event":"\u001b[0m04:15:54  Running with dbt=1.11.8","logger":"airflow.task.hooks.airflow.providers.standard.hooks.subprocess.SubprocessHook","filename":"subprocess.py","lineno":99}
{"timestamp":"2026-05-07T04:15:54.438602Z","level":"info","event":"\u001b[0m04:15:54  Registered adapter: postgres=1.10.0","logger":"airflow.task.hooks.airflow.providers.standard.hooks.subprocess.SubprocessHook","filename":"subprocess.py","lineno":99}
{"timestamp":"2026-05-07T04:15:54.514369Z","level":"info","event":"\u001b[0m04:15:54  Unable to do partial parsing because saved manifest not found. Starting full parse.","logger":"airflow.task.hooks.airflow.providers.standard.hooks.subprocess.SubprocessHook","filename":"subprocess.py","lineno":99}
{"timestamp":"2026-05-07T04:15:55.410603Z","level":"info","event":"\u001b[0m04:15:55  [\u001b[33mWARNING\u001b[0m][MissingArgumentsPropertyInGenericTestDeprecation]: Deprecated","logger":"airflow.task.hooks.airflow.providers.standard.hooks.subprocess.SubprocessHook","filename":"subprocess.py","lineno":99}
{"timestamp":"2026-05-07T04:15:55.410775Z","level":"info","event":"functionality","logger":"airflow.task.hooks.airflow.providers.standard.hooks.subprocess.SubprocessHook","filename":"subprocess.py","lineno":99}
{"timestamp":"2026-05-07T04:15:55.410824Z","level":"info","event":"Found top-level arguments to test `dbt_utils.accepted_range` defined on","logger":"airflow.task.hooks.airflow.providers.standard.hooks.subprocess.SubprocessHook","filename":"subprocess.py","lineno":99}
{"timestamp":"2026-05-07T04:15:55.410866Z","level":"info","event":"'dividend_growth_rate' in package 'dbt_databases' (models/marts/schema.yml).","logger":"airflow.task.hooks.airflow.providers.standard.hooks.subprocess.SubprocessHook","filename":"subprocess.py","lineno":99}
{"timestamp":"2026-05-07T04:15:55.410891Z","level":"info","event":"Arguments to generic tests should be nested under the `arguments` property.","logger":"airflow.task.hooks.airflow.providers.standard.hooks.subprocess.SubprocessHook","filename":"subprocess.py","lineno":99}
{"timestamp":"2026-05-07T04:15:55.663028Z","level":"info","event":"\u001b[0m04:15:55  Found 12 models, 17 data tests, 2 sources, 581 macros","logger":"airflow.task.hooks.airflow.providers.standard.hooks.subprocess.SubprocessHook","filename":"subprocess.py","lineno":99}
{"timestamp":"2026-05-07T04:15:55.664863Z","level":"info","event":"\u001b[0m04:15:55","logger":"airflow.task.hooks.airflow.providers.standard.hooks.subprocess.SubprocessHook","filename":"subprocess.py","lineno":99}
{"timestamp":"2026-05-07T04:15:55.665076Z","level":"info","event":"\u001b[0m04:15:55  Concurrency: 1 threads (target='dev')","logger":"airflow.task.hooks.airflow.providers.standard.hooks.subprocess.SubprocessHook","filename":"subprocess.py","lineno":99}
{"timestamp":"2026-05-07T04:15:55.665263Z","level":"info","event":"\u001b[0m04:15:55","logger":"airflow.task.hooks.airflow.providers.standard.hooks.subprocess.SubprocessHook","filename":"subprocess.py","lineno":99}
{"timestamp":"2026-05-07T04:15:55.750791Z","level":"info","event":"\u001b[0m04:15:55  1 of 12 START sql view model public.stg_dividend ............................... [RUN]","logger":"airflow.task.hooks.airflow.providers.standard.hooks.subprocess.SubprocessHook","filename":"subprocess.py","lineno":99}
{"timestamp":"2026-05-07T04:15:55.833853Z","level":"info","event":"\u001b[0m04:15:55  1 of 12 OK created sql view model public.stg_dividend .......................... [\u001b[32mCREATE VIEW\u001b[0m in 0.08s]","logger":"airflow.task.hooks.airflow.providers.standard.hooks.subprocess.SubprocessHook","filename":"subprocess.py","lineno":99}
{"timestamp":"2026-05-07T04:15:55.835117Z","level":"info","event":"\u001b[0m04:15:55  2 of 12 START sql view model public.stg_time_series_weekly ..................... [RUN]","logger":"airflow.task.hooks.airflow.providers.standard.hooks.subprocess.SubprocessHook","filename":"subprocess.py","lineno":99}
{"timestamp":"2026-05-07T04:15:55.864980Z","level":"info","event":"\u001b[0m04:15:55  2 of 12 OK created sql view model public.stg_time_series_weekly ................ [\u001b[32mCREATE VIEW\u001b[0m in 0.03s]","logger":"airflow.task.hooks.airflow.providers.standard.hooks.subprocess.SubprocessHook","filename":"subprocess.py","lineno":99}
{"timestamp":"2026-05-07T04:15:55.866182Z","level":"info","event":"\u001b[0m04:15:55  3 of 12 START sql incremental model public.dividend_growth_inception ........... [RUN]","logger":"airflow.task.hooks.airflow.providers.standard.hooks.subprocess.SubprocessHook","filename":"subprocess.py","lineno":99}
{"timestamp":"2026-05-07T04:15:55.957657Z","level":"info","event":"\u001b[0m04:15:55  3 of 12 OK created sql incremental model public.dividend_growth_inception ...... [\u001b[32mINSERT 0 257\u001b[0m in 0.09s]","logger":"airflow.task.hooks.airflow.providers.standard.hooks.subprocess.SubprocessHook","filename":"subprocess.py","lineno":99}
{"timestamp":"2026-05-07T04:15:55.958815Z","level":"info","event":"\u001b[0m04:15:55  4 of 12 START sql incremental model public.dividend_growth_rate ................ [RUN]","logger":"airflow.task.hooks.airflow.providers.standard.hooks.subprocess.SubprocessHook","filename":"subprocess.py","lineno":99}
{"timestamp":"2026-05-07T04:15:56.005654Z","level":"info","event":"\u001b[0m04:15:56  4 of 12 OK created sql incremental model public.dividend_growth_rate ........... [\u001b[32mINSERT 0 67\u001b[0m in 0.05s]","logger":"airflow.task.hooks.airflow.providers.standard.hooks.subprocess.SubprocessHook","filename":"subprocess.py","lineno":99}
{"timestamp":"2026-05-07T04:15:56.006808Z","level":"info","event":"\u001b[0m04:15:56  5 of 12 START sql incremental model public.dim_week ............................ [RUN]","logger":"airflow.task.hooks.airflow.providers.standard.hooks.subprocess.SubprocessHook","filename":"subprocess.py","lineno":99}
{"timestamp":"2026-05-07T04:15:56.051885Z","level":"info","event":"\u001b[0m04:15:56  5 of 12 OK created sql incremental model public.dim_week ....................... [\u001b[32mINSERT 0 1383\u001b[0m in 0.04s]","logger":"airflow.task.hooks.airflow.providers.standard.hooks.subprocess.SubprocessHook","filename":"subprocess.py","lineno":99}
{"timestamp":"2026-05-07T04:15:56.053470Z","level":"info","event":"\u001b[0m04:15:56  6 of 12 START sql view model public.int_moving_averages ........................ [RUN]","logger":"airflow.task.hooks.airflow.providers.standard.hooks.subprocess.SubprocessHook","filename":"subprocess.py","lineno":99}
{"timestamp":"2026-05-07T04:15:56.082585Z","level":"info","event":"\u001b[0m04:15:56  6 of 12 OK created sql view model public.int_moving_averages ................... [\u001b[32mCREATE VIEW\u001b[0m in 0.03s]","logger":"airflow.task.hooks.airflow.providers.standard.hooks.subprocess.SubprocessHook","filename":"subprocess.py","lineno":99}
{"timestamp":"2026-05-07T04:15:56.083691Z","level":"info","event":"\u001b[0m04:15:56  7 of 12 START sql view model public.int_ohlc ................................... [RUN]","logger":"airflow.task.hooks.airflow.providers.standard.hooks.subprocess.SubprocessHook","filename":"subprocess.py","lineno":99}
{"timestamp":"2026-05-07T04:15:56.109851Z","level":"info","event":"\u001b[0m04:15:56  7 of 12 OK created sql view model public.int_ohlc .............................. [\u001b[32mCREATE VIEW\u001b[0m in 0.03s]","logger":"airflow.task.hooks.airflow.providers.standard.hooks.subprocess.SubprocessHook","filename":"subprocess.py","lineno":99}
{"timestamp":"2026-05-07T04:15:56.111139Z","level":"info","event":"\u001b[0m04:15:56  8 of 12 START sql view model public.int_returns ................................ [RUN]","logger":"airflow.task.hooks.airflow.providers.standard.hooks.subprocess.SubprocessHook","filename":"subprocess.py","lineno":99}
{"timestamp":"2026-05-07T04:15:56.140222Z","level":"info","event":"\u001b[0m04:15:56  8 of 12 OK created sql view model public.int_returns ........................... [\u001b[32mCREATE VIEW\u001b[0m in 0.03s]","logger":"airflow.task.hooks.airflow.providers.standard.hooks.subprocess.SubprocessHook","filename":"subprocess.py","lineno":99}
{"timestamp":"2026-05-07T04:15:56.141802Z","level":"info","event":"\u001b[0m04:15:56  9 of 12 START sql view model public.int_volume_analytics ....................... [RUN]","logger":"airflow.task.hooks.airflow.providers.standard.hooks.subprocess.SubprocessHook","filename":"subprocess.py","lineno":99}
{"timestamp":"2026-05-07T04:15:56.166689Z","level":"info","event":"\u001b[0m04:15:56  9 of 12 OK created sql view model public.int_volume_analytics .................. [\u001b[32mCREATE VIEW\u001b[0m in 0.02s]","logger":"airflow.task.hooks.airflow.providers.standard.hooks.subprocess.SubprocessHook","filename":"subprocess.py","lineno":99}
{"timestamp":"2026-05-07T04:15:56.168147Z","level":"info","event":"\u001b[0m04:15:56  10 of 12 START sql view model public.int_volatility ............................ [RUN]","logger":"airflow.task.hooks.airflow.providers.standard.hooks.subprocess.SubprocessHook","filename":"subprocess.py","lineno":99}
{"timestamp":"2026-05-07T04:15:56.195694Z","level":"info","event":"\u001b[0m04:15:56  10 of 12 OK created sql view model public.int_volatility ....................... [\u001b[32mCREATE VIEW\u001b[0m in 0.03s]","logger":"airflow.task.hooks.airflow.providers.standard.hooks.subprocess.SubprocessHook","filename":"subprocess.py","lineno":99}
{"timestamp":"2026-05-07T04:15:56.197214Z","level":"info","event":"\u001b[0m04:15:56  11 of 12 START sql incremental model public.int_stock_features ................. [RUN]","logger":"airflow.task.hooks.airflow.providers.standard.hooks.subprocess.SubprocessHook","filename":"subprocess.py","lineno":99}
{"timestamp":"2026-05-07T04:15:56.312966Z","level":"info","event":"\u001b[0m04:15:56  11 of 12 OK created sql incremental model public.int_stock_features ............ [\u001b[32mINSERT 0 4148\u001b[0m in 0.11s]","logger":"airflow.task.hooks.airflow.providers.standard.hooks.subprocess.SubprocessHook","filename":"subprocess.py","lineno":99}
{"timestamp":"2026-05-07T04:15:56.314333Z","level":"info","event":"\u001b[0m04:15:56  12 of 12 START sql incremental model public.mart_stock_snapshot ................ [RUN]","logger":"airflow.task.hooks.airflow.providers.standard.hooks.subprocess.SubprocessHook","filename":"subprocess.py","lineno":99}
{"timestamp":"2026-05-07T04:15:56.409724Z","level":"info","event":"\u001b[0m04:15:56  12 of 12 OK created sql incremental model public.mart_stock_snapshot ........... [\u001b[32mINSERT 0 29024\u001b[0m in 0.09s]","logger":"airflow.task.hooks.airflow.providers.standard.hooks.subprocess.SubprocessHook","filename":"subprocess.py","lineno":99}
{"timestamp":"2026-05-07T04:15:56.419030Z","level":"info","event":"\u001b[0m04:15:56","logger":"airflow.task.hooks.airflow.providers.standard.hooks.subprocess.SubprocessHook","filename":"subprocess.py","lineno":99}
{"timestamp":"2026-05-07T04:15:56.419216Z","level":"info","event":"\u001b[0m04:15:56  Finished running 5 incremental models, 7 view models in 0 hours 0 minutes and 0.75 seconds (0.75s).","logger":"airflow.task.hooks.airflow.providers.standard.hooks.subprocess.SubprocessHook","filename":"subprocess.py","lineno":99}
{"timestamp":"2026-05-07T04:15:56.459872Z","level":"info","event":"\u001b[0m04:15:56","logger":"airflow.task.hooks.airflow.providers.standard.hooks.subprocess.SubprocessHook","filename":"subprocess.py","lineno":99}
{"timestamp":"2026-05-07T04:15:56.460130Z","level":"info","event":"\u001b[0m04:15:56  \u001b[32mCompleted successfully\u001b[0m","logger":"airflow.task.hooks.airflow.providers.standard.hooks.subprocess.SubprocessHook","filename":"subprocess.py","lineno":99}
{"timestamp":"2026-05-07T04:15:56.460372Z","level":"info","event":"\u001b[0m04:15:56","logger":"airflow.task.hooks.airflow.providers.standard.hooks.subprocess.SubprocessHook","filename":"subprocess.py","lineno":99}
{"timestamp":"2026-05-07T04:15:56.460858Z","level":"info","event":"\u001b[0m04:15:56  Done. PASS=12 WARN=0 ERROR=0 SKIP=0 NO-OP=0 TOTAL=12","logger":"airflow.task.hooks.airflow.providers.standard.hooks.subprocess.SubprocessHook","filename":"subprocess.py","lineno":99}
{"timestamp":"2026-05-07T04:15:56.461467Z","level":"info","event":"\u001b[0m04:15:56  [\u001b[33mWARNING\u001b[0m][DeprecationsSummary]: Deprecated functionality","logger":"airflow.task.hooks.airflow.providers.standard.hooks.subprocess.SubprocessHook","filename":"subprocess.py","lineno":99}
{"timestamp":"2026-05-07T04:15:56.461542Z","level":"info","event":"Summary of encountered deprecations:","logger":"airflow.task.hooks.airflow.providers.standard.hooks.subprocess.SubprocessHook","filename":"subprocess.py","lineno":99}
{"timestamp":"2026-05-07T04:15:56.461573Z","level":"info","event":"- MissingArgumentsPropertyInGenericTestDeprecation: 1 occurrence","logger":"airflow.task.hooks.airflow.providers.standard.hooks.subprocess.SubprocessHook","filename":"subprocess.py","lineno":99}
{"timestamp":"2026-05-07T04:15:56.461594Z","level":"info","event":"To see all deprecation instances instead of just the first occurrence of each,","logger":"airflow.task.hooks.airflow.providers.standard.hooks.subprocess.SubprocessHook","filename":"subprocess.py","lineno":99}
{"timestamp":"2026-05-07T04:15:56.461622Z","level":"info","event":"run command again with the `--show-all-deprecations` flag. You may also need to","logger":"airflow.task.hooks.airflow.providers.standard.hooks.subprocess.SubprocessHook","filename":"subprocess.py","lineno":99}
{"timestamp":"2026-05-07T04:15:56.461640Z","level":"info","event":"run with `--no-partial-parse` as some deprecations are only encountered during","logger":"airflow.task.hooks.airflow.providers.standard.hooks.subprocess.SubprocessHook","filename":"subprocess.py","lineno":99}
{"timestamp":"2026-05-07T04:15:56.461656Z","level":"info","event":"parsing.","logger":"airflow.task.hooks.airflow.providers.standard.hooks.subprocess.SubprocessHook","filename":"subprocess.py","lineno":99}
{"timestamp":"2026-05-07T04:15:56.982099Z","level":"info","event":"Command exited with return code 0","logger":"airflow.task.hooks.airflow.providers.standard.hooks.subprocess.SubprocessHook","filename":"subprocess.py","lineno":103}
{"timestamp":"2026-05-07T04:15:56.982607Z","level":"info","event":"Pushing xcom","ti":"RuntimeTaskInstance(id=UUID('019e00a6-3b71-7608-92a4-95c63fcde876'), task_id='transform_market_data', dag_id='market_data_transform', run_id='manual__2026-05-07T04:15:54.615310+00:00', try_number=1, dag_version_id=UUID('019e0077-b5cf-79ed-8d96-61bc141977e9'), map_index=-1, hostname='34a8182cfe86', context_carrier={'traceparent': '00-e2a2f2ed90f399ded20c8fc33750d21e-806a25bdc60ec1b3-01'}, task=<Task(BashOperator): transform_market_data>, bundle_instance=LocalDagBundle(name=dags-folder), max_tries=0, start_date=datetime.datetime(2026, 5, 7, 4, 15, 55, 441600, tzinfo=datetime.timezone.utc), end_date=None, state=<TaskInstanceState.RUNNING: 'running'>, is_mapped=False, rendered_map_index=None, sentry_integration='')","logger":"task","filename":"task_runner.py","lineno":1724}
{"timestamp":"2026-05-07T04:15:57.012826Z","level":"info","event":"Task instance in success state","logger":"task.stdout"}
{"timestamp":"2026-05-07T04:15:57.012964Z","level":"info","event":" Previous state of the Task instance: TaskInstanceState.RUNNING","logger":"task.stdout"}
{"timestamp":"2026-05-07T04:15:57.013057Z","level":"info","event":"Task operator:<Task(BashOperator): transform_market_data>","logger":"task.stdout"}
