{"timestamp":"2026-05-03T20:25:51.641537Z","level":"info","event":"DAG bundles loaded: dags-folder, example_dags","logger":"airflow.dag_processing.bundles.manager.DagBundlesManager","filename":"manager.py","lineno":209}
{"timestamp":"2026-05-03T20:25:51.642045Z","level":"info","event":"Filling up the DagBag from /opt/airflow/dags/market_data_pipeline.py","logger":"airflow.dag_processing.dagbag.BundleDagBag","filename":"dagbag.py","lineno":469}
{"timestamp":"2026-05-03T20:25:51.650752Z","level":"warning","event":"The `airflow.operators.trigger_dagrun.TriggerDagRunOperator` attribute is deprecated. Please use `'airflow.providers.standard.operators.trigger_dagrun.TriggerDagRunOperator'`.","category":"UserWarning","filename":"/opt/airflow/dags/market_data_pipeline.py","lineno":5,"logger":"py.warnings"}
{"timestamp":"2026-05-03T20:25:51.666735Z","level":"info","event":"Task instance is in running state","logger":"task.stdout"}
{"timestamp":"2026-05-03T20:25:51.666822Z","level":"info","event":" Previous state of the Task instance: TaskInstanceState.QUEUED","logger":"task.stdout"}
{"timestamp":"2026-05-03T20:25:51.666913Z","level":"info","event":"Current task name:transform_market_data","logger":"task.stdout"}
{"timestamp":"2026-05-03T20:25:51.666949Z","level":"info","event":"Dag name:market_data_transform","logger":"task.stdout"}
{"timestamp":"2026-05-03T20:25:51.667283Z","level":"info","event":"Tmp dir root location: /tmp","logger":"airflow.task.hooks.airflow.providers.standard.hooks.subprocess.SubprocessHook","filename":"subprocess.py","lineno":78}
{"timestamp":"2026-05-03T20:25:51.668180Z","level":"info","event":"Running command: ['/usr/bin/bash', '-c', 'cd /opt/dbt/dbt_databases && dbt run --profiles-dir /opt/dbt/dbt_databases']","logger":"airflow.task.hooks.airflow.providers.standard.hooks.subprocess.SubprocessHook","filename":"subprocess.py","lineno":80}
{"timestamp":"2026-05-03T20:25:51.668692Z","level":"info","event":"Output:","logger":"airflow.task.hooks.airflow.providers.standard.hooks.subprocess.SubprocessHook","filename":"subprocess.py","lineno":92}
{"timestamp":"2026-05-03T20:25:52.850391Z","level":"info","event":"\u001b[0m20:25:52  Running with dbt=1.11.8","logger":"airflow.task.hooks.airflow.providers.standard.hooks.subprocess.SubprocessHook","filename":"subprocess.py","lineno":99}
{"timestamp":"2026-05-03T20:25:53.086070Z","level":"info","event":"\u001b[0m20:25:53  Registered adapter: postgres=1.10.0","logger":"airflow.task.hooks.airflow.providers.standard.hooks.subprocess.SubprocessHook","filename":"subprocess.py","lineno":99}
{"timestamp":"2026-05-03T20:25:53.430877Z","level":"info","event":"\u001b[0m20:25:53  Found 5 models, 8 data tests, 1 source, 581 macros","logger":"airflow.task.hooks.airflow.providers.standard.hooks.subprocess.SubprocessHook","filename":"subprocess.py","lineno":99}
{"timestamp":"2026-05-03T20:25:53.432320Z","level":"info","event":"\u001b[0m20:25:53","logger":"airflow.task.hooks.airflow.providers.standard.hooks.subprocess.SubprocessHook","filename":"subprocess.py","lineno":99}
{"timestamp":"2026-05-03T20:25:53.432496Z","level":"info","event":"\u001b[0m20:25:53  Concurrency: 1 threads (target='dev')","logger":"airflow.task.hooks.airflow.providers.standard.hooks.subprocess.SubprocessHook","filename":"subprocess.py","lineno":99}
{"timestamp":"2026-05-03T20:25:53.432665Z","level":"info","event":"\u001b[0m20:25:53","logger":"airflow.task.hooks.airflow.providers.standard.hooks.subprocess.SubprocessHook","filename":"subprocess.py","lineno":99}
{"timestamp":"2026-05-03T20:25:53.506361Z","level":"info","event":"\u001b[0m20:25:53  1 of 5 START sql view model public.stg_dividend ................................ [RUN]","logger":"airflow.task.hooks.airflow.providers.standard.hooks.subprocess.SubprocessHook","filename":"subprocess.py","lineno":99}
{"timestamp":"2026-05-03T20:25:53.576322Z","level":"info","event":"\u001b[0m20:25:53  1 of 5 OK created sql view model public.stg_dividend ........................... [\u001b[32mCREATE VIEW\u001b[0m in 0.07s]","logger":"airflow.task.hooks.airflow.providers.standard.hooks.subprocess.SubprocessHook","filename":"subprocess.py","lineno":99}
{"timestamp":"2026-05-03T20:25:53.577155Z","level":"info","event":"\u001b[0m20:25:53  2 of 5 START sql view model public.test ........................................ [RUN]","logger":"airflow.task.hooks.airflow.providers.standard.hooks.subprocess.SubprocessHook","filename":"subprocess.py","lineno":99}
{"timestamp":"2026-05-03T20:25:53.601108Z","level":"info","event":"\u001b[0m20:25:53  2 of 5 OK created sql view model public.test ................................... [\u001b[32mCREATE VIEW\u001b[0m in 0.02s]","logger":"airflow.task.hooks.airflow.providers.standard.hooks.subprocess.SubprocessHook","filename":"subprocess.py","lineno":99}
{"timestamp":"2026-05-03T20:25:53.602036Z","level":"info","event":"\u001b[0m20:25:53  3 of 5 START sql incremental model public.dividend_growth_inception_delta ...... [RUN]","logger":"airflow.task.hooks.airflow.providers.standard.hooks.subprocess.SubprocessHook","filename":"subprocess.py","lineno":99}
{"timestamp":"2026-05-03T20:25:53.676690Z","level":"info","event":"\u001b[0m20:25:53  3 of 5 OK created sql incremental model public.dividend_growth_inception_delta . [\u001b[32mINSERT 0 56\u001b[0m in 0.07s]","logger":"airflow.task.hooks.airflow.providers.standard.hooks.subprocess.SubprocessHook","filename":"subprocess.py","lineno":99}
{"timestamp":"2026-05-03T20:25:53.677612Z","level":"info","event":"\u001b[0m20:25:53  4 of 5 START sql incremental model public.dividend_growth_inception_percent .... [RUN]","logger":"airflow.task.hooks.airflow.providers.standard.hooks.subprocess.SubprocessHook","filename":"subprocess.py","lineno":99}
{"timestamp":"2026-05-03T20:25:53.713337Z","level":"info","event":"\u001b[0m20:25:53  4 of 5 OK created sql incremental model public.dividend_growth_inception_percent  [\u001b[32mINSERT 0 56\u001b[0m in 0.03s]","logger":"airflow.task.hooks.airflow.providers.standard.hooks.subprocess.SubprocessHook","filename":"subprocess.py","lineno":99}
{"timestamp":"2026-05-03T20:25:53.714204Z","level":"info","event":"\u001b[0m20:25:53  5 of 5 START sql incremental model public.dividend_growth_rate ................. [RUN]","logger":"airflow.task.hooks.airflow.providers.standard.hooks.subprocess.SubprocessHook","filename":"subprocess.py","lineno":99}
{"timestamp":"2026-05-03T20:25:53.747224Z","level":"info","event":"\u001b[0m20:25:53  5 of 5 OK created sql incremental model public.dividend_growth_rate ............ [\u001b[32mINSERT 0 15\u001b[0m in 0.03s]","logger":"airflow.task.hooks.airflow.providers.standard.hooks.subprocess.SubprocessHook","filename":"subprocess.py","lineno":99}
{"timestamp":"2026-05-03T20:25:53.754751Z","level":"info","event":"\u001b[0m20:25:53","logger":"airflow.task.hooks.airflow.providers.standard.hooks.subprocess.SubprocessHook","filename":"subprocess.py","lineno":99}
{"timestamp":"2026-05-03T20:25:53.754953Z","level":"info","event":"\u001b[0m20:25:53  Finished running 3 incremental models, 2 view models in 0 hours 0 minutes and 0.32 seconds (0.32s).","logger":"airflow.task.hooks.airflow.providers.standard.hooks.subprocess.SubprocessHook","filename":"subprocess.py","lineno":99}
{"timestamp":"2026-05-03T20:25:53.781325Z","level":"info","event":"\u001b[0m20:25:53","logger":"airflow.task.hooks.airflow.providers.standard.hooks.subprocess.SubprocessHook","filename":"subprocess.py","lineno":99}
{"timestamp":"2026-05-03T20:25:53.781537Z","level":"info","event":"\u001b[0m20:25:53  \u001b[32mCompleted successfully\u001b[0m","logger":"airflow.task.hooks.airflow.providers.standard.hooks.subprocess.SubprocessHook","filename":"subprocess.py","lineno":99}
{"timestamp":"2026-05-03T20:25:53.781726Z","level":"info","event":"\u001b[0m20:25:53","logger":"airflow.task.hooks.airflow.providers.standard.hooks.subprocess.SubprocessHook","filename":"subprocess.py","lineno":99}
{"timestamp":"2026-05-03T20:25:53.781927Z","level":"info","event":"\u001b[0m20:25:53  Done. PASS=5 WARN=0 ERROR=0 SKIP=0 NO-OP=0 TOTAL=5","logger":"airflow.task.hooks.airflow.providers.standard.hooks.subprocess.SubprocessHook","filename":"subprocess.py","lineno":99}
{"timestamp":"2026-05-03T20:25:54.153069Z","level":"info","event":"Command exited with return code 0","logger":"airflow.task.hooks.airflow.providers.standard.hooks.subprocess.SubprocessHook","filename":"subprocess.py","lineno":103}
{"timestamp":"2026-05-03T20:25:54.153887Z","level":"info","event":"Pushing xcom","ti":"RuntimeTaskInstance(id=UUID('019def84-cd9a-778d-a735-5e3f41600915'), task_id='transform_market_data', dag_id='market_data_transform', run_id='manual__2026-05-03T20:25:51.243911+00:00', try_number=1, dag_version_id=UUID('019def7b-6fea-7080-b1b3-830096843533'), map_index=-1, hostname='4990c1cbd261', context_carrier={'traceparent': '00-5cc932668a3a4716ad67c00a7dea846b-90f549933e80f6f0-01'}, task=<Task(BashOperator): transform_market_data>, bundle_instance=LocalDagBundle(name=dags-folder), max_tries=0, start_date=datetime.datetime(2026, 5, 3, 20, 25, 51, 377199, tzinfo=datetime.timezone.utc), end_date=None, state=<TaskInstanceState.RUNNING: 'running'>, is_mapped=False, rendered_map_index=None, sentry_integration='')","logger":"task","filename":"task_runner.py","lineno":1724}
{"timestamp":"2026-05-03T20:25:54.177775Z","level":"info","event":"Task instance in success state","logger":"task.stdout"}
{"timestamp":"2026-05-03T20:25:54.177864Z","level":"info","event":" Previous state of the Task instance: TaskInstanceState.RUNNING","logger":"task.stdout"}
{"timestamp":"2026-05-03T20:25:54.178053Z","level":"info","event":"Task operator:<Task(BashOperator): transform_market_data>","logger":"task.stdout"}
