{"timestamp":"2026-05-09T21:34:09.773233Z","level":"info","event":"DAG bundles loaded: dags-folder, example_dags","logger":"airflow.dag_processing.bundles.manager.DagBundlesManager","filename":"manager.py","lineno":209}
{"timestamp":"2026-05-09T21:34:09.773729Z","level":"info","event":"Filling up the DagBag from /opt/airflow/dags/market_data_pipeline.py","logger":"airflow.dag_processing.dagbag.BundleDagBag","filename":"dagbag.py","lineno":469}
{"timestamp":"2026-05-09T21:34:09.780845Z","level":"warning","event":"The `airflow.operators.trigger_dagrun.TriggerDagRunOperator` attribute is deprecated. Please use `'airflow.providers.standard.operators.trigger_dagrun.TriggerDagRunOperator'`.","category":"UserWarning","filename":"/opt/airflow/dags/market_data_pipeline.py","lineno":5,"logger":"py.warnings"}
{"timestamp":"2026-05-09T21:34:09.795064Z","level":"info","event":"Task instance is in running state","logger":"task.stdout"}
{"timestamp":"2026-05-09T21:34:09.795183Z","level":"info","event":" Previous state of the Task instance: TaskInstanceState.QUEUED","logger":"task.stdout"}
{"timestamp":"2026-05-09T21:34:09.795268Z","level":"info","event":"Current task name:market_data_docs","logger":"task.stdout"}
{"timestamp":"2026-05-09T21:34:09.795315Z","level":"info","event":"Dag name:market_data_generate_docs","logger":"task.stdout"}
{"timestamp":"2026-05-09T21:34:09.795692Z","level":"info","event":"Tmp dir root location: /tmp","logger":"airflow.task.hooks.airflow.providers.standard.hooks.subprocess.SubprocessHook","filename":"subprocess.py","lineno":78}
{"timestamp":"2026-05-09T21:34:09.796546Z","level":"info","event":"Running command: ['/usr/bin/bash', '-c', 'cd /opt/dbt/dbt_databases && dbt docs generate --profiles-dir /opt/dbt/dbt_databases']","logger":"airflow.task.hooks.airflow.providers.standard.hooks.subprocess.SubprocessHook","filename":"subprocess.py","lineno":80}
{"timestamp":"2026-05-09T21:34:09.797073Z","level":"info","event":"Output:","logger":"airflow.task.hooks.airflow.providers.standard.hooks.subprocess.SubprocessHook","filename":"subprocess.py","lineno":92}
{"timestamp":"2026-05-09T21:34:10.909491Z","level":"info","event":"\u001b[0m21:34:10  Running with dbt=1.11.8","logger":"airflow.task.hooks.airflow.providers.standard.hooks.subprocess.SubprocessHook","filename":"subprocess.py","lineno":99}
{"timestamp":"2026-05-09T21:34:11.085907Z","level":"info","event":"\u001b[0m21:34:11  Registered adapter: postgres=1.10.0","logger":"airflow.task.hooks.airflow.providers.standard.hooks.subprocess.SubprocessHook","filename":"subprocess.py","lineno":99}
{"timestamp":"2026-05-09T21:34:11.360509Z","level":"info","event":"\u001b[0m21:34:11  Found 13 models, 17 data tests, 2 sources, 581 macros","logger":"airflow.task.hooks.airflow.providers.standard.hooks.subprocess.SubprocessHook","filename":"subprocess.py","lineno":99}
{"timestamp":"2026-05-09T21:34:11.362630Z","level":"info","event":"\u001b[0m21:34:11","logger":"airflow.task.hooks.airflow.providers.standard.hooks.subprocess.SubprocessHook","filename":"subprocess.py","lineno":99}
{"timestamp":"2026-05-09T21:34:11.363066Z","level":"info","event":"\u001b[0m21:34:11  Concurrency: 1 threads (target='dev')","logger":"airflow.task.hooks.airflow.providers.standard.hooks.subprocess.SubprocessHook","filename":"subprocess.py","lineno":99}
{"timestamp":"2026-05-09T21:34:11.363337Z","level":"info","event":"\u001b[0m21:34:11","logger":"airflow.task.hooks.airflow.providers.standard.hooks.subprocess.SubprocessHook","filename":"subprocess.py","lineno":99}
{"timestamp":"2026-05-09T21:34:11.666974Z","level":"info","event":"\u001b[0m21:34:11  Building catalog","logger":"airflow.task.hooks.airflow.providers.standard.hooks.subprocess.SubprocessHook","filename":"subprocess.py","lineno":99}
{"timestamp":"2026-05-09T21:34:11.737921Z","level":"info","event":"\u001b[0m21:34:11  Catalog written to /opt/dbt/dbt_databases/target/catalog.json","logger":"airflow.task.hooks.airflow.providers.standard.hooks.subprocess.SubprocessHook","filename":"subprocess.py","lineno":99}
{"timestamp":"2026-05-09T21:34:12.185138Z","level":"info","event":"Command exited with return code 0","logger":"airflow.task.hooks.airflow.providers.standard.hooks.subprocess.SubprocessHook","filename":"subprocess.py","lineno":103}
{"timestamp":"2026-05-09T21:34:12.185545Z","level":"info","event":"Pushing xcom","ti":"RuntimeTaskInstance(id=UUID('019e0ea9-7b93-79e5-94cd-dea6ed77c920'), task_id='market_data_docs', dag_id='market_data_generate_docs', run_id='manual__2026-05-09T21:34:08.695395+00:00', try_number=1, dag_version_id=UUID('019defbc-e254-75e3-a607-468ae05600d6'), map_index=-1, hostname='9dfb7304139e', context_carrier={'traceparent': '00-53f3d92af8430227fe60f763a99feec5-ec056b414c927cfc-01'}, task=<Task(BashOperator): market_data_docs>, bundle_instance=LocalDagBundle(name=dags-folder), max_tries=0, start_date=datetime.datetime(2026, 5, 9, 21, 34, 9, 534401, tzinfo=datetime.timezone.utc), end_date=None, state=<TaskInstanceState.RUNNING: 'running'>, is_mapped=False, rendered_map_index=None, sentry_integration='')","logger":"task","filename":"task_runner.py","lineno":1724}
{"timestamp":"2026-05-09T21:34:12.204746Z","level":"info","event":"Task instance in success state","logger":"task.stdout"}
{"timestamp":"2026-05-09T21:34:12.204853Z","level":"info","event":" Previous state of the Task instance: TaskInstanceState.RUNNING","logger":"task.stdout"}
{"timestamp":"2026-05-09T21:34:12.204964Z","level":"info","event":"Task operator:<Task(BashOperator): market_data_docs>","logger":"task.stdout"}
